interactions:
- request:
    body: null
    headers:
      Accept:
      - application/json;api-version=5.0
      Accept-Encoding:
      - gzip, deflate
      Connection:
      - keep-alive
      Content-Type:
      - application/json; charset=utf-8
      User-Agent:
      - python/3.12.8 (Linux-6.8.0-1017-azure-x86_64-with-glibc2.39) msrest/0.7.1
        azure-devops/5.1.0b4 devOpsCli/1.0.2
      X-TFS-FedAuthRedirect:
      - Suppress
      X-TFS-Session:
      - ad3174f2-944f-4bf0-ba38-c46df780a74e
      X-VSS-ForceMsaPassThrough:
      - 'true'
    method: GET
    uri: https://dev.azure.com/v-anvashist0376/_apis/process/processes
  response:
    body:
      string: '{"count":4,"value":[{"id":"6b724908-ef14-45cf-84f8-768b5384da45","description":"This
        template is for teams who follow the Scrum framework.","isDefault":false,"type":"system","url":"https://dev.azure.com/v-anvashist0376/_apis/process/processes/6b724908-ef14-45cf-84f8-768b5384da45","name":"Scrum"},{"id":"b8a3a935-7e91-48b8-a94c-606d37c3e9f2","description":"This
        template is flexible for any process and great for teams getting started with
        Azure DevOps.","isDefault":true,"type":"system","url":"https://dev.azure.com/v-anvashist0376/_apis/process/processes/b8a3a935-7e91-48b8-a94c-606d37c3e9f2","name":"Basic"},{"id":"adcc42ab-9882-485e-a3ed-7678f01f66bc","description":"This
        template is flexible and will work great for most teams using Agile planning
        methods, including those practicing Scrum.","isDefault":false,"type":"system","url":"https://dev.azure.com/v-anvashist0376/_apis/process/processes/adcc42ab-9882-485e-a3ed-7678f01f66bc","name":"Agile"},{"id":"27450541-8e31-4150-9947-dc59f998fc01","description":"This
        template is for more formal projects requiring a framework for process improvement
        and an auditable record of decisions.","isDefault":false,"type":"system","url":"https://dev.azure.com/v-anvashist0376/_apis/process/processes/27450541-8e31-4150-9947-dc59f998fc01","name":"CMMI"}]}'
    headers:
      access-control-expose-headers:
      - Request-Context
      activityid:
      - 3f61a74c-bc34-4d12-a9b7-5ba1e881c048
      cache-control:
      - no-cache
      content-length:
      - '1298'
      content-type:
      - application/json; charset=utf-8; api-version=5.0
      date:
      - Thu, 09 Jan 2025 12:07:50 GMT
      expires:
      - '-1'
      p3p:
      - CP="CAO DSP COR ADMa DEV CONo TELo CUR PSA PSD TAI IVDo OUR SAMi BUS DEM NAV
        STA UNI COM INT PHY ONL FIN PUR LOC CNT"
      pragma:
      - no-cache
      request-context:
      - appId=cid-v1:0f8b2d32-fdff-4d39-87b8-548fb9450eb7
      strict-transport-security:
      - max-age=31536000; includeSubDomains
      vary:
      - Accept-Encoding
      x-cache:
      - CONFIG_NOCACHE
      x-content-type-options:
      - nosniff
      x-frame-options:
      - SAMEORIGIN
      x-msedge-ref:
      - 'Ref A: 1A3E4FC982D94341ACCB2DA720B496D2 Ref B: BN3EDGE0209 Ref C: 2025-01-09T12:07:51Z'
      x-tfs-processid:
      - 54604b24-217c-446b-9e36-07c1eeb903ba
      x-tfs-session:
      - ad3174f2-944f-4bf0-ba38-c46df780a74e
      x-vss-e2eid:
      - 3f61a74c-bc34-4d12-a9b7-5ba1e881c048
      x-vss-senderdeploymentid:
      - ed30ce5c-9d0a-f73c-3580-4315c7f84d83
      x-vss-userdata:
      - 22157d54-1821-6536-a446-928b06348385:v-sbestala@microsoft.com
    status:
      code: 200
      message: OK
- request:
    body: '{"name": "WikiTests000001", "visibility": "private", "capabilities": {"versioncontrol":
      {"sourceControlType": "git"}, "processTemplate": {"templateTypeId": "b8a3a935-7e91-48b8-a94c-606d37c3e9f2"}}}'
    headers:
      Accept:
      - application/json;api-version=5.0
      Accept-Encoding:
      - gzip, deflate
      Connection:
      - keep-alive
      Content-Length:
      - '197'
      Content-Type:
      - application/json; charset=utf-8
      User-Agent:
      - python/3.12.8 (Linux-6.8.0-1017-azure-x86_64-with-glibc2.39) msrest/0.7.1
        azure-devops/5.1.0b4 devOpsCli/1.0.2
      X-TFS-FedAuthRedirect:
      - Suppress
      X-TFS-Session:
      - ad3174f2-944f-4bf0-ba38-c46df780a74e
      X-VSS-ForceMsaPassThrough:
      - 'true'
    method: POST
    uri: https://dev.azure.com/v-anvashist0376/_apis/projects
  response:
    body:
      string: '{"id":"6b81ce7b-d835-442e-8f08-7bd1d8d28370","status":"notSet","url":"https://dev.azure.com/v-anvashist0376/_apis/operations/6b81ce7b-d835-442e-8f08-7bd1d8d28370"}'
    headers:
      access-control-expose-headers:
      - Request-Context
      activityid:
      - 212bdfa4-7fa4-41ab-9115-8f3c610527b6
      cache-control:
      - no-cache
      content-length:
      - '163'
      content-type:
      - application/json; charset=utf-8; api-version=5.0
      date:
      - Thu, 09 Jan 2025 12:07:50 GMT
      expires:
      - '-1'
      p3p:
      - CP="CAO DSP COR ADMa DEV CONo TELo CUR PSA PSD TAI IVDo OUR SAMi BUS DEM NAV
        STA UNI COM INT PHY ONL FIN PUR LOC CNT"
      pragma:
      - no-cache
      request-context:
      - appId=cid-v1:0f8b2d32-fdff-4d39-87b8-548fb9450eb7
      strict-transport-security:
      - max-age=31536000; includeSubDomains
      x-cache:
      - CONFIG_NOCACHE
      x-content-type-options:
      - nosniff
      x-frame-options:
      - SAMEORIGIN
      x-msedge-ref:
      - 'Ref A: 1B86955B6F644042BF55DE1EB8F7BBB2 Ref B: BN3EDGE0510 Ref C: 2025-01-09T12:07:51Z'
      x-tfs-processid:
      - 1cd70516-eb82-4b09-bca0-d6986a2d2549
      x-tfs-session:
      - ad3174f2-944f-4bf0-ba38-c46df780a74e
      x-vss-e2eid:
      - 212bdfa4-7fa4-41ab-9115-8f3c610527b6
      x-vss-senderdeploymentid:
      - ed30ce5c-9d0a-f73c-3580-4315c7f84d83
      x-vss-userdata:
      - 22157d54-1821-6536-a446-928b06348385:v-sbestala@microsoft.com
    status:
      code: 202
      message: Accepted
- request:
    body: null
    headers:
      Accept:
      - application/json;api-version=5.0
      Accept-Encoding:
      - gzip, deflate
      Connection:
      - keep-alive
      Content-Type:
      - application/json; charset=utf-8
      User-Agent:
      - python/3.12.8 (Linux-6.8.0-1017-azure-x86_64-with-glibc2.39) msrest/0.7.1
        azure-devops/5.1.0b4 devOpsCli/1.0.2
      X-TFS-FedAuthRedirect:
      - Suppress
      X-TFS-Session:
      - ad3174f2-944f-4bf0-ba38-c46df780a74e
      X-VSS-ForceMsaPassThrough:
      - 'true'
    method: GET
    uri: https://dev.azure.com/v-anvashist0376/_apis/operations/6b81ce7b-d835-442e-8f08-7bd1d8d28370
  response:
    body:
      string: '{"id":"6b81ce7b-d835-442e-8f08-7bd1d8d28370","status":"inProgress","url":"https://dev.azure.com/v-anvashist0376/_apis/operations/6b81ce7b-d835-442e-8f08-7bd1d8d28370","_links":{"self":{"href":"https://dev.azure.com/v-anvashist0376/_apis/operations/6b81ce7b-d835-442e-8f08-7bd1d8d28370"}}}'
    headers:
      access-control-expose-headers:
      - Request-Context
      activityid:
      - 3f61a633-bc34-4d12-a9b7-5ba1e881c048
      cache-control:
      - no-cache
      content-length:
      - '288'
      content-type:
      - application/json; charset=utf-8; api-version=5.0
      date:
      - Thu, 09 Jan 2025 12:07:51 GMT
      expires:
      - '-1'
      p3p:
      - CP="CAO DSP COR ADMa DEV CONo TELo CUR PSA PSD TAI IVDo OUR SAMi BUS DEM NAV
        STA UNI COM INT PHY ONL FIN PUR LOC CNT"
      pragma:
      - no-cache
      request-context:
      - appId=cid-v1:0f8b2d32-fdff-4d39-87b8-548fb9450eb7
      strict-transport-security:
      - max-age=31536000; includeSubDomains
      vary:
      - Accept-Encoding
      x-cache:
      - CONFIG_NOCACHE
      x-content-type-options:
      - nosniff
      x-frame-options:
      - SAMEORIGIN
      x-msedge-ref:
      - 'Ref A: 6D67653B8F6F4C98BA6CF6858AB76699 Ref B: BN3EDGE0519 Ref C: 2025-01-09T12:07:51Z'
      x-tfs-processid:
      - 54604b24-217c-446b-9e36-07c1eeb903ba
      x-tfs-session:
      - ad3174f2-944f-4bf0-ba38-c46df780a74e
      x-vss-e2eid:
      - 3f61a633-bc34-4d12-a9b7-5ba1e881c048
      x-vss-senderdeploymentid:
      - ed30ce5c-9d0a-f73c-3580-4315c7f84d83
      x-vss-userdata:
      - 22157d54-1821-6536-a446-928b06348385:v-sbestala@microsoft.com
    status:
      code: 200
      message: OK
- request:
    body: null
    headers:
      Accept:
      - application/json;api-version=5.0
      Accept-Encoding:
      - gzip, deflate
      Connection:
      - keep-alive
      Content-Type:
      - application/json; charset=utf-8
      User-Agent:
      - python/3.12.8 (Linux-6.8.0-1017-azure-x86_64-with-glibc2.39) msrest/0.7.1
        azure-devops/5.1.0b4 devOpsCli/1.0.2
      X-TFS-FedAuthRedirect:
      - Suppress
      X-TFS-Session:
      - ad3174f2-944f-4bf0-ba38-c46df780a74e
      X-VSS-ForceMsaPassThrough:
      - 'true'
    method: GET
    uri: https://dev.azure.com/v-anvashist0376/_apis/operations/6b81ce7b-d835-442e-8f08-7bd1d8d28370
  response:
    body:
      string: '{"id":"6b81ce7b-d835-442e-8f08-7bd1d8d28370","status":"inProgress","url":"https://dev.azure.com/v-anvashist0376/_apis/operations/6b81ce7b-d835-442e-8f08-7bd1d8d28370","_links":{"self":{"href":"https://dev.azure.com/v-anvashist0376/_apis/operations/6b81ce7b-d835-442e-8f08-7bd1d8d28370"}}}'
    headers:
      access-control-expose-headers:
      - Request-Context
      activityid:
      - 3f61a3f6-bc34-4d12-a9b7-5ba1e881c048
      cache-control:
      - no-cache
      content-length:
      - '288'
      content-type:
      - application/json; charset=utf-8; api-version=5.0
      date:
      - Thu, 09 Jan 2025 12:07:52 GMT
      expires:
      - '-1'
      p3p:
      - CP="CAO DSP COR ADMa DEV CONo TELo CUR PSA PSD TAI IVDo OUR SAMi BUS DEM NAV
        STA UNI COM INT PHY ONL FIN PUR LOC CNT"
      pragma:
      - no-cache
      request-context:
      - appId=cid-v1:0f8b2d32-fdff-4d39-87b8-548fb9450eb7
      strict-transport-security:
      - max-age=31536000; includeSubDomains
      vary:
      - Accept-Encoding
      x-cache:
      - CONFIG_NOCACHE
      x-content-type-options:
      - nosniff
      x-frame-options:
      - SAMEORIGIN
      x-msedge-ref:
      - 'Ref A: 39A0A40B96144A7080409AF5DA843678 Ref B: BN3EDGE0519 Ref C: 2025-01-09T12:07:52Z'
      x-tfs-processid:
      - 54604b24-217c-446b-9e36-07c1eeb903ba
      x-tfs-session:
      - ad3174f2-944f-4bf0-ba38-c46df780a74e
      x-vss-e2eid:
      - 3f61a3f6-bc34-4d12-a9b7-5ba1e881c048
      x-vss-senderdeploymentid:
      - ed30ce5c-9d0a-f73c-3580-4315c7f84d83
      x-vss-userdata:
      - 22157d54-1821-6536-a446-928b06348385:v-sbestala@microsoft.com
    status:
      code: 200
      message: OK
- request:
    body: null
    headers:
      Accept:
      - application/json;api-version=5.0
      Accept-Encoding:
      - gzip, deflate
      Connection:
      - keep-alive
      Content-Type:
      - application/json; charset=utf-8
      User-Agent:
      - python/3.12.8 (Linux-6.8.0-1017-azure-x86_64-with-glibc2.39) msrest/0.7.1
        azure-devops/5.1.0b4 devOpsCli/1.0.2
      X-TFS-FedAuthRedirect:
      - Suppress
      X-TFS-Session:
      - ad3174f2-944f-4bf0-ba38-c46df780a74e
      X-VSS-ForceMsaPassThrough:
      - 'true'
    method: GET
    uri: https://dev.azure.com/v-anvashist0376/_apis/operations/6b81ce7b-d835-442e-8f08-7bd1d8d28370
  response:
    body:
      string: '{"id":"6b81ce7b-d835-442e-8f08-7bd1d8d28370","status":"succeeded","url":"https://dev.azure.com/v-anvashist0376/_apis/operations/6b81ce7b-d835-442e-8f08-7bd1d8d28370","_links":{"self":{"href":"https://dev.azure.com/v-anvashist0376/_apis/operations/6b81ce7b-d835-442e-8f08-7bd1d8d28370"}}}'
    headers:
      access-control-expose-headers:
      - Request-Context
      activityid:
      - 0da98716-f9cf-4b55-b970-38fa8c1f0be1
      cache-control:
      - no-cache
      content-length:
      - '287'
      content-type:
      - application/json; charset=utf-8; api-version=5.0
      date:
      - Thu, 09 Jan 2025 12:07:54 GMT
      expires:
      - '-1'
      p3p:
      - CP="CAO DSP COR ADMa DEV CONo TELo CUR PSA PSD TAI IVDo OUR SAMi BUS DEM NAV
        STA UNI COM INT PHY ONL FIN PUR LOC CNT"
      pragma:
      - no-cache
      request-context:
      - appId=cid-v1:0f8b2d32-fdff-4d39-87b8-548fb9450eb7
      strict-transport-security:
      - max-age=31536000; includeSubDomains
      vary:
      - Accept-Encoding
      x-cache:
      - CONFIG_NOCACHE
      x-content-type-options:
      - nosniff
      x-frame-options:
      - SAMEORIGIN
      x-msedge-ref:
      - 'Ref A: 60C95B6AF62C4D06B77F8792EBF58A4C Ref B: BN3EDGE0207 Ref C: 2025-01-09T12:07:54Z'
      x-tfs-processid:
      - 15e86e8d-57b8-4572-85f3-b9333c300edf
      x-tfs-session:
      - ad3174f2-944f-4bf0-ba38-c46df780a74e
      x-vss-e2eid:
      - 0da98716-f9cf-4b55-b970-38fa8c1f0be1
      x-vss-senderdeploymentid:
      - ed30ce5c-9d0a-f73c-3580-4315c7f84d83
      x-vss-userdata:
      - 22157d54-1821-6536-a446-928b06348385:v-sbestala@microsoft.com
    status:
      code: 200
      message: OK
- request:
    body: null
    headers:
      Accept:
      - application/json;api-version=5.0
      Accept-Encoding:
      - gzip, deflate
      Connection:
      - keep-alive
      Content-Type:
      - application/json; charset=utf-8
      User-Agent:
      - python/3.12.8 (Linux-6.8.0-1017-azure-x86_64-with-glibc2.39) msrest/0.7.1
        azure-devops/5.1.0b4 devOpsCli/1.0.2
      X-TFS-FedAuthRedirect:
      - Suppress
      X-TFS-Session:
      - ad3174f2-944f-4bf0-ba38-c46df780a74e
      X-VSS-ForceMsaPassThrough:
      - 'true'
    method: GET
    uri: https://dev.azure.com/v-anvashist0376/_apis/projects/WikiTests000001?includeCapabilities=true
  response:
    body:
      string: '{"id":"b0c80b67-9e0b-4d5d-ab7b-5bdc9d8f946e","name":"WikiTests000001","url":"https://dev.azure.com/v-anvashist0376/_apis/projects/b0c80b67-9e0b-4d5d-ab7b-5bdc9d8f946e","state":"wellFormed","capabilities":{"processTemplate":{"templateName":"Basic","templateTypeId":"b8a3a935-7e91-48b8-a94c-606d37c3e9f2"},"versioncontrol":{"sourceControlType":"Git","gitEnabled":"True","tfvcEnabled":"False"}},"revision":3959,"_links":{"self":{"href":"https://dev.azure.com/v-anvashist0376/_apis/projects/b0c80b67-9e0b-4d5d-ab7b-5bdc9d8f946e"},"collection":{"href":"https://dev.azure.com/v-anvashist0376/_apis/projectCollections/2ad38d1e-3eaf-4769-931c-3a2da67bbb01"},"web":{"href":"https://dev.azure.com/v-anvashist0376/WikiTests000001"}},"visibility":"private","defaultTeam":{"id":"8daa495c-e75d-432a-9fa0-40e73c1da9e2","name":"WikiTests000001
        Team","url":"https://dev.azure.com/v-anvashist0376/_apis/projects/b0c80b67-9e0b-4d5d-ab7b-5bdc9d8f946e/teams/8daa495c-e75d-432a-9fa0-40e73c1da9e2"},"lastUpdateTime":"2025-01-09T12:07:54.537Z"}'
    headers:
      access-control-expose-headers:
      - Request-Context
      activityid:
      - ddbc331e-9398-44c4-98df-d700ec98e222
      cache-control:
      - no-cache
      content-length:
      - '1020'
      content-type:
      - application/json; charset=utf-8; api-version=5.0
      date:
      - Thu, 09 Jan 2025 12:07:54 GMT
      expires:
      - '-1'
      p3p:
      - CP="CAO DSP COR ADMa DEV CONo TELo CUR PSA PSD TAI IVDo OUR SAMi BUS DEM NAV
        STA UNI COM INT PHY ONL FIN PUR LOC CNT"
      pragma:
      - no-cache
      request-context:
      - appId=cid-v1:0f8b2d32-fdff-4d39-87b8-548fb9450eb7
      strict-transport-security:
      - max-age=31536000; includeSubDomains
      vary:
      - Accept-Encoding
      x-cache:
      - CONFIG_NOCACHE
      x-content-type-options:
      - nosniff
      x-frame-options:
      - SAMEORIGIN
      x-msedge-ref:
      - 'Ref A: 801ABA7324464168B75D05B34AFAFBE2 Ref B: BN3EDGE0712 Ref C: 2025-01-09T12:07:54Z'
      x-tfs-processid:
      - 3901d335-29e2-486a-bcde-ee940b508064
      x-tfs-session:
      - ad3174f2-944f-4bf0-ba38-c46df780a74e
      x-vss-e2eid:
      - ddbc331e-9398-44c4-98df-d700ec98e222
      x-vss-senderdeploymentid:
      - ed30ce5c-9d0a-f73c-3580-4315c7f84d83
      x-vss-userdata:
      - 22157d54-1821-6536-a446-928b06348385:v-sbestala@microsoft.com
    status:
      code: 200
      message: OK
- request:
    body: '{"name": "WikiTests000002"}'
    headers:
      Accept:
      - application/json;api-version=5.0
      Accept-Encoding:
      - gzip, deflate
      Connection:
      - keep-alive
      Content-Length:
      - '27'
      Content-Type:
      - application/json; charset=utf-8
      User-Agent:
      - python/3.12.8 (Linux-6.8.0-1017-azure-x86_64-with-glibc2.39) msrest/0.7.1
        azure-devops/5.1.0b4 devOpsCli/1.0.2
      X-TFS-FedAuthRedirect:
      - Suppress
      X-TFS-Session:
      - ad3174f2-944f-4bf0-ba38-c46df780a74e
      X-VSS-ForceMsaPassThrough:
      - 'true'
    method: POST
    uri: https://dev.azure.com/v-anvashist0376/b0c80b67-9e0b-4d5d-ab7b-5bdc9d8f946e/_apis/git/repositories
  response:
    body:
      string: '{"id":"5af5fd63-1ca3-453e-b9d0-160b5c0a4442","name":"WikiTests000002","url":"https://dev.azure.com/v-anvashist0376/b0c80b67-9e0b-4d5d-ab7b-5bdc9d8f946e/_apis/git/repositories/5af5fd63-1ca3-453e-b9d0-160b5c0a4442","project":{"id":"b0c80b67-9e0b-4d5d-ab7b-5bdc9d8f946e","name":"WikiTests000001","url":"https://dev.azure.com/v-anvashist0376/_apis/projects/b0c80b67-9e0b-4d5d-ab7b-5bdc9d8f946e","state":"wellFormed","revision":3959,"visibility":"private","lastUpdateTime":"2025-01-09T12:07:54.537Z"},"size":0,"remoteUrl":"https://v-anvashist0376@dev.azure.com/v-anvashist0376/WikiTests000001/_git/WikiTests000002","sshUrl":"git@ssh.dev.azure.com:v3/v-anvashist0376/WikiTests000001/WikiTests000002","webUrl":"https://dev.azure.com/v-anvashist0376/WikiTests000001/_git/WikiTests000002","isDisabled":false,"isInMaintenance":false}'
    headers:
      access-control-expose-headers:
      - Request-Context
      activityid:
      - 7737b7e3-04c5-44b5-988c-fb9642700c8f
      cache-control:
      - no-cache
      content-length:
      - '823'
      content-type:
      - application/json; charset=utf-8; api-version=5.0
      date:
      - Thu, 09 Jan 2025 12:07:55 GMT
      expires:
      - '-1'
      p3p:
      - CP="CAO DSP COR ADMa DEV CONo TELo CUR PSA PSD TAI IVDo OUR SAMi BUS DEM NAV
        STA UNI COM INT PHY ONL FIN PUR LOC CNT"
      pragma:
      - no-cache
      request-context:
      - appId=cid-v1:0f8b2d32-fdff-4d39-87b8-548fb9450eb7
      strict-transport-security:
      - max-age=31536000; includeSubDomains
      x-cache:
      - CONFIG_NOCACHE
      x-content-type-options:
      - nosniff
      x-frame-options:
      - SAMEORIGIN
      x-msedge-ref:
      - 'Ref A: EBD6C8D22CED47169B82F01FBFB62F66 Ref B: BN3EDGE0205 Ref C: 2025-01-09T12:07:55Z'
      x-tfs-processid:
      - 69a73b13-8409-40ee-84dc-85191619ffbd
      x-tfs-session:
      - ad3174f2-944f-4bf0-ba38-c46df780a74e
      x-vss-e2eid:
      - 7737b7e3-04c5-44b5-988c-fb9642700c8f
      x-vss-senderdeploymentid:
      - ed30ce5c-9d0a-f73c-3580-4315c7f84d83
      x-vss-userdata:
      - 22157d54-1821-6536-a446-928b06348385:v-sbestala@microsoft.com
    status:
      code: 201
      message: Created
- request:
    body: '{"parameters": {"deleteServiceEndpointAfterImportIsDone": false, "gitSource":
      {"overwrite": false, "url": "https://github.com/hkasera/snakes-and-ladders.git"}}}'
    headers:
      Accept:
      - application/json;api-version=5.0-preview.1
      Accept-Encoding:
      - gzip, deflate
      Connection:
      - keep-alive
      Content-Length:
      - '160'
      Content-Type:
      - application/json; charset=utf-8
      User-Agent:
      - python/3.12.8 (Linux-6.8.0-1017-azure-x86_64-with-glibc2.39) msrest/0.7.1
        azure-devops/5.1.0b4 devOpsCli/1.0.2
      X-TFS-FedAuthRedirect:
      - Suppress
      X-TFS-Session:
      - ad3174f2-944f-4bf0-ba38-c46df780a74e
      X-VSS-ForceMsaPassThrough:
      - 'true'
    method: POST
    uri: https://dev.azure.com/v-anvashist0376/b0c80b67-9e0b-4d5d-ab7b-5bdc9d8f946e/_apis/git/repositories/5af5fd63-1ca3-453e-b9d0-160b5c0a4442/importRequests
  response:
    body:
      string: '{"importRequestId":162,"repository":{"id":"5af5fd63-1ca3-453e-b9d0-160b5c0a4442","name":"WikiTests000002","url":"https://dev.azure.com/v-anvashist0376/b0c80b67-9e0b-4d5d-ab7b-5bdc9d8f946e/_apis/git/repositories/5af5fd63-1ca3-453e-b9d0-160b5c0a4442","project":{"id":"b0c80b67-9e0b-4d5d-ab7b-5bdc9d8f946e","name":"WikiTests000001","url":"https://dev.azure.com/v-anvashist0376/_apis/projects/b0c80b67-9e0b-4d5d-ab7b-5bdc9d8f946e","state":"wellFormed","revision":3959,"visibility":"private","lastUpdateTime":"2025-01-09T12:07:54.537Z"},"size":0,"remoteUrl":"https://v-anvashist0376@dev.azure.com/v-anvashist0376/WikiTests000001/_git/WikiTests000002","sshUrl":"git@ssh.dev.azure.com:v3/v-anvashist0376/WikiTests000001/WikiTests000002","webUrl":"https://dev.azure.com/v-anvashist0376/WikiTests000001/_git/WikiTests000002","isDisabled":false,"isInMaintenance":false},"parameters":{"tfvcSource":null,"gitSource":{"url":"https://github.com/hkasera/snakes-and-ladders.git","overwrite":false}},"status":"queued","detailedStatus":{"currentStep":1,"allSteps":["Processing
        request","Analyzing repository objects","Storing objects","Storing index file","Updating
        references","Import completed successfully"]},"_links":{"self":{"href":"https://dev.azure.com/v-anvashist0376/b0c80b67-9e0b-4d5d-ab7b-5bdc9d8f946e/_apis/git/repositories/5af5fd63-1ca3-453e-b9d0-160b5c0a4442/importRequests/162"},"repository":{"href":"https://dev.azure.com/v-anvashist0376/b0c80b67-9e0b-4d5d-ab7b-5bdc9d8f946e/_apis/git/repositories/5af5fd63-1ca3-453e-b9d0-160b5c0a4442"}},"url":"https://dev.azure.com/v-anvashist0376/b0c80b67-9e0b-4d5d-ab7b-5bdc9d8f946e/_apis/git/repositories/5af5fd63-1ca3-453e-b9d0-160b5c0a4442/importRequests/162"}'
    headers:
      access-control-expose-headers:
      - Request-Context
      activityid:
      - 30718a6e-6cd8-4e16-8460-a9cacbc29496
      cache-control:
      - no-cache
      content-length:
      - '1698'
      content-type:
      - application/json; charset=utf-8; api-version=5.0-preview.1
      date:
      - Thu, 09 Jan 2025 12:07:55 GMT
      expires:
      - '-1'
      p3p:
      - CP="CAO DSP COR ADMa DEV CONo TELo CUR PSA PSD TAI IVDo OUR SAMi BUS DEM NAV
        STA UNI COM INT PHY ONL FIN PUR LOC CNT"
      pragma:
      - no-cache
      request-context:
      - appId=cid-v1:0f8b2d32-fdff-4d39-87b8-548fb9450eb7
      strict-transport-security:
      - max-age=31536000; includeSubDomains
      x-cache:
      - CONFIG_NOCACHE
      x-content-type-options:
      - nosniff
      x-frame-options:
      - SAMEORIGIN
      x-msedge-ref:
      - 'Ref A: 1D33A93551C84BDA9CE7E7F153776761 Ref B: BN3EDGE1018 Ref C: 2025-01-09T12:07:55Z'
      x-tfs-processid:
      - 1e34daa6-cadf-416b-9a62-59f6904d4d9c
      x-tfs-session:
      - ad3174f2-944f-4bf0-ba38-c46df780a74e
      x-vss-e2eid:
      - 30718a6e-6cd8-4e16-8460-a9cacbc29496
      x-vss-senderdeploymentid:
      - ed30ce5c-9d0a-f73c-3580-4315c7f84d83
      x-vss-userdata:
      - 22157d54-1821-6536-a446-928b06348385:v-sbestala@microsoft.com
    status:
      code: 201
      message: Created
- request:
    body: null
    headers:
      Accept:
      - application/json;api-version=5.0-preview.1
      Accept-Encoding:
      - gzip, deflate
      Connection:
      - keep-alive
      Content-Type:
      - application/json; charset=utf-8
      User-Agent:
      - python/3.12.8 (Linux-6.8.0-1017-azure-x86_64-with-glibc2.39) msrest/0.7.1
        azure-devops/5.1.0b4 devOpsCli/1.0.2
      X-TFS-FedAuthRedirect:
      - Suppress
      X-TFS-Session:
      - ad3174f2-944f-4bf0-ba38-c46df780a74e
      X-VSS-ForceMsaPassThrough:
      - 'true'
    method: GET
    uri: https://dev.azure.com/v-anvashist0376/b0c80b67-9e0b-4d5d-ab7b-5bdc9d8f946e/_apis/git/repositories/5af5fd63-1ca3-453e-b9d0-160b5c0a4442/importRequests/162
  response:
    body:
      string: '{"importRequestId":162,"repository":{"id":"5af5fd63-1ca3-453e-b9d0-160b5c0a4442","name":"WikiTests000002","url":"https://dev.azure.com/v-anvashist0376/b0c80b67-9e0b-4d5d-ab7b-5bdc9d8f946e/_apis/git/repositories/5af5fd63-1ca3-453e-b9d0-160b5c0a4442","project":{"id":"b0c80b67-9e0b-4d5d-ab7b-5bdc9d8f946e","name":"WikiTests000001","url":"https://dev.azure.com/v-anvashist0376/_apis/projects/b0c80b67-9e0b-4d5d-ab7b-5bdc9d8f946e","state":"wellFormed","revision":3959,"visibility":"private","lastUpdateTime":"2025-01-09T12:07:54.537Z"},"size":0,"remoteUrl":"https://v-anvashist0376@dev.azure.com/v-anvashist0376/WikiTests000001/_git/WikiTests000002","sshUrl":"git@ssh.dev.azure.com:v3/v-anvashist0376/WikiTests000001/WikiTests000002","webUrl":"https://dev.azure.com/v-anvashist0376/WikiTests000001/_git/WikiTests000002","isDisabled":false,"isInMaintenance":false},"parameters":{"tfvcSource":null,"gitSource":{"url":"https://github.com/hkasera/snakes-and-ladders.git","overwrite":false}},"status":"inProgress","detailedStatus":{"currentStep":1,"allSteps":["Processing
        request","Analyzing repository objects","Storing objects","Storing index file","Updating
        references","Import completed successfully"]},"_links":{"self":{"href":"https://dev.azure.com/v-anvashist0376/b0c80b67-9e0b-4d5d-ab7b-5bdc9d8f946e/_apis/git/repositories/5af5fd63-1ca3-453e-b9d0-160b5c0a4442/importRequests/162"},"repository":{"href":"https://dev.azure.com/v-anvashist0376/b0c80b67-9e0b-4d5d-ab7b-5bdc9d8f946e/_apis/git/repositories/5af5fd63-1ca3-453e-b9d0-160b5c0a4442"}},"url":"https://dev.azure.com/v-anvashist0376/b0c80b67-9e0b-4d5d-ab7b-5bdc9d8f946e/_apis/git/repositories/5af5fd63-1ca3-453e-b9d0-160b5c0a4442/importRequests/162"}'
    headers:
      access-control-expose-headers:
      - Request-Context
      activityid:
      - 212bc726-7fa4-41ab-9115-8f3c610527b6
      cache-control:
      - no-cache
      content-length:
      - '1702'
      content-type:
      - application/json; charset=utf-8; api-version=5.0-preview.1
      date:
      - Thu, 09 Jan 2025 12:07:56 GMT
      expires:
      - '-1'
      p3p:
      - CP="CAO DSP COR ADMa DEV CONo TELo CUR PSA PSD TAI IVDo OUR SAMi BUS DEM NAV
        STA UNI COM INT PHY ONL FIN PUR LOC CNT"
      pragma:
      - no-cache
      request-context:
      - appId=cid-v1:0f8b2d32-fdff-4d39-87b8-548fb9450eb7
      strict-transport-security:
      - max-age=31536000; includeSubDomains
      vary:
      - Accept-Encoding
      x-cache:
      - CONFIG_NOCACHE
      x-content-type-options:
      - nosniff
      x-frame-options:
      - SAMEORIGIN
      x-msedge-ref:
      - 'Ref A: FCF16D45640E417BBDCC97691632BAD2 Ref B: BN3EDGE0512 Ref C: 2025-01-09T12:07:56Z'
      x-tfs-processid:
      - 1cd70516-eb82-4b09-bca0-d6986a2d2549
      x-tfs-session:
      - ad3174f2-944f-4bf0-ba38-c46df780a74e
      x-vss-e2eid:
      - 212bc726-7fa4-41ab-9115-8f3c610527b6
      x-vss-senderdeploymentid:
      - ed30ce5c-9d0a-f73c-3580-4315c7f84d83
      x-vss-userdata:
      - 22157d54-1821-6536-a446-928b06348385:v-sbestala@microsoft.com
    status:
      code: 200
      message: OK
- request:
    body: null
    headers:
      Accept:
      - application/json;api-version=5.0-preview.1
      Accept-Encoding:
      - gzip, deflate
      Connection:
      - keep-alive
      Content-Type:
      - application/json; charset=utf-8
      User-Agent:
      - python/3.12.8 (Linux-6.8.0-1017-azure-x86_64-with-glibc2.39) msrest/0.7.1
        azure-devops/5.1.0b4 devOpsCli/1.0.2
      X-TFS-FedAuthRedirect:
      - Suppress
      X-TFS-Session:
      - ad3174f2-944f-4bf0-ba38-c46df780a74e
      X-VSS-ForceMsaPassThrough:
      - 'true'
    method: GET
    uri: https://dev.azure.com/v-anvashist0376/b0c80b67-9e0b-4d5d-ab7b-5bdc9d8f946e/_apis/git/repositories/5af5fd63-1ca3-453e-b9d0-160b5c0a4442/importRequests/162
  response:
    body:
      string: '{"importRequestId":162,"repository":{"id":"5af5fd63-1ca3-453e-b9d0-160b5c0a4442","name":"WikiTests000002","url":"https://dev.azure.com/v-anvashist0376/b0c80b67-9e0b-4d5d-ab7b-5bdc9d8f946e/_apis/git/repositories/5af5fd63-1ca3-453e-b9d0-160b5c0a4442","project":{"id":"b0c80b67-9e0b-4d5d-ab7b-5bdc9d8f946e","name":"WikiTests000001","url":"https://dev.azure.com/v-anvashist0376/_apis/projects/b0c80b67-9e0b-4d5d-ab7b-5bdc9d8f946e","state":"wellFormed","revision":3959,"visibility":"private","lastUpdateTime":"2025-01-09T12:07:54.537Z"},"size":365172,"remoteUrl":"https://v-anvashist0376@dev.azure.com/v-anvashist0376/WikiTests000001/_git/WikiTests000002","sshUrl":"git@ssh.dev.azure.com:v3/v-anvashist0376/WikiTests000001/WikiTests000002","webUrl":"https://dev.azure.com/v-anvashist0376/WikiTests000001/_git/WikiTests000002","isDisabled":false,"isInMaintenance":false},"parameters":{"tfvcSource":null,"gitSource":{"url":"https://github.com/hkasera/snakes-and-ladders.git","overwrite":false}},"status":"completed","detailedStatus":{"currentStep":6,"allSteps":["Processing
        request","Analyzing repository objects","Storing objects","Storing index file","Updating
        references","Import completed successfully"]},"_links":{"self":{"href":"https://dev.azure.com/v-anvashist0376/b0c80b67-9e0b-4d5d-ab7b-5bdc9d8f946e/_apis/git/repositories/5af5fd63-1ca3-453e-b9d0-160b5c0a4442/importRequests/162"},"repository":{"href":"https://dev.azure.com/v-anvashist0376/b0c80b67-9e0b-4d5d-ab7b-5bdc9d8f946e/_apis/git/repositories/5af5fd63-1ca3-453e-b9d0-160b5c0a4442"}},"url":"https://dev.azure.com/v-anvashist0376/b0c80b67-9e0b-4d5d-ab7b-5bdc9d8f946e/_apis/git/repositories/5af5fd63-1ca3-453e-b9d0-160b5c0a4442/importRequests/162"}'
    headers:
      access-control-expose-headers:
      - Request-Context
      activityid:
      - 3f61b65a-bc34-4d12-a9b7-5ba1e881c048
      cache-control:
      - no-cache
      content-length:
      - '1706'
      content-type:
      - application/json; charset=utf-8; api-version=5.0-preview.1
      date:
      - Thu, 09 Jan 2025 12:08:02 GMT
      expires:
      - '-1'
      p3p:
      - CP="CAO DSP COR ADMa DEV CONo TELo CUR PSA PSD TAI IVDo OUR SAMi BUS DEM NAV
        STA UNI COM INT PHY ONL FIN PUR LOC CNT"
      pragma:
      - no-cache
      request-context:
      - appId=cid-v1:0f8b2d32-fdff-4d39-87b8-548fb9450eb7
      strict-transport-security:
      - max-age=31536000; includeSubDomains
      vary:
      - Accept-Encoding
      x-cache:
      - CONFIG_NOCACHE
      x-content-type-options:
      - nosniff
      x-frame-options:
      - SAMEORIGIN
      x-msedge-ref:
      - 'Ref A: 90F14724853A4233AB2731F9ECCAC157 Ref B: BN3EDGE0604 Ref C: 2025-01-09T12:08:01Z'
      x-tfs-processid:
      - 54604b24-217c-446b-9e36-07c1eeb903ba
      x-tfs-session:
      - ad3174f2-944f-4bf0-ba38-c46df780a74e
      x-vss-e2eid:
      - 3f61b65a-bc34-4d12-a9b7-5ba1e881c048
      x-vss-senderdeploymentid:
      - ed30ce5c-9d0a-f73c-3580-4315c7f84d83
      x-vss-userdata:
      - 22157d54-1821-6536-a446-928b06348385:v-sbestala@microsoft.com
    status:
      code: 200
      message: OK
- request:
    body: null
    headers:
      Accept:
      - application/json;api-version=5.0
      Accept-Encoding:
      - gzip, deflate
      Connection:
      - keep-alive
      Content-Type:
      - application/json; charset=utf-8
      User-Agent:
      - python/3.12.8 (Linux-6.8.0-1017-azure-x86_64-with-glibc2.39) msrest/0.7.1
        azure-devops/5.1.0b4 devOpsCli/1.0.2
      X-TFS-FedAuthRedirect:
      - Suppress
      X-TFS-Session:
      - ad3174f2-944f-4bf0-ba38-c46df780a74e
      X-VSS-ForceMsaPassThrough:
      - 'true'
    method: GET
    uri: https://dev.azure.com/v-anvashist0376/WikiTests000001/_apis/wiki/wikis
  response:
    body:
      string: '{"value":[],"count":0}'
    headers:
      access-control-expose-headers:
      - Request-Context
      activityid:
      - ed5d6e01-fd01-4a91-9477-d298b178d430
      cache-control:
      - no-cache
      content-length:
      - '22'
      content-type:
      - application/json; charset=utf-8; api-version=5.0
      date:
      - Thu, 09 Jan 2025 12:08:01 GMT
      expires:
      - '-1'
      p3p:
      - CP="CAO DSP COR ADMa DEV CONo TELo CUR PSA PSD TAI IVDo OUR SAMi BUS DEM NAV
        STA UNI COM INT PHY ONL FIN PUR LOC CNT"
      pragma:
      - no-cache
      request-context:
      - appId=cid-v1:0f8b2d32-fdff-4d39-87b8-548fb9450eb7
      strict-transport-security:
      - max-age=31536000; includeSubDomains
      transfer-encoding:
      - chunked
      x-cache:
      - CONFIG_NOCACHE
      x-content-type-options:
      - nosniff
      x-frame-options:
      - SAMEORIGIN
      x-msedge-ref:
      - 'Ref A: 340778D3D5CF422FBF0696184009F304 Ref B: BN3EDGE0918 Ref C: 2025-01-09T12:08:02Z'
      x-tfs-processid:
      - 9236a0d7-51e7-4864-93c5-420c8f9fc6df
      x-tfs-session:
      - ad3174f2-944f-4bf0-ba38-c46df780a74e
      x-vss-e2eid:
      - ed5d6e01-fd01-4a91-9477-d298b178d430
      x-vss-senderdeploymentid:
      - ed30ce5c-9d0a-f73c-3580-4315c7f84d83
      x-vss-userdata:
      - 22157d54-1821-6536-a446-928b06348385:v-sbestala@microsoft.com
    status:
      code: 200
      message: OK
- request:
    body: null
    headers:
      Accept:
      - application/json;api-version=5.0
      Accept-Encoding:
      - gzip, deflate
      Connection:
      - keep-alive
      Content-Type:
      - application/json; charset=utf-8
      User-Agent:
      - python/3.12.8 (Linux-6.8.0-1017-azure-x86_64-with-glibc2.39) msrest/0.7.1
        azure-devops/5.1.0b4 devOpsCli/1.0.2
      X-TFS-FedAuthRedirect:
      - Suppress
      X-TFS-Session:
      - ad3174f2-944f-4bf0-ba38-c46df780a74e
      X-VSS-ForceMsaPassThrough:
      - 'true'
    method: GET
    uri: https://dev.azure.com/v-anvashist0376/_apis/projects/WikiTests000001
  response:
    body:
      string: '{"id":"b0c80b67-9e0b-4d5d-ab7b-5bdc9d8f946e","name":"WikiTests000001","url":"https://dev.azure.com/v-anvashist0376/_apis/projects/b0c80b67-9e0b-4d5d-ab7b-5bdc9d8f946e","state":"wellFormed","revision":3959,"_links":{"self":{"href":"https://dev.azure.com/v-anvashist0376/_apis/projects/b0c80b67-9e0b-4d5d-ab7b-5bdc9d8f946e"},"collection":{"href":"https://dev.azure.com/v-anvashist0376/_apis/projectCollections/2ad38d1e-3eaf-4769-931c-3a2da67bbb01"},"web":{"href":"https://dev.azure.com/v-anvashist0376/WikiTests000001"}},"visibility":"private","defaultTeam":{"id":"8daa495c-e75d-432a-9fa0-40e73c1da9e2","name":"WikiTests000001
        Team","url":"https://dev.azure.com/v-anvashist0376/_apis/projects/b0c80b67-9e0b-4d5d-ab7b-5bdc9d8f946e/teams/8daa495c-e75d-432a-9fa0-40e73c1da9e2"},"lastUpdateTime":"2025-01-09T12:07:54.537Z"}'
    headers:
      access-control-expose-headers:
      - Request-Context
      activityid:
      - 3071f0d4-6cd8-4e16-8460-a9cacbc29496
      cache-control:
      - no-cache
      content-length:
      - '817'
      content-type:
      - application/json; charset=utf-8; api-version=5.0
      date:
      - Thu, 09 Jan 2025 12:08:02 GMT
      expires:
      - '-1'
      p3p:
      - CP="CAO DSP COR ADMa DEV CONo TELo CUR PSA PSD TAI IVDo OUR SAMi BUS DEM NAV
        STA UNI COM INT PHY ONL FIN PUR LOC CNT"
      pragma:
      - no-cache
      request-context:
      - appId=cid-v1:0f8b2d32-fdff-4d39-87b8-548fb9450eb7
      strict-transport-security:
      - max-age=31536000; includeSubDomains
      vary:
      - Accept-Encoding
      x-cache:
      - CONFIG_NOCACHE
      x-content-type-options:
      - nosniff
      x-frame-options:
      - SAMEORIGIN
      x-msedge-ref:
      - 'Ref A: 0D5B9635B73B46C38605472B62E862D8 Ref B: BN3EDGE0919 Ref C: 2025-01-09T12:08:02Z'
      x-tfs-processid:
      - 1e34daa6-cadf-416b-9a62-59f6904d4d9c
      x-tfs-session:
      - ad3174f2-944f-4bf0-ba38-c46df780a74e
      x-vss-e2eid:
      - 3071f0d4-6cd8-4e16-8460-a9cacbc29496
      x-vss-senderdeploymentid:
      - ed30ce5c-9d0a-f73c-3580-4315c7f84d83
      x-vss-userdata:
      - 22157d54-1821-6536-a446-928b06348385:v-sbestala@microsoft.com
    status:
      code: 200
      message: OK
- request:
    body: '{"name": "myprojectwiki", "projectId": "b0c80b67-9e0b-4d5d-ab7b-5bdc9d8f946e",
      "type": "projectwiki"}'
    headers:
      Accept:
      - application/json;api-version=5.0
      Accept-Encoding:
      - gzip, deflate
      Connection:
      - keep-alive
      Content-Length:
      - '101'
      Content-Type:
      - application/json; charset=utf-8
      User-Agent:
      - python/3.12.8 (Linux-6.8.0-1017-azure-x86_64-with-glibc2.39) msrest/0.7.1
        azure-devops/5.1.0b4 devOpsCli/1.0.2
      X-TFS-FedAuthRedirect:
      - Suppress
      X-TFS-Session:
      - ad3174f2-944f-4bf0-ba38-c46df780a74e
      X-VSS-ForceMsaPassThrough:
      - 'true'
    method: POST
    uri: https://dev.azure.com/v-anvashist0376/WikiTests000001/_apis/wiki/wikis
  response:
    body:
      string: '{"id":"ae3dd3c2-13a4-44c3-8edf-905fa7ef34fd","versions":[{"version":"wikiMaster"}],"url":"https://dev.azure.com/v-anvashist0376/b0c80b67-9e0b-4d5d-ab7b-5bdc9d8f946e/_apis/wiki/wikis/ae3dd3c2-13a4-44c3-8edf-905fa7ef34fd","remoteUrl":"https://dev.azure.com/v-anvashist0376/b0c80b67-9e0b-4d5d-ab7b-5bdc9d8f946e/_wiki/wikis/ae3dd3c2-13a4-44c3-8edf-905fa7ef34fd","type":"projectWiki","name":"myprojectwiki","projectId":"b0c80b67-9e0b-4d5d-ab7b-5bdc9d8f946e","repositoryId":"ae3dd3c2-13a4-44c3-8edf-905fa7ef34fd","mappedPath":"/"}'
    headers:
      access-control-expose-headers:
      - Request-Context
      activityid:
      - 212bc939-7fa4-41ab-9115-8f3c610527b6
      cache-control:
      - no-cache
      content-length:
      - '524'
      content-type:
      - application/json; charset=utf-8; api-version=5.0
      date:
      - Thu, 09 Jan 2025 12:08:04 GMT
      expires:
      - '-1'
      p3p:
      - CP="CAO DSP COR ADMa DEV CONo TELo CUR PSA PSD TAI IVDo OUR SAMi BUS DEM NAV
        STA UNI COM INT PHY ONL FIN PUR LOC CNT"
      pragma:
      - no-cache
      request-context:
      - appId=cid-v1:0f8b2d32-fdff-4d39-87b8-548fb9450eb7
      strict-transport-security:
      - max-age=31536000; includeSubDomains
      x-cache:
      - CONFIG_NOCACHE
      x-content-type-options:
      - nosniff
      x-frame-options:
      - SAMEORIGIN
      x-msedge-ref:
      - 'Ref A: 2E12CB407D87411FBB14A8D703022D12 Ref B: BN3EDGE0614 Ref C: 2025-01-09T12:08:03Z'
      x-tfs-processid:
      - 1cd70516-eb82-4b09-bca0-d6986a2d2549
      x-tfs-session:
      - ad3174f2-944f-4bf0-ba38-c46df780a74e
      x-vss-e2eid:
      - 212bc939-7fa4-41ab-9115-8f3c610527b6
      x-vss-senderdeploymentid:
      - ed30ce5c-9d0a-f73c-3580-4315c7f84d83
      x-vss-userdata:
      - 22157d54-1821-6536-a446-928b06348385:v-sbestala@microsoft.com
    status:
      code: 201
      message: Created
- request:
    body: null
    headers:
      Accept:
      - application/json;api-version=5.0
      Accept-Encoding:
      - gzip, deflate
      Connection:
      - keep-alive
      Content-Type:
      - application/json; charset=utf-8
      User-Agent:
      - python/3.12.8 (Linux-6.8.0-1017-azure-x86_64-with-glibc2.39) msrest/0.7.1
        azure-devops/5.1.0b4 devOpsCli/1.0.2
      X-TFS-FedAuthRedirect:
      - Suppress
      X-TFS-Session:
      - ad3174f2-944f-4bf0-ba38-c46df780a74e
      X-VSS-ForceMsaPassThrough:
      - 'true'
    method: GET
    uri: https://dev.azure.com/v-anvashist0376/WikiTests000001/_apis/wiki/wikis
  response:
    body:
      string: '{"value":[{"id":"ae3dd3c2-13a4-44c3-8edf-905fa7ef34fd","versions":[{"version":"wikiMaster"}],"url":"https://dev.azure.com/v-anvashist0376/b0c80b67-9e0b-4d5d-ab7b-5bdc9d8f946e/_apis/wiki/wikis/ae3dd3c2-13a4-44c3-8edf-905fa7ef34fd","remoteUrl":"https://dev.azure.com/v-anvashist0376/b0c80b67-9e0b-4d5d-ab7b-5bdc9d8f946e/_wiki/wikis/ae3dd3c2-13a4-44c3-8edf-905fa7ef34fd","type":"projectWiki","name":"myprojectwiki","projectId":"b0c80b67-9e0b-4d5d-ab7b-5bdc9d8f946e","repositoryId":"ae3dd3c2-13a4-44c3-8edf-905fa7ef34fd","mappedPath":"/"}],"count":1}'
    headers:
      access-control-expose-headers:
      - Request-Context
      activityid:
      - 3071fea2-6cd8-4e16-8460-a9cacbc29496
      cache-control:
      - no-cache
      content-length:
      - '546'
      content-type:
      - application/json; charset=utf-8; api-version=5.0
      date:
      - Thu, 09 Jan 2025 12:08:04 GMT
      expires:
      - '-1'
      p3p:
      - CP="CAO DSP COR ADMa DEV CONo TELo CUR PSA PSD TAI IVDo OUR SAMi BUS DEM NAV
        STA UNI COM INT PHY ONL FIN PUR LOC CNT"
      pragma:
      - no-cache
      request-context:
      - appId=cid-v1:0f8b2d32-fdff-4d39-87b8-548fb9450eb7
      strict-transport-security:
      - max-age=31536000; includeSubDomains
      transfer-encoding:
      - chunked
      x-cache:
      - CONFIG_NOCACHE
      x-content-type-options:
      - nosniff
      x-frame-options:
      - SAMEORIGIN
      x-msedge-ref:
      - 'Ref A: 3F6B45EC37AC4978B027C39E7F07AFEA Ref B: BN3EDGE1122 Ref C: 2025-01-09T12:08:04Z'
      x-tfs-processid:
      - 1e34daa6-cadf-416b-9a62-59f6904d4d9c
      x-tfs-session:
      - ad3174f2-944f-4bf0-ba38-c46df780a74e
      x-vss-e2eid:
      - 3071fea2-6cd8-4e16-8460-a9cacbc29496
      x-vss-senderdeploymentid:
      - ed30ce5c-9d0a-f73c-3580-4315c7f84d83
      x-vss-userdata:
      - 22157d54-1821-6536-a446-928b06348385:v-sbestala@microsoft.com
    status:
      code: 200
      message: OK
- request:
    body: null
    headers:
      Accept:
      - application/json;api-version=5.0
      Accept-Encoding:
      - gzip, deflate
      Connection:
      - keep-alive
      Content-Type:
      - application/json; charset=utf-8
      User-Agent:
      - python/3.12.8 (Linux-6.8.0-1017-azure-x86_64-with-glibc2.39) msrest/0.7.1
        azure-devops/5.1.0b4 devOpsCli/1.0.2
      X-TFS-FedAuthRedirect:
      - Suppress
      X-TFS-Session:
      - ad3174f2-944f-4bf0-ba38-c46df780a74e
      X-VSS-ForceMsaPassThrough:
      - 'true'
    method: GET
    uri: https://dev.azure.com/v-anvashist0376/WikiTests000001/_apis/git/repositories/WikiTests000002
  response:
    body:
      string: '{"id":"5af5fd63-1ca3-453e-b9d0-160b5c0a4442","name":"WikiTests000002","url":"https://dev.azure.com/v-anvashist0376/b0c80b67-9e0b-4d5d-ab7b-5bdc9d8f946e/_apis/git/repositories/5af5fd63-1ca3-453e-b9d0-160b5c0a4442","project":{"id":"b0c80b67-9e0b-4d5d-ab7b-5bdc9d8f946e","name":"WikiTests000001","url":"https://dev.azure.com/v-anvashist0376/_apis/projects/b0c80b67-9e0b-4d5d-ab7b-5bdc9d8f946e","state":"wellFormed","revision":3960,"visibility":"private","lastUpdateTime":"2025-01-09T12:08:03.887Z"},"defaultBranch":"refs/heads/master","size":365172,"remoteUrl":"https://v-anvashist0376@dev.azure.com/v-anvashist0376/WikiTests000001/_git/WikiTests000002","sshUrl":"git@ssh.dev.azure.com:v3/v-anvashist0376/WikiTests000001/WikiTests000002","webUrl":"https://dev.azure.com/v-anvashist0376/WikiTests000001/_git/WikiTests000002","_links":{"self":{"href":"https://dev.azure.com/v-anvashist0376/b0c80b67-9e0b-4d5d-ab7b-5bdc9d8f946e/_apis/git/repositories/5af5fd63-1ca3-453e-b9d0-160b5c0a4442"},"project":{"href":"vstfs:///Classification/TeamProject/b0c80b67-9e0b-4d5d-ab7b-5bdc9d8f946e"},"web":{"href":"https://dev.azure.com/v-anvashist0376/WikiTests000001/_git/WikiTests000002"},"ssh":{"href":"git@ssh.dev.azure.com:v3/v-anvashist0376/WikiTests000001/WikiTests000002"},"commits":{"href":"https://dev.azure.com/v-anvashist0376/b0c80b67-9e0b-4d5d-ab7b-5bdc9d8f946e/_apis/git/repositories/5af5fd63-1ca3-453e-b9d0-160b5c0a4442/commits"},"refs":{"href":"https://dev.azure.com/v-anvashist0376/b0c80b67-9e0b-4d5d-ab7b-5bdc9d8f946e/_apis/git/repositories/5af5fd63-1ca3-453e-b9d0-160b5c0a4442/refs"},"pullRequests":{"href":"https://dev.azure.com/v-anvashist0376/b0c80b67-9e0b-4d5d-ab7b-5bdc9d8f946e/_apis/git/repositories/5af5fd63-1ca3-453e-b9d0-160b5c0a4442/pullRequests"},"items":{"href":"https://dev.azure.com/v-anvashist0376/b0c80b67-9e0b-4d5d-ab7b-5bdc9d8f946e/_apis/git/repositories/5af5fd63-1ca3-453e-b9d0-160b5c0a4442/items"},"pushes":{"href":"https://dev.azure.com/v-anvashist0376/b0c80b67-9e0b-4d5d-ab7b-5bdc9d8f946e/_apis/git/repositories/5af5fd63-1ca3-453e-b9d0-160b5c0a4442/pushes"}},"isDisabled":false,"isInMaintenance":false}'
    headers:
      access-control-expose-headers:
      - Request-Context
      activityid:
      - ed5d6a18-fd01-4a91-9477-d298b178d430
      cache-control:
      - no-cache
      content-length:
      - '2122'
      content-type:
      - application/json; charset=utf-8; api-version=5.0
      date:
      - Thu, 09 Jan 2025 12:08:04 GMT
      expires:
      - '-1'
      p3p:
      - CP="CAO DSP COR ADMa DEV CONo TELo CUR PSA PSD TAI IVDo OUR SAMi BUS DEM NAV
        STA UNI COM INT PHY ONL FIN PUR LOC CNT"
      pragma:
      - no-cache
      request-context:
      - appId=cid-v1:0f8b2d32-fdff-4d39-87b8-548fb9450eb7
      strict-transport-security:
      - max-age=31536000; includeSubDomains
      vary:
      - Accept-Encoding
      x-cache:
      - CONFIG_NOCACHE
      x-content-type-options:
      - nosniff
      x-frame-options:
      - SAMEORIGIN
      x-msedge-ref:
      - 'Ref A: 859197136E0E4CCB930EEF04E3535727 Ref B: BN3EDGE0211 Ref C: 2025-01-09T12:08:04Z'
      x-tfs-processid:
      - 9236a0d7-51e7-4864-93c5-420c8f9fc6df
      x-tfs-session:
      - ad3174f2-944f-4bf0-ba38-c46df780a74e
      x-vss-e2eid:
      - ed5d6a18-fd01-4a91-9477-d298b178d430
      x-vss-senderdeploymentid:
      - ed30ce5c-9d0a-f73c-3580-4315c7f84d83
      x-vss-userdata:
      - 22157d54-1821-6536-a446-928b06348385:v-sbestala@microsoft.com
    status:
      code: 200
      message: OK
- request:
    body: null
    headers:
      Accept:
      - application/json;api-version=5.0
      Accept-Encoding:
      - gzip, deflate
      Connection:
      - keep-alive
      Content-Type:
      - application/json; charset=utf-8
      User-Agent:
      - python/3.12.8 (Linux-6.8.0-1017-azure-x86_64-with-glibc2.39) msrest/0.7.1
        azure-devops/5.1.0b4 devOpsCli/1.0.2
      X-TFS-FedAuthRedirect:
      - Suppress
      X-TFS-Session:
      - ad3174f2-944f-4bf0-ba38-c46df780a74e
      X-VSS-ForceMsaPassThrough:
      - 'true'
    method: GET
    uri: https://dev.azure.com/v-anvashist0376/_apis/projects/WikiTests000001
  response:
    body:
      string: '{"id":"b0c80b67-9e0b-4d5d-ab7b-5bdc9d8f946e","name":"WikiTests000001","url":"https://dev.azure.com/v-anvashist0376/_apis/projects/b0c80b67-9e0b-4d5d-ab7b-5bdc9d8f946e","state":"wellFormed","revision":3960,"_links":{"self":{"href":"https://dev.azure.com/v-anvashist0376/_apis/projects/b0c80b67-9e0b-4d5d-ab7b-5bdc9d8f946e"},"collection":{"href":"https://dev.azure.com/v-anvashist0376/_apis/projectCollections/2ad38d1e-3eaf-4769-931c-3a2da67bbb01"},"web":{"href":"https://dev.azure.com/v-anvashist0376/WikiTests000001"}},"visibility":"private","defaultTeam":{"id":"8daa495c-e75d-432a-9fa0-40e73c1da9e2","name":"WikiTests000001
        Team","url":"https://dev.azure.com/v-anvashist0376/_apis/projects/b0c80b67-9e0b-4d5d-ab7b-5bdc9d8f946e/teams/8daa495c-e75d-432a-9fa0-40e73c1da9e2"},"lastUpdateTime":"2025-01-09T12:08:03.887Z"}'
    headers:
      access-control-expose-headers:
      - Request-Context
      activityid:
      - ed5d6a82-fd01-4a91-9477-d298b178d430
      cache-control:
      - no-cache
      content-length:
      - '817'
      content-type:
      - application/json; charset=utf-8; api-version=5.0
      date:
      - Thu, 09 Jan 2025 12:08:04 GMT
      expires:
      - '-1'
      p3p:
      - CP="CAO DSP COR ADMa DEV CONo TELo CUR PSA PSD TAI IVDo OUR SAMi BUS DEM NAV
        STA UNI COM INT PHY ONL FIN PUR LOC CNT"
      pragma:
      - no-cache
      request-context:
      - appId=cid-v1:0f8b2d32-fdff-4d39-87b8-548fb9450eb7
      strict-transport-security:
      - max-age=31536000; includeSubDomains
      vary:
      - Accept-Encoding
      x-cache:
      - CONFIG_NOCACHE
      x-content-type-options:
      - nosniff
      x-frame-options:
      - SAMEORIGIN
      x-msedge-ref:
      - 'Ref A: 75B5A55D22CE444B9191641BDF83CB10 Ref B: BN3EDGE0218 Ref C: 2025-01-09T12:08:05Z'
      x-tfs-processid:
      - 9236a0d7-51e7-4864-93c5-420c8f9fc6df
      x-tfs-session:
      - ad3174f2-944f-4bf0-ba38-c46df780a74e
      x-vss-e2eid:
      - ed5d6a82-fd01-4a91-9477-d298b178d430
      x-vss-senderdeploymentid:
      - ed30ce5c-9d0a-f73c-3580-4315c7f84d83
      x-vss-userdata:
      - 22157d54-1821-6536-a446-928b06348385:v-sbestala@microsoft.com
    status:
      code: 200
      message: OK
- request:
    body: '{"mappedPath": "/", "name": "mycodewiki", "projectId": "b0c80b67-9e0b-4d5d-ab7b-5bdc9d8f946e",
      "repositoryId": "5af5fd63-1ca3-453e-b9d0-160b5c0a4442", "type": "codewiki",
      "version": {"version": "master"}}'
    headers:
      Accept:
      - application/json;api-version=5.0
      Accept-Encoding:
      - gzip, deflate
      Connection:
      - keep-alive
      Content-Length:
      - '204'
      Content-Type:
      - application/json; charset=utf-8
      User-Agent:
      - python/3.12.8 (Linux-6.8.0-1017-azure-x86_64-with-glibc2.39) msrest/0.7.1
        azure-devops/5.1.0b4 devOpsCli/1.0.2
      X-TFS-FedAuthRedirect:
      - Suppress
      X-TFS-Session:
      - ad3174f2-944f-4bf0-ba38-c46df780a74e
      X-VSS-ForceMsaPassThrough:
      - 'true'
    method: POST
    uri: https://dev.azure.com/v-anvashist0376/WikiTests000001/_apis/wiki/wikis
  response:
    body:
      string: '{"id":"3a235f2f-3306-4519-b9a8-2bbae58ef2d6","versions":[{"version":"master"}],"url":"https://dev.azure.com/v-anvashist0376/b0c80b67-9e0b-4d5d-ab7b-5bdc9d8f946e/_apis/wiki/wikis/3a235f2f-3306-4519-b9a8-2bbae58ef2d6","remoteUrl":"https://dev.azure.com/v-anvashist0376/b0c80b67-9e0b-4d5d-ab7b-5bdc9d8f946e/_wiki/wikis/3a235f2f-3306-4519-b9a8-2bbae58ef2d6","type":"codeWiki","name":"mycodewiki","projectId":"b0c80b67-9e0b-4d5d-ab7b-5bdc9d8f946e","repositoryId":"5af5fd63-1ca3-453e-b9d0-160b5c0a4442","mappedPath":"/"}'
    headers:
      access-control-expose-headers:
      - Request-Context
      activityid:
      - 3f61bd4e-bc34-4d12-a9b7-5ba1e881c048
      cache-control:
      - no-cache
      content-length:
      - '514'
      content-type:
      - application/json; charset=utf-8; api-version=5.0
      date:
      - Thu, 09 Jan 2025 12:08:05 GMT
      expires:
      - '-1'
      p3p:
      - CP="CAO DSP COR ADMa DEV CONo TELo CUR PSA PSD TAI IVDo OUR SAMi BUS DEM NAV
        STA UNI COM INT PHY ONL FIN PUR LOC CNT"
      pragma:
      - no-cache
      request-context:
      - appId=cid-v1:0f8b2d32-fdff-4d39-87b8-548fb9450eb7
      strict-transport-security:
      - max-age=31536000; includeSubDomains
      x-cache:
      - CONFIG_NOCACHE
      x-content-type-options:
      - nosniff
      x-frame-options:
      - SAMEORIGIN
      x-msedge-ref:
      - 'Ref A: 604170BB9D2C43BCA025519F1151BD6D Ref B: BN3EDGE0519 Ref C: 2025-01-09T12:08:05Z'
      x-tfs-processid:
      - 54604b24-217c-446b-9e36-07c1eeb903ba
      x-tfs-session:
      - ad3174f2-944f-4bf0-ba38-c46df780a74e
      x-vss-e2eid:
      - 3f61bd4e-bc34-4d12-a9b7-5ba1e881c048
      x-vss-senderdeploymentid:
      - ed30ce5c-9d0a-f73c-3580-4315c7f84d83
      x-vss-userdata:
      - 22157d54-1821-6536-a446-928b06348385:v-sbestala@microsoft.com
    status:
      code: 201
      message: Created
- request:
    body: null
    headers:
      Accept:
      - application/json;api-version=5.0
      Accept-Encoding:
      - gzip, deflate
      Connection:
      - keep-alive
      Content-Type:
      - application/json; charset=utf-8
      User-Agent:
      - python/3.12.8 (Linux-6.8.0-1017-azure-x86_64-with-glibc2.39) msrest/0.7.1
        azure-devops/5.1.0b4 devOpsCli/1.0.2
      X-TFS-FedAuthRedirect:
      - Suppress
      X-TFS-Session:
      - ad3174f2-944f-4bf0-ba38-c46df780a74e
      X-VSS-ForceMsaPassThrough:
      - 'true'
    method: GET
    uri: https://dev.azure.com/v-anvashist0376/WikiTests000001/_apis/wiki/wikis
  response:
    body:
      string: '{"value":[{"id":"ae3dd3c2-13a4-44c3-8edf-905fa7ef34fd","versions":[{"version":"wikiMaster"}],"url":"https://dev.azure.com/v-anvashist0376/b0c80b67-9e0b-4d5d-ab7b-5bdc9d8f946e/_apis/wiki/wikis/ae3dd3c2-13a4-44c3-8edf-905fa7ef34fd","remoteUrl":"https://dev.azure.com/v-anvashist0376/b0c80b67-9e0b-4d5d-ab7b-5bdc9d8f946e/_wiki/wikis/ae3dd3c2-13a4-44c3-8edf-905fa7ef34fd","type":"projectWiki","name":"myprojectwiki","projectId":"b0c80b67-9e0b-4d5d-ab7b-5bdc9d8f946e","repositoryId":"ae3dd3c2-13a4-44c3-8edf-905fa7ef34fd","mappedPath":"/"},{"id":"3a235f2f-3306-4519-b9a8-2bbae58ef2d6","versions":[{"version":"master"}],"url":"https://dev.azure.com/v-anvashist0376/b0c80b67-9e0b-4d5d-ab7b-5bdc9d8f946e/_apis/wiki/wikis/3a235f2f-3306-4519-b9a8-2bbae58ef2d6","remoteUrl":"https://dev.azure.com/v-anvashist0376/b0c80b67-9e0b-4d5d-ab7b-5bdc9d8f946e/_wiki/wikis/3a235f2f-3306-4519-b9a8-2bbae58ef2d6","type":"codeWiki","name":"mycodewiki","projectId":"b0c80b67-9e0b-4d5d-ab7b-5bdc9d8f946e","repositoryId":"5af5fd63-1ca3-453e-b9d0-160b5c0a4442","mappedPath":"/"}],"count":2}'
    headers:
      access-control-expose-headers:
      - Request-Context
      activityid:
      - 7737a75f-04c5-44b5-988c-fb9642700c8f
      cache-control:
      - no-cache
      content-length:
      - '1061'
      content-type:
      - application/json; charset=utf-8; api-version=5.0
      date:
      - Thu, 09 Jan 2025 12:08:06 GMT
      expires:
      - '-1'
      p3p:
      - CP="CAO DSP COR ADMa DEV CONo TELo CUR PSA PSD TAI IVDo OUR SAMi BUS DEM NAV
        STA UNI COM INT PHY ONL FIN PUR LOC CNT"
      pragma:
      - no-cache
      request-context:
      - appId=cid-v1:0f8b2d32-fdff-4d39-87b8-548fb9450eb7
      strict-transport-security:
      - max-age=31536000; includeSubDomains
      transfer-encoding:
      - chunked
      x-cache:
      - CONFIG_NOCACHE
      x-content-type-options:
      - nosniff
      x-frame-options:
      - SAMEORIGIN
      x-msedge-ref:
      - 'Ref A: 598AA24304084AAD96D24EE8C2FE01D6 Ref B: BN3EDGE0217 Ref C: 2025-01-09T12:08:06Z'
      x-tfs-processid:
      - 69a73b13-8409-40ee-84dc-85191619ffbd
      x-tfs-session:
      - ad3174f2-944f-4bf0-ba38-c46df780a74e
      x-vss-e2eid:
      - 7737a75f-04c5-44b5-988c-fb9642700c8f
      x-vss-senderdeploymentid:
      - ed30ce5c-9d0a-f73c-3580-4315c7f84d83
      x-vss-userdata:
      - 22157d54-1821-6536-a446-928b06348385:v-sbestala@microsoft.com
    status:
      code: 200
      message: OK
- request:
    body: null
    headers:
      Accept:
      - application/json;api-version=5.0
      Accept-Encoding:
      - gzip, deflate
      Connection:
      - keep-alive
      Content-Length:
      - '0'
      Content-Type:
      - application/json; charset=utf-8
      User-Agent:
      - python/3.12.8 (Linux-6.8.0-1017-azure-x86_64-with-glibc2.39) msrest/0.7.1
        azure-devops/5.1.0b4 devOpsCli/1.0.2
      X-TFS-FedAuthRedirect:
      - Suppress
      X-TFS-Session:
      - ad3174f2-944f-4bf0-ba38-c46df780a74e
      X-VSS-ForceMsaPassThrough:
      - 'true'
    method: DELETE
    uri: https://dev.azure.com/v-anvashist0376/WikiTests000001/_apis/wiki/wikis/3a235f2f-3306-4519-b9a8-2bbae58ef2d6
  response:
    body:
      string: '{"id":"3a235f2f-3306-4519-b9a8-2bbae58ef2d6","versions":[{"version":"master"}],"url":"https://dev.azure.com/v-anvashist0376/b0c80b67-9e0b-4d5d-ab7b-5bdc9d8f946e/_apis/wiki/wikis/3a235f2f-3306-4519-b9a8-2bbae58ef2d6","remoteUrl":"https://dev.azure.com/v-anvashist0376/b0c80b67-9e0b-4d5d-ab7b-5bdc9d8f946e/_wiki/wikis/3a235f2f-3306-4519-b9a8-2bbae58ef2d6","type":"codeWiki","name":"mycodewiki","projectId":"b0c80b67-9e0b-4d5d-ab7b-5bdc9d8f946e","repositoryId":"5af5fd63-1ca3-453e-b9d0-160b5c0a4442","mappedPath":"/"}'
    headers:
      access-control-expose-headers:
      - Request-Context
      activityid:
      - 502b492b-ec50-4c3a-98d3-66175d6e0767
      cache-control:
      - no-cache
      content-length:
      - '514'
      content-type:
      - application/json; charset=utf-8; api-version=5.0
      date:
      - Thu, 09 Jan 2025 12:08:06 GMT
      expires:
      - '-1'
      p3p:
      - CP="CAO DSP COR ADMa DEV CONo TELo CUR PSA PSD TAI IVDo OUR SAMi BUS DEM NAV
        STA UNI COM INT PHY ONL FIN PUR LOC CNT"
      pragma:
      - no-cache
      request-context:
      - appId=cid-v1:0f8b2d32-fdff-4d39-87b8-548fb9450eb7
      strict-transport-security:
      - max-age=31536000; includeSubDomains
      vary:
      - Accept-Encoding
      x-cache:
      - CONFIG_NOCACHE
      x-content-type-options:
      - nosniff
      x-frame-options:
      - SAMEORIGIN
      x-msedge-ref:
      - 'Ref A: 9D7F84AF6CAE4A229D8575742B9593C8 Ref B: BN3EDGE0621 Ref C: 2025-01-09T12:08:06Z'
      x-tfs-processid:
      - 88a65841-a8fd-4b0f-a108-9ea69243960e
      x-tfs-session:
      - ad3174f2-944f-4bf0-ba38-c46df780a74e
      x-vss-e2eid:
      - 502b492b-ec50-4c3a-98d3-66175d6e0767
      x-vss-senderdeploymentid:
      - ed30ce5c-9d0a-f73c-3580-4315c7f84d83
      x-vss-userdata:
      - 22157d54-1821-6536-a446-928b06348385:v-sbestala@microsoft.com
    status:
      code: 200
      message: OK
- request:
    body: null
    headers:
      Accept:
      - application/json;api-version=5.0
      Accept-Encoding:
      - gzip, deflate
      Connection:
      - keep-alive
      Content-Type:
      - application/json; charset=utf-8
      User-Agent:
      - python/3.12.8 (Linux-6.8.0-1017-azure-x86_64-with-glibc2.39) msrest/0.7.1
        azure-devops/5.1.0b4 devOpsCli/1.0.2
      X-TFS-FedAuthRedirect:
      - Suppress
      X-TFS-Session:
      - ad3174f2-944f-4bf0-ba38-c46df780a74e
      X-VSS-ForceMsaPassThrough:
      - 'true'
    method: GET
    uri: https://dev.azure.com/v-anvashist0376/WikiTests000001/_apis/wiki/wikis
  response:
    body:
      string: '{"value":[{"id":"ae3dd3c2-13a4-44c3-8edf-905fa7ef34fd","versions":[{"version":"wikiMaster"}],"url":"https://dev.azure.com/v-anvashist0376/b0c80b67-9e0b-4d5d-ab7b-5bdc9d8f946e/_apis/wiki/wikis/ae3dd3c2-13a4-44c3-8edf-905fa7ef34fd","remoteUrl":"https://dev.azure.com/v-anvashist0376/b0c80b67-9e0b-4d5d-ab7b-5bdc9d8f946e/_wiki/wikis/ae3dd3c2-13a4-44c3-8edf-905fa7ef34fd","type":"projectWiki","name":"myprojectwiki","projectId":"b0c80b67-9e0b-4d5d-ab7b-5bdc9d8f946e","repositoryId":"ae3dd3c2-13a4-44c3-8edf-905fa7ef34fd","mappedPath":"/"}],"count":1}'
    headers:
      access-control-expose-headers:
      - Request-Context
      activityid:
      - ddbfc095-9398-44c4-98df-d700ec98e222
      cache-control:
      - no-cache
      content-length:
      - '546'
      content-type:
      - application/json; charset=utf-8; api-version=5.0
      date:
      - Thu, 09 Jan 2025 12:08:06 GMT
      expires:
      - '-1'
      p3p:
      - CP="CAO DSP COR ADMa DEV CONo TELo CUR PSA PSD TAI IVDo OUR SAMi BUS DEM NAV
        STA UNI COM INT PHY ONL FIN PUR LOC CNT"
      pragma:
      - no-cache
      request-context:
      - appId=cid-v1:0f8b2d32-fdff-4d39-87b8-548fb9450eb7
      strict-transport-security:
      - max-age=31536000; includeSubDomains
      transfer-encoding:
      - chunked
      x-cache:
      - CONFIG_NOCACHE
      x-content-type-options:
      - nosniff
      x-frame-options:
      - SAMEORIGIN
      x-msedge-ref:
      - 'Ref A: C7BDCD9FE6F14714A52717F92328230A Ref B: BN3EDGE0414 Ref C: 2025-01-09T12:08:06Z'
      x-tfs-processid:
      - 3901d335-29e2-486a-bcde-ee940b508064
      x-tfs-session:
      - ad3174f2-944f-4bf0-ba38-c46df780a74e
      x-vss-e2eid:
      - ddbfc095-9398-44c4-98df-d700ec98e222
      x-vss-senderdeploymentid:
      - ed30ce5c-9d0a-f73c-3580-4315c7f84d83
      x-vss-userdata:
      - 22157d54-1821-6536-a446-928b06348385:v-sbestala@microsoft.com
    status:
      code: 200
      message: OK
- request:
    body: null
    headers:
      Accept:
      - application/json;api-version=5.0
      Accept-Encoding:
      - gzip, deflate
      Connection:
      - keep-alive
      Content-Type:
      - application/json; charset=utf-8
      User-Agent:
      - python/3.12.8 (Linux-6.8.0-1017-azure-x86_64-with-glibc2.39) msrest/0.7.1
        azure-devops/5.1.0b4 devOpsCli/1.0.2
      X-TFS-FedAuthRedirect:
      - Suppress
      X-TFS-Session:
      - ad3174f2-944f-4bf0-ba38-c46df780a74e
      X-VSS-ForceMsaPassThrough:
      - 'true'
    method: GET
    uri: https://dev.azure.com/v-anvashist0376/WikiTests000001/_apis/wiki/wikis/myprojectwiki
  response:
    body:
      string: '{"id":"ae3dd3c2-13a4-44c3-8edf-905fa7ef34fd","versions":[{"version":"wikiMaster"}],"url":"https://dev.azure.com/v-anvashist0376/b0c80b67-9e0b-4d5d-ab7b-5bdc9d8f946e/_apis/wiki/wikis/ae3dd3c2-13a4-44c3-8edf-905fa7ef34fd","remoteUrl":"https://dev.azure.com/v-anvashist0376/b0c80b67-9e0b-4d5d-ab7b-5bdc9d8f946e/_wiki/wikis/ae3dd3c2-13a4-44c3-8edf-905fa7ef34fd","type":"projectWiki","name":"myprojectwiki","projectId":"b0c80b67-9e0b-4d5d-ab7b-5bdc9d8f946e","repositoryId":"ae3dd3c2-13a4-44c3-8edf-905fa7ef34fd","mappedPath":"/"}'
    headers:
      access-control-expose-headers:
      - Request-Context
      activityid:
      - 77375835-04c5-44b5-988c-fb9642700c8f
      cache-control:
      - no-cache
      content-length:
      - '524'
      content-type:
      - application/json; charset=utf-8; api-version=5.0
      date:
      - Thu, 09 Jan 2025 12:08:08 GMT
      expires:
      - '-1'
      p3p:
      - CP="CAO DSP COR ADMa DEV CONo TELo CUR PSA PSD TAI IVDo OUR SAMi BUS DEM NAV
        STA UNI COM INT PHY ONL FIN PUR LOC CNT"
      pragma:
      - no-cache
      request-context:
      - appId=cid-v1:0f8b2d32-fdff-4d39-87b8-548fb9450eb7
      strict-transport-security:
      - max-age=31536000; includeSubDomains
      vary:
      - Accept-Encoding
      x-cache:
      - CONFIG_NOCACHE
      x-content-type-options:
      - nosniff
      x-frame-options:
      - SAMEORIGIN
      x-msedge-ref:
      - 'Ref A: B5E7BD20660647C7983BC95DA58BAC53 Ref B: BN3EDGE1119 Ref C: 2025-01-09T12:08:07Z'
      x-tfs-processid:
      - 69a73b13-8409-40ee-84dc-85191619ffbd
      x-tfs-session:
      - ad3174f2-944f-4bf0-ba38-c46df780a74e
      x-vss-e2eid:
      - 77375835-04c5-44b5-988c-fb9642700c8f
      x-vss-senderdeploymentid:
      - ed30ce5c-9d0a-f73c-3580-4315c7f84d83
      x-vss-userdata:
      - 22157d54-1821-6536-a446-928b06348385:v-sbestala@microsoft.com
    status:
      code: 200
      message: OK
- request:
    body: '{"content": "This is my wiki page"}'
    headers:
      Accept:
      - application/json;api-version=5.0
      Accept-Encoding:
      - gzip, deflate
      Connection:
      - keep-alive
      Content-Length:
      - '35'
      Content-Type:
      - application/json; charset=utf-8
      User-Agent:
      - python/3.12.8 (Linux-6.8.0-1017-azure-x86_64-with-glibc2.39) msrest/0.7.1
        azure-devops/5.1.0b4 devOpsCli/1.0.2
      X-TFS-FedAuthRedirect:
      - Suppress
      X-TFS-Session:
      - ad3174f2-944f-4bf0-ba38-c46df780a74e
      X-VSS-ForceMsaPassThrough:
      - 'true'
    method: PUT
    uri: https://dev.azure.com/v-anvashist0376/WikiTests000001/_apis/wiki/wikis/myprojectwiki/pages?path=abc&comment=Created%20a%20wiki%20page
  response:
    body:
      string: '{"path":"/abc","order":0,"gitItemPath":"/abc.md","subPages":[],"url":"https://dev.azure.com/v-anvashist0376/b0c80b67-9e0b-4d5d-ab7b-5bdc9d8f946e/_apis/wiki/wikis/ae3dd3c2-13a4-44c3-8edf-905fa7ef34fd/pages/%2Fabc","remoteUrl":"https://dev.azure.com/v-anvashist0376/b0c80b67-9e0b-4d5d-ab7b-5bdc9d8f946e/_wiki/wikis/ae3dd3c2-13a4-44c3-8edf-905fa7ef34fd?pagePath=%2Fabc","id":69,"content":"This
        is my wiki page"}'
    headers:
      access-control-expose-headers:
      - Request-Context
      activityid:
      - 3071e629-6cd8-4e16-8460-a9cacbc29496
      cache-control:
      - no-cache
      content-length:
      - '408'
      content-type:
      - application/json; charset=utf-8; api-version=5.0
      date:
      - Thu, 09 Jan 2025 12:08:09 GMT
      etag:
      - '"b54c50ea0e6a2e0d96d39e21a6e7e89a541e2d03"'
      expires:
      - '-1'
      p3p:
      - CP="CAO DSP COR ADMa DEV CONo TELo CUR PSA PSD TAI IVDo OUR SAMi BUS DEM NAV
        STA UNI COM INT PHY ONL FIN PUR LOC CNT"
      pragma:
      - no-cache
      request-context:
      - appId=cid-v1:0f8b2d32-fdff-4d39-87b8-548fb9450eb7
      strict-transport-security:
      - max-age=31536000; includeSubDomains
      x-cache:
      - CONFIG_NOCACHE
      x-content-type-options:
      - nosniff
      x-frame-options:
      - SAMEORIGIN
      x-msedge-ref:
      - 'Ref A: 200E563D3B254AD3A52C900CDD6802ED Ref B: BN3EDGE0220 Ref C: 2025-01-09T12:08:08Z'
      x-tfs-processid:
      - 1e34daa6-cadf-416b-9a62-59f6904d4d9c
      x-tfs-session:
      - ad3174f2-944f-4bf0-ba38-c46df780a74e
      x-vss-e2eid:
      - 3071e629-6cd8-4e16-8460-a9cacbc29496
      x-vss-senderdeploymentid:
      - ed30ce5c-9d0a-f73c-3580-4315c7f84d83
      x-vss-userdata:
      - 22157d54-1821-6536-a446-928b06348385:v-sbestala@microsoft.com
    status:
      code: 201
      message: Created
- request:
    body: '{"content": "New content is here now."}'
    headers:
      Accept:
      - application/json;api-version=5.0
      Accept-Encoding:
      - gzip, deflate
      Connection:
      - keep-alive
      Content-Length:
      - '39'
      Content-Type:
      - application/json; charset=utf-8
      If-Match:
      - b54c50ea0e6a2e0d96d39e21a6e7e89a541e2d03
      User-Agent:
      - python/3.12.8 (Linux-6.8.0-1017-azure-x86_64-with-glibc2.39) msrest/0.7.1
        azure-devops/5.1.0b4 devOpsCli/1.0.2
      X-TFS-FedAuthRedirect:
      - Suppress
      X-TFS-Session:
      - ad3174f2-944f-4bf0-ba38-c46df780a74e
      X-VSS-ForceMsaPassThrough:
      - 'true'
    method: PUT
    uri: https://dev.azure.com/v-anvashist0376/WikiTests000001/_apis/wiki/wikis/myprojectwiki/pages?path=abc&comment=Updated%20the%20page%20using%20Azure%20DevOps%20CLI
  response:
    body:
      string: '{"path":"/abc","order":0,"gitItemPath":"/abc.md","subPages":[],"url":"https://dev.azure.com/v-anvashist0376/b0c80b67-9e0b-4d5d-ab7b-5bdc9d8f946e/_apis/wiki/wikis/ae3dd3c2-13a4-44c3-8edf-905fa7ef34fd/pages/%2Fabc","remoteUrl":"https://dev.azure.com/v-anvashist0376/b0c80b67-9e0b-4d5d-ab7b-5bdc9d8f946e/_wiki/wikis/ae3dd3c2-13a4-44c3-8edf-905fa7ef34fd?pagePath=%2Fabc","id":69,"content":"New
        content is here now."}'
    headers:
      access-control-expose-headers:
      - Request-Context
      activityid:
      - 502b422b-ec50-4c3a-98d3-66175d6e0767
      cache-control:
      - no-cache
      content-length:
      - '412'
      content-type:
      - application/json; charset=utf-8; api-version=5.0
      date:
      - Thu, 09 Jan 2025 12:08:09 GMT
      etag:
      - '"15a4f8f4595215219cd9019df815929238f804a6"'
      expires:
      - '-1'
      p3p:
      - CP="CAO DSP COR ADMa DEV CONo TELo CUR PSA PSD TAI IVDo OUR SAMi BUS DEM NAV
        STA UNI COM INT PHY ONL FIN PUR LOC CNT"
      pragma:
      - no-cache
      request-context:
      - appId=cid-v1:0f8b2d32-fdff-4d39-87b8-548fb9450eb7
      strict-transport-security:
      - max-age=31536000; includeSubDomains
      vary:
      - Accept-Encoding
      x-cache:
      - CONFIG_NOCACHE
      x-content-type-options:
      - nosniff
      x-frame-options:
      - SAMEORIGIN
      x-msedge-ref:
      - 'Ref A: 6215FEC185734B588778DAAF236CB44B Ref B: BN3EDGE0714 Ref C: 2025-01-09T12:08:09Z'
      x-tfs-processid:
      - 88a65841-a8fd-4b0f-a108-9ea69243960e
      x-tfs-session:
      - ad3174f2-944f-4bf0-ba38-c46df780a74e
      x-vss-e2eid:
      - 502b422b-ec50-4c3a-98d3-66175d6e0767
      x-vss-senderdeploymentid:
      - ed30ce5c-9d0a-f73c-3580-4315c7f84d83
      x-vss-userdata:
      - 22157d54-1821-6536-a446-928b06348385:v-sbestala@microsoft.com
    status:
      code: 200
      message: OK
- request:
    body: null
    headers:
      Accept:
      - application/json;api-version=5.0
      Accept-Encoding:
      - gzip, deflate
      Connection:
      - keep-alive
      Content-Type:
      - application/json; charset=utf-8
      User-Agent:
      - python/3.12.8 (Linux-6.8.0-1017-azure-x86_64-with-glibc2.39) msrest/0.7.1
        azure-devops/5.1.0b4 devOpsCli/1.0.2
      X-TFS-FedAuthRedirect:
      - Suppress
      X-TFS-Session:
      - ad3174f2-944f-4bf0-ba38-c46df780a74e
      X-VSS-ForceMsaPassThrough:
      - 'true'
    method: GET
    uri: https://dev.azure.com/v-anvashist0376/WikiTests000001/_apis/wiki/wikis/myprojectwiki/pages?path=abc&includeContent=true
  response:
    body:
      string: '{"path":"/abc","order":0,"gitItemPath":"/abc.md","subPages":[],"url":"https://dev.azure.com/v-anvashist0376/b0c80b67-9e0b-4d5d-ab7b-5bdc9d8f946e/_apis/wiki/wikis/ae3dd3c2-13a4-44c3-8edf-905fa7ef34fd/pages/%2Fabc","remoteUrl":"https://dev.azure.com/v-anvashist0376/b0c80b67-9e0b-4d5d-ab7b-5bdc9d8f946e/_wiki/wikis/ae3dd3c2-13a4-44c3-8edf-905fa7ef34fd?pagePath=%2Fabc","id":69,"content":"New
        content is here now."}'
    headers:
      access-control-expose-headers:
      - Request-Context
      activityid:
      - 3071e54b-6cd8-4e16-8460-a9cacbc29496
      cache-control:
      - no-cache
      content-length:
      - '412'
      content-type:
      - application/json; charset=utf-8; api-version=5.0
      date:
      - Thu, 09 Jan 2025 12:08:10 GMT
      etag:
      - '"15a4f8f4595215219cd9019df815929238f804a6"'
      expires:
      - '-1'
      p3p:
      - CP="CAO DSP COR ADMa DEV CONo TELo CUR PSA PSD TAI IVDo OUR SAMi BUS DEM NAV
        STA UNI COM INT PHY ONL FIN PUR LOC CNT"
      pragma:
      - no-cache
      request-context:
      - appId=cid-v1:0f8b2d32-fdff-4d39-87b8-548fb9450eb7
      strict-transport-security:
      - max-age=31536000; includeSubDomains
      vary:
      - Accept-Encoding
      x-cache:
      - CONFIG_NOCACHE
      x-content-type-options:
      - nosniff
      x-frame-options:
      - SAMEORIGIN
      x-msedge-ref:
      - 'Ref A: 79906E2F487F4C81861622EC23CFEED4 Ref B: BN3EDGE0718 Ref C: 2025-01-09T12:08:10Z'
      x-tfs-processid:
      - 1e34daa6-cadf-416b-9a62-59f6904d4d9c
      x-tfs-session:
      - ad3174f2-944f-4bf0-ba38-c46df780a74e
      x-vss-e2eid:
      - 3071e54b-6cd8-4e16-8460-a9cacbc29496
      x-vss-senderdeploymentid:
      - ed30ce5c-9d0a-f73c-3580-4315c7f84d83
      x-vss-userdata:
      - 22157d54-1821-6536-a446-928b06348385:v-sbestala@microsoft.com
    status:
      code: 200
      message: OK
- request:
    body: null
    headers:
      Accept:
      - application/json;api-version=5.0
      Accept-Encoding:
      - gzip, deflate
      Connection:
      - keep-alive
      Content-Length:
      - '0'
      Content-Type:
      - application/json; charset=utf-8
      User-Agent:
      - python/3.12.8 (Linux-6.8.0-1017-azure-x86_64-with-glibc2.39) msrest/0.7.1
        azure-devops/5.1.0b4 devOpsCli/1.0.2
      X-TFS-FedAuthRedirect:
      - Suppress
      X-TFS-Session:
      - ad3174f2-944f-4bf0-ba38-c46df780a74e
      X-VSS-ForceMsaPassThrough:
      - 'true'
    method: DELETE
    uri: https://dev.azure.com/v-anvashist0376/WikiTests000001/_apis/wiki/wikis/myprojectwiki/pages?path=abc&comment=Deleted%20the%20page%20using%20Azure%20DevOps%20CLI
  response:
    body:
      string: '{"path":"/abc","order":0,"gitItemPath":"/abc.md","subPages":[],"url":"https://dev.azure.com/v-anvashist0376/b0c80b67-9e0b-4d5d-ab7b-5bdc9d8f946e/_apis/wiki/wikis/ae3dd3c2-13a4-44c3-8edf-905fa7ef34fd/pages/%2Fabc","remoteUrl":"https://dev.azure.com/v-anvashist0376/b0c80b67-9e0b-4d5d-ab7b-5bdc9d8f946e/_wiki/wikis/ae3dd3c2-13a4-44c3-8edf-905fa7ef34fd?pagePath=%2Fabc","content":""}'
    headers:
      access-control-expose-headers:
      - Request-Context
      activityid:
      - 0da9bd3a-f9cf-4b55-b970-38fa8c1f0be1
      cache-control:
      - no-cache
      content-length:
      - '380'
      content-type:
      - application/json; charset=utf-8; api-version=5.0
      date:
      - Thu, 09 Jan 2025 12:08:11 GMT
      etag:
      - '""'
      expires:
      - '-1'
      p3p:
      - CP="CAO DSP COR ADMa DEV CONo TELo CUR PSA PSD TAI IVDo OUR SAMi BUS DEM NAV
        STA UNI COM INT PHY ONL FIN PUR LOC CNT"
      pragma:
      - no-cache
      request-context:
      - appId=cid-v1:0f8b2d32-fdff-4d39-87b8-548fb9450eb7
      strict-transport-security:
      - max-age=31536000; includeSubDomains
      vary:
      - Accept-Encoding
      x-cache:
      - CONFIG_NOCACHE
      x-content-type-options:
      - nosniff
      x-frame-options:
      - SAMEORIGIN
      x-msedge-ref:
      - 'Ref A: 7F4BEA47AE894360B5E40E0E6E80E1C1 Ref B: BN3EDGE0205 Ref C: 2025-01-09T12:08:10Z'
      x-tfs-processid:
      - 15e86e8d-57b8-4572-85f3-b9333c300edf
      x-tfs-session:
      - ad3174f2-944f-4bf0-ba38-c46df780a74e
      x-vss-e2eid:
      - 0da9bd3a-f9cf-4b55-b970-38fa8c1f0be1
      x-vss-senderdeploymentid:
      - ed30ce5c-9d0a-f73c-3580-4315c7f84d83
      x-vss-userdata:
      - 22157d54-1821-6536-a446-928b06348385:v-sbestala@microsoft.com
    status:
      code: 200
      message: OK
- request:
    body: null
    headers:
      Accept:
      - application/json;api-version=5.0
      Accept-Encoding:
      - gzip, deflate
      Connection:
      - keep-alive
      Content-Type:
      - application/json; charset=utf-8
      User-Agent:
      - python/3.12.8 (Linux-6.8.0-1017-azure-x86_64-with-glibc2.39) msrest/0.7.1
        azure-devops/5.1.0b4 devOpsCli/1.0.2
      X-TFS-FedAuthRedirect:
      - Suppress
      X-TFS-Session:
      - ad3174f2-944f-4bf0-ba38-c46df780a74e
      X-VSS-ForceMsaPassThrough:
      - 'true'
    method: GET
    uri: https://dev.azure.com/v-anvashist0376/WikiTests000001/_apis/wiki/wikis/myprojectwiki/pages?path=abc&includeContent=true
  response:
    body:
      string: "{\"$id\":\"1\",\"innerException\":null,\"message\":\"Wiki page \u2018/abc\u2019
        could not be found. Ensure that the path of the page is correct and the page
        exists.\",\"typeName\":\"Microsoft.TeamFoundation.Wiki.Server.WikiPageNotFoundException,
        Microsoft.TeamFoundation.Wiki.Server\",\"typeKey\":\"WikiPageNotFoundException\",\"errorCode\":0,\"eventId\":3000}"
    headers:
      access-control-expose-headers:
      - Request-Context
      activityid:
      - 3071e37a-6cd8-4e16-8460-a9cacbc29496
      cache-control:
      - no-cache
      content-length:
      - '328'
      content-type:
      - application/json; charset=utf-8
      date:
      - Thu, 09 Jan 2025 12:08:11 GMT
      expires:
      - '-1'
      p3p:
      - CP="CAO DSP COR ADMa DEV CONo TELo CUR PSA PSD TAI IVDo OUR SAMi BUS DEM NAV
        STA UNI COM INT PHY ONL FIN PUR LOC CNT"
      pragma:
      - no-cache
      request-context:
      - appId=cid-v1:0f8b2d32-fdff-4d39-87b8-548fb9450eb7
      strict-transport-security:
      - max-age=31536000; includeSubDomains
      x-cache:
      - CONFIG_NOCACHE
      x-content-type-options:
      - nosniff
      x-frame-options:
      - SAMEORIGIN
      x-msedge-ref:
      - 'Ref A: 570A4059AD8140B497E014B5C8CA10F2 Ref B: BN3EDGE1018 Ref C: 2025-01-09T12:08:11Z'
      x-tfs-processid:
      - 1e34daa6-cadf-416b-9a62-59f6904d4d9c
      x-tfs-session:
      - ad3174f2-944f-4bf0-ba38-c46df780a74e
      x-vss-e2eid:
      - 3071e37a-6cd8-4e16-8460-a9cacbc29496
      x-vss-senderdeploymentid:
      - ed30ce5c-9d0a-f73c-3580-4315c7f84d83
      x-vss-userdata:
      - 22157d54-1821-6536-a446-928b06348385:v-sbestala@microsoft.com
    status:
      code: 404
      message: Not Found
- request:
    body: null
    headers:
      Accept:
      - application/json;api-version=5.0
      Accept-Encoding:
      - gzip, deflate
      Connection:
      - keep-alive
      Content-Length:
      - '0'
      Content-Type:
      - application/json; charset=utf-8
      User-Agent:
      - python/3.12.8 (Linux-6.8.0-1017-azure-x86_64-with-glibc2.39) msrest/0.7.1
        azure-devops/5.1.0b4 devOpsCli/1.0.2
      X-TFS-FedAuthRedirect:
      - Suppress
      X-TFS-Session:
      - ad3174f2-944f-4bf0-ba38-c46df780a74e
      X-VSS-ForceMsaPassThrough:
      - 'true'
    method: DELETE
    uri: https://dev.azure.com/v-anvashist0376/_apis/projects/b0c80b67-9e0b-4d5d-ab7b-5bdc9d8f946e
  response:
    body:
      string: '{"id":"a0f90841-e874-47e7-a4ce-8311ccc6f080","status":"notSet","url":"https://dev.azure.com/v-anvashist0376/_apis/operations/a0f90841-e874-47e7-a4ce-8311ccc6f080"}'
    headers:
      access-control-expose-headers:
      - Request-Context
      activityid:
      - 502b40d3-ec50-4c3a-98d3-66175d6e0767
      cache-control:
      - no-cache
      content-length:
      - '163'
      content-type:
      - application/json; charset=utf-8; api-version=5.0
      date:
      - Thu, 09 Jan 2025 12:08:11 GMT
      expires:
      - '-1'
      p3p:
      - CP="CAO DSP COR ADMa DEV CONo TELo CUR PSA PSD TAI IVDo OUR SAMi BUS DEM NAV
        STA UNI COM INT PHY ONL FIN PUR LOC CNT"
      pragma:
      - no-cache
      request-context:
      - appId=cid-v1:0f8b2d32-fdff-4d39-87b8-548fb9450eb7
      strict-transport-security:
      - max-age=31536000; includeSubDomains
      x-cache:
      - CONFIG_NOCACHE
      x-content-type-options:
      - nosniff
      x-frame-options:
      - SAMEORIGIN
      x-msedge-ref:
      - 'Ref A: 3622D337EBA64EB3B792D631482D61AA Ref B: BN3EDGE1122 Ref C: 2025-01-09T12:08:11Z'
      x-tfs-processid:
      - 88a65841-a8fd-4b0f-a108-9ea69243960e
      x-tfs-session:
      - ad3174f2-944f-4bf0-ba38-c46df780a74e
      x-vss-e2eid:
      - 502b40d3-ec50-4c3a-98d3-66175d6e0767
      x-vss-senderdeploymentid:
      - ed30ce5c-9d0a-f73c-3580-4315c7f84d83
      x-vss-userdata:
      - 22157d54-1821-6536-a446-928b06348385:v-sbestala@microsoft.com
    status:
      code: 202
      message: Accepted
- request:
    body: null
    headers:
      Accept:
      - application/json;api-version=5.0
      Accept-Encoding:
      - gzip, deflate
      Connection:
      - keep-alive
      Content-Type:
      - application/json; charset=utf-8
      User-Agent:
      - python/3.12.8 (Linux-6.8.0-1017-azure-x86_64-with-glibc2.39) msrest/0.7.1
        azure-devops/5.1.0b4 devOpsCli/1.0.2
      X-TFS-FedAuthRedirect:
      - Suppress
      X-TFS-Session:
      - ad3174f2-944f-4bf0-ba38-c46df780a74e
      X-VSS-ForceMsaPassThrough:
      - 'true'
    method: GET
    uri: https://dev.azure.com/v-anvashist0376/_apis/operations/a0f90841-e874-47e7-a4ce-8311ccc6f080
  response:
    body:
      string: '{"id":"a0f90841-e874-47e7-a4ce-8311ccc6f080","status":"inProgress","url":"https://dev.azure.com/v-anvashist0376/_apis/operations/a0f90841-e874-47e7-a4ce-8311ccc6f080","_links":{"self":{"href":"https://dev.azure.com/v-anvashist0376/_apis/operations/a0f90841-e874-47e7-a4ce-8311ccc6f080"}}}'
    headers:
      access-control-expose-headers:
      - Request-Context
      activityid:
      - 502b4175-ec50-4c3a-98d3-66175d6e0767
      cache-control:
      - no-cache
      content-length:
      - '288'
      content-type:
      - application/json; charset=utf-8; api-version=5.0
      date:
      - Thu, 09 Jan 2025 12:08:11 GMT
      expires:
      - '-1'
      p3p:
      - CP="CAO DSP COR ADMa DEV CONo TELo CUR PSA PSD TAI IVDo OUR SAMi BUS DEM NAV
        STA UNI COM INT PHY ONL FIN PUR LOC CNT"
      pragma:
      - no-cache
      request-context:
      - appId=cid-v1:0f8b2d32-fdff-4d39-87b8-548fb9450eb7
      strict-transport-security:
      - max-age=31536000; includeSubDomains
      vary:
      - Accept-Encoding
      x-cache:
      - CONFIG_NOCACHE
      x-content-type-options:
      - nosniff
      x-frame-options:
      - SAMEORIGIN
      x-msedge-ref:
      - 'Ref A: 71C468879DF345D1BA232966F39FEE8B Ref B: BN3EDGE0211 Ref C: 2025-01-09T12:08:12Z'
      x-tfs-processid:
      - 88a65841-a8fd-4b0f-a108-9ea69243960e
      x-tfs-session:
      - ad3174f2-944f-4bf0-ba38-c46df780a74e
      x-vss-e2eid:
      - 502b4175-ec50-4c3a-98d3-66175d6e0767
      x-vss-senderdeploymentid:
      - ed30ce5c-9d0a-f73c-3580-4315c7f84d83
      x-vss-userdata:
      - 22157d54-1821-6536-a446-928b06348385:v-sbestala@microsoft.com
    status:
      code: 200
      message: OK
- request:
    body: null
    headers:
      Accept:
      - application/json;api-version=5.0
      Accept-Encoding:
      - gzip, deflate
      Connection:
      - keep-alive
      Content-Type:
      - application/json; charset=utf-8
      User-Agent:
      - python/3.12.8 (Linux-6.8.0-1017-azure-x86_64-with-glibc2.39) msrest/0.7.1
        azure-devops/5.1.0b4 devOpsCli/1.0.2
      X-TFS-FedAuthRedirect:
      - Suppress
      X-TFS-Session:
      - ad3174f2-944f-4bf0-ba38-c46df780a74e
      X-VSS-ForceMsaPassThrough:
      - 'true'
    method: GET
    uri: https://dev.azure.com/v-anvashist0376/_apis/operations/a0f90841-e874-47e7-a4ce-8311ccc6f080
  response:
    body:
      string: '{"id":"a0f90841-e874-47e7-a4ce-8311ccc6f080","status":"succeeded","url":"https://dev.azure.com/v-anvashist0376/_apis/operations/a0f90841-e874-47e7-a4ce-8311ccc6f080","_links":{"self":{"href":"https://dev.azure.com/v-anvashist0376/_apis/operations/a0f90841-e874-47e7-a4ce-8311ccc6f080"}}}'
    headers:
      access-control-expose-headers:
      - Request-Context
      activityid:
      - 3071ee6a-6cd8-4e16-8460-a9cacbc29496
      cache-control:
      - no-cache
      content-length:
      - '287'
      content-type:
      - application/json; charset=utf-8; api-version=5.0
      date:
      - Thu, 09 Jan 2025 12:08:13 GMT
      expires:
      - '-1'
      p3p:
      - CP="CAO DSP COR ADMa DEV CONo TELo CUR PSA PSD TAI IVDo OUR SAMi BUS DEM NAV
        STA UNI COM INT PHY ONL FIN PUR LOC CNT"
      pragma:
      - no-cache
      request-context:
      - appId=cid-v1:0f8b2d32-fdff-4d39-87b8-548fb9450eb7
      strict-transport-security:
      - max-age=31536000; includeSubDomains
      vary:
      - Accept-Encoding
      x-cache:
      - CONFIG_NOCACHE
      x-content-type-options:
      - nosniff
      x-frame-options:
      - SAMEORIGIN
      x-msedge-ref:
      - 'Ref A: 3698D48B418E4A12A800191906298617 Ref B: BN3EDGE0921 Ref C: 2025-01-09T12:08:13Z'
      x-tfs-processid:
      - 1e34daa6-cadf-416b-9a62-59f6904d4d9c
      x-tfs-session:
      - ad3174f2-944f-4bf0-ba38-c46df780a74e
      x-vss-e2eid:
      - 3071ee6a-6cd8-4e16-8460-a9cacbc29496
      x-vss-senderdeploymentid:
      - ed30ce5c-9d0a-f73c-3580-4315c7f84d83
      x-vss-userdata:
      - 22157d54-1821-6536-a446-928b06348385:v-sbestala@microsoft.com
    status:
      code: 200
      message: OK
version: 1
