interactions:
- request:
    body: null
    headers:
      Accept:
      - application/json;api-version=5.0
      Accept-Encoding:
      - gzip, deflate
      Connection:
      - keep-alive
      Content-Type:
      - application/json; charset=utf-8
      User-Agent:
      - python/3.9.6 (Windows-10-10.0.19043-SP0) msrest/0.6.21 azure-devops/5.1.0b4
        devOpsCli/0.20.0
      X-TFS-FedAuthRedirect:
      - Suppress
      X-TFS-Session:
      - 44c62670-161f-4661-958f-d04232ae6ca4
      X-VSS-ForceMsaPassThrough:
      - 'true'
    method: GET
    uri: https://dev.azure.com/AzureDevOpsCliTest/_apis/projects?stateFilter=all&$top=1&$skip=0
  response:
    body:
      string: '{"$id":"1","innerException":null,"message":"TF400813: The user ''c7ac8f34-d29e-4f96-b9c9-c50d7c861f3b\\roshan.s@syrencloud.com''
        is not authorized to access this resource.","typeName":"Microsoft.TeamFoundation.Framework.Server.UnauthorizedRequestException,
        Microsoft.TeamFoundation.Framework.Server","typeKey":"UnauthorizedRequestException","errorCode":0,"eventId":3000}'
    headers:
      access-control-expose-headers:
      - Request-Context
      activityid:
      - d9ae3cee-8e84-4a5f-b3e2-9557b41a5c39
      cache-control:
      - no-cache
      content-length:
      - '368'
      content-type:
      - application/json; charset=utf-8
      date:
      - Mon, 02 Aug 2021 06:43:34 GMT
      expires:
      - '-1'
      p3p:
      - CP="CAO DSP COR ADMa DEV CONo TELo CUR PSA PSD TAI IVDo OUR SAMi BUS DEM NAV
        STA UNI COM INT PHY ONL FIN PUR LOC CNT"
      pragma:
      - no-cache
      request-context:
      - appId=cid-v1:f88d1338-e7ba-4d7b-83e0-e573c40a2f62
      strict-transport-security:
      - max-age=31536000; includeSubDomains
      www-authenticate:
      - Bearer authorization_uri=https://login.microsoftonline.com/72f988bf-86f1-41af-91ab-2d7cd011db47
      - TFS-Federated
      x-cache:
      - CONFIG_NOCACHE
      x-content-type-options:
      - nosniff
      x-frame-options:
      - SAMEORIGIN
      x-msedge-ref:
      - 'Ref A: 0664B9BD2DA54750B87E12B93D3DC534 Ref B: BOM02EDGE0412 Ref C: 2021-08-02T06:43:34Z'
      x-tfs-fedauthissuer:
      - https://dev.azure.com/AzureDevOpsCliTest/
      x-tfs-fedauthrealm:
      - https://tfsprodcus3.visualstudio.com/
      x-tfs-fedauthredirect:
      - https://spsprodeus27.vssps.visualstudio.com/_signin?realm=dev.azure.com&reply_to=https%3A%2F%2Fdev.azure.com%2FAzureDevOpsCliTest%2F_apis%2Fprojects%3FstateFilter%3Dall%26%2524top%3D1%26%2524skip%3D0&redirect=1&hid=c7dbc2ae-8e6f-4d56-a594-8298af308cc0&context=eyJodCI6MiwiaGlkIjoiN2M5OWVlN2EtMmY2Ni00MDJkLThmNDMtYTBhMDBhNzU1NTliIiwicXMiOnt9LCJyciI6IiIsInZoIjoiIiwiY3YiOiIiLCJjcyI6IiJ90#ctx=eyJTaWduSW5Db29raWVEb21haW5zIjpbImh0dHBzOi8vbG9naW4ubWljcm9zb2Z0b25saW5lLmNvbSIsImh0dHBzOi8vbG9naW4ubWljcm9zb2Z0b25saW5lLmNvbSJdfQ2
      x-tfs-processid:
      - f39ebd9b-39ab-4418-9166-5a7d74e0d362
      x-tfs-session:
      - 44c62670-161f-4661-958f-d04232ae6ca4
      x-vss-authenticateerror:
      - Unauthorized
      x-vss-authorizationendpoint:
      - https://vssps.dev.azure.com/AzureDevOpsCliTest/
      x-vss-e2eid:
      - d9ae3cee-8e84-4a5f-b3e2-9557b41a5c39
      x-vss-resourcetenant:
      - 72f988bf-86f1-41af-91ab-2d7cd011db47
      x-vss-s2stargetservice:
      - 00000002-0000-8888-8000-000000000000/visualstudio.com
      x-vss-userdata:
      - 54329c46-e8c8-6561-af35-67e5d1ddd573:roshan.s@syrencloud.com
    status:
      code: 401
      message: Unauthorized
- request:
    body: null
    headers:
      Accept:
      - application/json;api-version=5.0
      Accept-Encoding:
      - gzip, deflate
      Connection:
      - keep-alive
      Content-Type:
      - application/json; charset=utf-8
      User-Agent:
      - python/3.9.6 (Windows-10-10.0.19043-SP0) msrest/0.6.21 azure-devops/5.1.0b4
        devOpsCli/0.20.0
      X-TFS-FedAuthRedirect:
      - Suppress
      X-TFS-Session:
      - 44c62670-161f-4661-958f-d04232ae6ca4
      X-VSS-ForceMsaPassThrough:
      - 'true'
    method: GET
    uri: https://dev.azure.com/AzureDevOpsCliTest/_apis/projects?stateFilter=all&$top=1&$skip=0
  response:
    body:
      string: '{"count":1,"value":[{"id":"52da2397-c107-4e34-947b-6a3c35519bec","name":"TeamOpsw57kwlfc","url":"https://dev.azure.com/AzureDevOpsCliTest/_apis/projects/52da2397-c107-4e34-947b-6a3c35519bec","state":"wellFormed","revision":49979,"visibility":"private","lastUpdateTime":"2020-01-12T00:09:18.533Z"}]}'
    headers:
      access-control-expose-headers:
      - Request-Context
      activityid:
      - 055ebd51-e9d9-44b2-bf0b-6cf072b59a39
      cache-control:
      - no-cache
      content-length:
      - '298'
      content-type:
      - application/json; charset=utf-8; api-version=5.0
      date:
      - Mon, 02 Aug 2021 06:43:36 GMT
      expires:
      - '-1'
      p3p:
      - CP="CAO DSP COR ADMa DEV CONo TELo CUR PSA PSD TAI IVDo OUR SAMi BUS DEM NAV
        STA UNI COM INT PHY ONL FIN PUR LOC CNT"
      pragma:
      - no-cache
      request-context:
      - appId=cid-v1:f88d1338-e7ba-4d7b-83e0-e573c40a2f62
      strict-transport-security:
      - max-age=31536000; includeSubDomains
      vary:
      - Accept-Encoding
      x-cache:
      - CONFIG_NOCACHE
      x-content-type-options:
      - nosniff
      x-frame-options:
      - SAMEORIGIN
      x-ms-continuationtoken:
      - '1'
      x-msedge-ref:
      - 'Ref A: 03F10C2BC6F84A2FB6C7ABBF2595573A Ref B: BOM02EDGE0407 Ref C: 2021-08-02T06:43:35Z'
      x-tfs-processid:
      - 69d5872e-8b35-446b-bb01-73f57ba046bb
      x-tfs-session:
      - 44c62670-161f-4661-958f-d04232ae6ca4
      x-vss-e2eid:
      - 055ebd51-e9d9-44b2-bf0b-6cf072b59a39
      x-vss-userdata:
      - f092bbfb-bf89-6735-bb3f-18306b9dc073:v-roshansoni@microsoft.com
    status:
      code: 200
      message: OK
- request:
    body: null
    headers:
      Accept:
      - application/json;api-version=5.0
      Accept-Encoding:
      - gzip, deflate
      Connection:
      - keep-alive
      Content-Type:
      - application/json; charset=utf-8
      User-Agent:
      - python/3.9.6 (Windows-10-10.0.19043-SP0) msrest/0.6.21 azure-devops/5.1.0b4
        devOpsCli/0.20.0
      X-TFS-FedAuthRedirect:
      - Suppress
      X-TFS-Session:
      - 44c62670-161f-4661-958f-d04232ae6ca4
      X-VSS-ForceMsaPassThrough:
      - 'true'
    method: GET
    uri: https://dev.azure.com/AzureDevOpsCliTest/_apis/process/processes
  response:
    body:
      string: '{"count":4,"value":[{"id":"6b724908-ef14-45cf-84f8-768b5384da45","description":"This
        template is for teams who follow the Scrum framework.","isDefault":false,"type":"system","url":"https://dev.azure.com/AzureDevOpsCliTest/_apis/process/processes/6b724908-ef14-45cf-84f8-768b5384da45","name":"Scrum"},{"id":"adcc42ab-9882-485e-a3ed-7678f01f66bc","description":"This
        template is flexible and will work great for most teams using Agile planning
        methods, including those practicing Scrum.","isDefault":true,"type":"system","url":"https://dev.azure.com/AzureDevOpsCliTest/_apis/process/processes/adcc42ab-9882-485e-a3ed-7678f01f66bc","name":"Agile"},{"id":"b8a3a935-7e91-48b8-a94c-606d37c3e9f2","description":"This
        template is flexible for any process and great for teams getting started with
        Azure DevOps.","isDefault":false,"type":"system","url":"https://dev.azure.com/AzureDevOpsCliTest/_apis/process/processes/b8a3a935-7e91-48b8-a94c-606d37c3e9f2","name":"Basic"},{"id":"27450541-8e31-4150-9947-dc59f998fc01","description":"This
        template is for more formal projects requiring a framework for process improvement
        and an auditable record of decisions.","isDefault":false,"type":"system","url":"https://dev.azure.com/AzureDevOpsCliTest/_apis/process/processes/27450541-8e31-4150-9947-dc59f998fc01","name":"CMMI"}]}'
    headers:
      access-control-expose-headers:
      - Request-Context
      activityid:
      - a6a6e5ca-6d38-43dd-88fc-5b0c67b24cae
      cache-control:
      - no-cache
      content-length:
      - '1310'
      content-type:
      - application/json; charset=utf-8; api-version=5.0
      date:
      - Mon, 02 Aug 2021 06:43:36 GMT
      expires:
      - '-1'
      p3p:
      - CP="CAO DSP COR ADMa DEV CONo TELo CUR PSA PSD TAI IVDo OUR SAMi BUS DEM NAV
        STA UNI COM INT PHY ONL FIN PUR LOC CNT"
      pragma:
      - no-cache
      request-context:
      - appId=cid-v1:f88d1338-e7ba-4d7b-83e0-e573c40a2f62
      strict-transport-security:
      - max-age=31536000; includeSubDomains
      vary:
      - Accept-Encoding
      x-cache:
      - CONFIG_NOCACHE
      x-content-type-options:
      - nosniff
      x-frame-options:
      - SAMEORIGIN
      x-msedge-ref:
      - 'Ref A: CE8A11B2810A45A0AD2ECA2BD3A5808E Ref B: BOM02EDGE0408 Ref C: 2021-08-02T06:43:36Z'
      x-tfs-processid:
      - d5ec092b-932e-4548-8f44-ad51464b4375
      x-tfs-session:
      - 44c62670-161f-4661-958f-d04232ae6ca4
      x-vss-e2eid:
      - a6a6e5ca-6d38-43dd-88fc-5b0c67b24cae
      x-vss-userdata:
      - f092bbfb-bf89-6735-bb3f-18306b9dc073:v-roshansoni@microsoft.com
    status:
      code: 200
      message: OK
- request:
    body: '{"name": "refsTests000001", "visibility": "private", "capabilities": {"versioncontrol":
      {"sourceControlType": "git"}, "processTemplate": {"templateTypeId": "adcc42ab-9882-485e-a3ed-7678f01f66bc"}}}'
    headers:
      Accept:
      - application/json;api-version=5.0
      Accept-Encoding:
      - gzip, deflate
      Connection:
      - keep-alive
      Content-Length:
      - '197'
      Content-Type:
      - application/json; charset=utf-8
      User-Agent:
      - python/3.9.6 (Windows-10-10.0.19043-SP0) msrest/0.6.21 azure-devops/5.1.0b4
        devOpsCli/0.20.0
      X-TFS-FedAuthRedirect:
      - Suppress
      X-TFS-Session:
      - 44c62670-161f-4661-958f-d04232ae6ca4
      X-VSS-ForceMsaPassThrough:
      - 'true'
    method: POST
    uri: https://dev.azure.com/AzureDevOpsCliTest/_apis/projects
  response:
    body:
      string: '{"id":"3ca384cb-538d-4598-85f0-25b533a2321f","status":"notSet","url":"https://dev.azure.com/AzureDevOpsCliTest/_apis/operations/3ca384cb-538d-4598-85f0-25b533a2321f"}'
    headers:
      access-control-expose-headers:
      - Request-Context
      activityid:
      - 25884757-99c1-4569-a310-7670fa5d4c57
      cache-control:
      - no-cache
      content-length:
      - '166'
      content-type:
      - application/json; charset=utf-8; api-version=5.0
      date:
      - Mon, 02 Aug 2021 06:43:37 GMT
      expires:
      - '-1'
      p3p:
      - CP="CAO DSP COR ADMa DEV CONo TELo CUR PSA PSD TAI IVDo OUR SAMi BUS DEM NAV
        STA UNI COM INT PHY ONL FIN PUR LOC CNT"
      pragma:
      - no-cache
      request-context:
      - appId=cid-v1:f88d1338-e7ba-4d7b-83e0-e573c40a2f62
      strict-transport-security:
      - max-age=31536000; includeSubDomains
      x-cache:
      - CONFIG_NOCACHE
      x-content-type-options:
      - nosniff
      x-frame-options:
      - SAMEORIGIN
      x-msedge-ref:
      - 'Ref A: CAE0FFBD159A42AF81B17CD261FE275B Ref B: BOM02EDGE0408 Ref C: 2021-08-02T06:43:37Z'
      x-tfs-processid:
      - 8c8de581-2364-4dc6-aa15-ee772257471f
      x-tfs-session:
      - 44c62670-161f-4661-958f-d04232ae6ca4
      x-vss-e2eid:
      - 25884757-99c1-4569-a310-7670fa5d4c57
      x-vss-userdata:
      - f092bbfb-bf89-6735-bb3f-18306b9dc073:v-roshansoni@microsoft.com
    status:
      code: 202
      message: Accepted
- request:
    body: null
    headers:
      Accept:
      - application/json;api-version=5.0
      Accept-Encoding:
      - gzip, deflate
      Connection:
      - keep-alive
      Content-Type:
      - application/json; charset=utf-8
      User-Agent:
      - python/3.9.6 (Windows-10-10.0.19043-SP0) msrest/0.6.21 azure-devops/5.1.0b4
        devOpsCli/0.20.0
      X-TFS-FedAuthRedirect:
      - Suppress
      X-TFS-Session:
      - 44c62670-161f-4661-958f-d04232ae6ca4
      X-VSS-ForceMsaPassThrough:
      - 'true'
    method: GET
    uri: https://dev.azure.com/azuredevopsclitest/_apis/operations/3ca384cb-538d-4598-85f0-25b533a2321f
  response:
    body:
      string: '{"id":"3ca384cb-538d-4598-85f0-25b533a2321f","status":"inProgress","url":"https://dev.azure.com/AzureDevOpsCliTest/_apis/operations/3ca384cb-538d-4598-85f0-25b533a2321f","_links":{"self":{"href":"https://dev.azure.com/AzureDevOpsCliTest/_apis/operations/3ca384cb-538d-4598-85f0-25b533a2321f"}}}'
    headers:
      access-control-expose-headers:
      - Request-Context
      activityid:
      - 5265ecc6-7d1e-450a-9c0d-3c52b270d916
      cache-control:
      - no-cache
      content-length:
      - '294'
      content-type:
      - application/json; charset=utf-8; api-version=5.0
      date:
      - Mon, 02 Aug 2021 06:43:37 GMT
      expires:
      - '-1'
      p3p:
      - CP="CAO DSP COR ADMa DEV CONo TELo CUR PSA PSD TAI IVDo OUR SAMi BUS DEM NAV
        STA UNI COM INT PHY ONL FIN PUR LOC CNT"
      pragma:
      - no-cache
      request-context:
      - appId=cid-v1:f88d1338-e7ba-4d7b-83e0-e573c40a2f62
      strict-transport-security:
      - max-age=31536000; includeSubDomains
      vary:
      - Accept-Encoding
      x-cache:
      - CONFIG_NOCACHE
      x-content-type-options:
      - nosniff
      x-frame-options:
      - SAMEORIGIN
      x-msedge-ref:
      - 'Ref A: B9EC6CD7DFCA4A03B4FFD4589D07EE40 Ref B: BOM02EDGE0509 Ref C: 2021-08-02T06:43:37Z'
      x-tfs-processid:
      - dbde2dc8-146a-4a9c-9f8b-0d24cea36d6b
      x-tfs-session:
      - 44c62670-161f-4661-958f-d04232ae6ca4
      x-vss-e2eid:
      - 5265ecc6-7d1e-450a-9c0d-3c52b270d916
      x-vss-userdata:
      - f092bbfb-bf89-6735-bb3f-18306b9dc073:v-roshansoni@microsoft.com
    status:
      code: 200
      message: OK
- request:
    body: null
    headers:
      Accept:
      - application/json;api-version=5.0
      Accept-Encoding:
      - gzip, deflate
      Connection:
      - keep-alive
      Content-Type:
      - application/json; charset=utf-8
      User-Agent:
      - python/3.9.6 (Windows-10-10.0.19043-SP0) msrest/0.6.21 azure-devops/5.1.0b4
        devOpsCli/0.20.0
      X-TFS-FedAuthRedirect:
      - Suppress
      X-TFS-Session:
      - 44c62670-161f-4661-958f-d04232ae6ca4
      X-VSS-ForceMsaPassThrough:
      - 'true'
    method: GET
    uri: https://dev.azure.com/azuredevopsclitest/_apis/operations/3ca384cb-538d-4598-85f0-25b533a2321f
  response:
    body:
      string: '{"id":"3ca384cb-538d-4598-85f0-25b533a2321f","status":"inProgress","url":"https://dev.azure.com/AzureDevOpsCliTest/_apis/operations/3ca384cb-538d-4598-85f0-25b533a2321f","_links":{"self":{"href":"https://dev.azure.com/AzureDevOpsCliTest/_apis/operations/3ca384cb-538d-4598-85f0-25b533a2321f"}}}'
    headers:
      access-control-expose-headers:
      - Request-Context
      activityid:
      - 25885ac1-99c1-4569-a310-7670fa5d4c57
      cache-control:
      - no-cache
      content-length:
      - '294'
      content-type:
      - application/json; charset=utf-8; api-version=5.0
      date:
      - Mon, 02 Aug 2021 06:43:38 GMT
      expires:
      - '-1'
      p3p:
      - CP="CAO DSP COR ADMa DEV CONo TELo CUR PSA PSD TAI IVDo OUR SAMi BUS DEM NAV
        STA UNI COM INT PHY ONL FIN PUR LOC CNT"
      pragma:
      - no-cache
      request-context:
      - appId=cid-v1:f88d1338-e7ba-4d7b-83e0-e573c40a2f62
      strict-transport-security:
      - max-age=31536000; includeSubDomains
      vary:
      - Accept-Encoding
      x-cache:
      - CONFIG_NOCACHE
      x-content-type-options:
      - nosniff
      x-frame-options:
      - SAMEORIGIN
      x-msedge-ref:
      - 'Ref A: E9B367C85C114E5BA95FBC92E4FDDE47 Ref B: BOM02EDGE0509 Ref C: 2021-08-02T06:43:39Z'
      x-tfs-processid:
      - 8c8de581-2364-4dc6-aa15-ee772257471f
      x-tfs-session:
      - 44c62670-161f-4661-958f-d04232ae6ca4
      x-vss-e2eid:
      - 25885ac1-99c1-4569-a310-7670fa5d4c57
      x-vss-userdata:
      - f092bbfb-bf89-6735-bb3f-18306b9dc073:v-roshansoni@microsoft.com
    status:
      code: 200
      message: OK
- request:
    body: null
    headers:
      Accept:
      - application/json;api-version=5.0
      Accept-Encoding:
      - gzip, deflate
      Connection:
      - keep-alive
      Content-Type:
      - application/json; charset=utf-8
      User-Agent:
      - python/3.9.6 (Windows-10-10.0.19043-SP0) msrest/0.6.21 azure-devops/5.1.0b4
        devOpsCli/0.20.0
      X-TFS-FedAuthRedirect:
      - Suppress
      X-TFS-Session:
      - 44c62670-161f-4661-958f-d04232ae6ca4
      X-VSS-ForceMsaPassThrough:
      - 'true'
    method: GET
    uri: https://dev.azure.com/azuredevopsclitest/_apis/operations/3ca384cb-538d-4598-85f0-25b533a2321f
  response:
    body:
      string: '{"id":"3ca384cb-538d-4598-85f0-25b533a2321f","status":"inProgress","url":"https://dev.azure.com/AzureDevOpsCliTest/_apis/operations/3ca384cb-538d-4598-85f0-25b533a2321f","_links":{"self":{"href":"https://dev.azure.com/AzureDevOpsCliTest/_apis/operations/3ca384cb-538d-4598-85f0-25b533a2321f"}}}'
    headers:
      access-control-expose-headers:
      - Request-Context
      activityid:
      - 055ec6ec-e9d9-44b2-bf0b-6cf072b59a39
      cache-control:
      - no-cache
      content-length:
      - '294'
      content-type:
      - application/json; charset=utf-8; api-version=5.0
      date:
      - Mon, 02 Aug 2021 06:43:39 GMT
      expires:
      - '-1'
      p3p:
      - CP="CAO DSP COR ADMa DEV CONo TELo CUR PSA PSD TAI IVDo OUR SAMi BUS DEM NAV
        STA UNI COM INT PHY ONL FIN PUR LOC CNT"
      pragma:
      - no-cache
      request-context:
      - appId=cid-v1:f88d1338-e7ba-4d7b-83e0-e573c40a2f62
      strict-transport-security:
      - max-age=31536000; includeSubDomains
      vary:
      - Accept-Encoding
      x-cache:
      - CONFIG_NOCACHE
      x-content-type-options:
      - nosniff
      x-frame-options:
      - SAMEORIGIN
      x-msedge-ref:
      - 'Ref A: 09BFA2AC9E6D48DA9E9CF7C07A70D14E Ref B: BOM02EDGE0509 Ref C: 2021-08-02T06:43:40Z'
      x-tfs-processid:
      - 69d5872e-8b35-446b-bb01-73f57ba046bb
      x-tfs-session:
      - 44c62670-161f-4661-958f-d04232ae6ca4
      x-vss-e2eid:
      - 055ec6ec-e9d9-44b2-bf0b-6cf072b59a39
      x-vss-userdata:
      - f092bbfb-bf89-6735-bb3f-18306b9dc073:v-roshansoni@microsoft.com
    status:
      code: 200
      message: OK
- request:
    body: null
    headers:
      Accept:
      - application/json;api-version=5.0
      Accept-Encoding:
      - gzip, deflate
      Connection:
      - keep-alive
      Content-Type:
      - application/json; charset=utf-8
      User-Agent:
      - python/3.9.6 (Windows-10-10.0.19043-SP0) msrest/0.6.21 azure-devops/5.1.0b4
        devOpsCli/0.20.0
      X-TFS-FedAuthRedirect:
      - Suppress
      X-TFS-Session:
      - 44c62670-161f-4661-958f-d04232ae6ca4
      X-VSS-ForceMsaPassThrough:
      - 'true'
    method: GET
    uri: https://dev.azure.com/azuredevopsclitest/_apis/operations/3ca384cb-538d-4598-85f0-25b533a2321f
  response:
    body:
      string: '{"id":"3ca384cb-538d-4598-85f0-25b533a2321f","status":"inProgress","url":"https://dev.azure.com/AzureDevOpsCliTest/_apis/operations/3ca384cb-538d-4598-85f0-25b533a2321f","_links":{"self":{"href":"https://dev.azure.com/AzureDevOpsCliTest/_apis/operations/3ca384cb-538d-4598-85f0-25b533a2321f"}}}'
    headers:
      access-control-expose-headers:
      - Request-Context
      activityid:
      - 35f78c29-506d-48d9-8de8-42864b3ef816
      cache-control:
      - no-cache
      content-length:
      - '294'
      content-type:
      - application/json; charset=utf-8; api-version=5.0
      date:
      - Mon, 02 Aug 2021 06:43:41 GMT
      expires:
      - '-1'
      p3p:
      - CP="CAO DSP COR ADMa DEV CONo TELo CUR PSA PSD TAI IVDo OUR SAMi BUS DEM NAV
        STA UNI COM INT PHY ONL FIN PUR LOC CNT"
      pragma:
      - no-cache
      request-context:
      - appId=cid-v1:f88d1338-e7ba-4d7b-83e0-e573c40a2f62
      strict-transport-security:
      - max-age=31536000; includeSubDomains
      vary:
      - Accept-Encoding
      x-cache:
      - CONFIG_NOCACHE
      x-content-type-options:
      - nosniff
      x-frame-options:
      - SAMEORIGIN
      x-msedge-ref:
      - 'Ref A: E2516807CF0A4F1288B3E2B271149EE9 Ref B: BOM02EDGE0509 Ref C: 2021-08-02T06:43:41Z'
      x-tfs-processid:
      - 20672640-f4e7-4c71-813b-cf93ad57ed61
      x-tfs-session:
      - 44c62670-161f-4661-958f-d04232ae6ca4
      x-vss-e2eid:
      - 35f78c29-506d-48d9-8de8-42864b3ef816
      x-vss-userdata:
      - f092bbfb-bf89-6735-bb3f-18306b9dc073:v-roshansoni@microsoft.com
    status:
      code: 200
      message: OK
- request:
    body: null
    headers:
      Accept:
      - application/json;api-version=5.0
      Accept-Encoding:
      - gzip, deflate
      Connection:
      - keep-alive
      Content-Type:
      - application/json; charset=utf-8
      User-Agent:
      - python/3.9.6 (Windows-10-10.0.19043-SP0) msrest/0.6.21 azure-devops/5.1.0b4
        devOpsCli/0.20.0
      X-TFS-FedAuthRedirect:
      - Suppress
      X-TFS-Session:
      - 44c62670-161f-4661-958f-d04232ae6ca4
      X-VSS-ForceMsaPassThrough:
      - 'true'
    method: GET
    uri: https://dev.azure.com/azuredevopsclitest/_apis/operations/3ca384cb-538d-4598-85f0-25b533a2321f
  response:
    body:
      string: '{"id":"3ca384cb-538d-4598-85f0-25b533a2321f","status":"inProgress","url":"https://dev.azure.com/AzureDevOpsCliTest/_apis/operations/3ca384cb-538d-4598-85f0-25b533a2321f","_links":{"self":{"href":"https://dev.azure.com/AzureDevOpsCliTest/_apis/operations/3ca384cb-538d-4598-85f0-25b533a2321f"}}}'
    headers:
      access-control-expose-headers:
      - Request-Context
      activityid:
      - 3793128a-0663-4afa-af2e-ef05cfd163d1
      cache-control:
      - no-cache
      content-length:
      - '294'
      content-type:
      - application/json; charset=utf-8; api-version=5.0
      date:
      - Mon, 02 Aug 2021 06:43:42 GMT
      expires:
      - '-1'
      p3p:
      - CP="CAO DSP COR ADMa DEV CONo TELo CUR PSA PSD TAI IVDo OUR SAMi BUS DEM NAV
        STA UNI COM INT PHY ONL FIN PUR LOC CNT"
      pragma:
      - no-cache
      request-context:
      - appId=cid-v1:f88d1338-e7ba-4d7b-83e0-e573c40a2f62
      strict-transport-security:
      - max-age=31536000; includeSubDomains
      vary:
      - Accept-Encoding
      x-cache:
      - CONFIG_NOCACHE
      x-content-type-options:
      - nosniff
      x-frame-options:
      - SAMEORIGIN
      x-msedge-ref:
      - 'Ref A: 09891C50781F495E82B43BAD79A0DA56 Ref B: BOM02EDGE0509 Ref C: 2021-08-02T06:43:43Z'
      x-tfs-processid:
      - 641087bf-44de-4951-ba05-e434f85c4be1
      x-tfs-session:
      - 44c62670-161f-4661-958f-d04232ae6ca4
      x-vss-e2eid:
      - 3793128a-0663-4afa-af2e-ef05cfd163d1
      x-vss-userdata:
      - f092bbfb-bf89-6735-bb3f-18306b9dc073:v-roshansoni@microsoft.com
    status:
      code: 200
      message: OK
- request:
    body: null
    headers:
      Accept:
      - application/json;api-version=5.0
      Accept-Encoding:
      - gzip, deflate
      Connection:
      - keep-alive
      Content-Type:
      - application/json; charset=utf-8
      User-Agent:
      - python/3.9.6 (Windows-10-10.0.19043-SP0) msrest/0.6.21 azure-devops/5.1.0b4
        devOpsCli/0.20.0
      X-TFS-FedAuthRedirect:
      - Suppress
      X-TFS-Session:
      - 44c62670-161f-4661-958f-d04232ae6ca4
      X-VSS-ForceMsaPassThrough:
      - 'true'
    method: GET
    uri: https://dev.azure.com/azuredevopsclitest/_apis/operations/3ca384cb-538d-4598-85f0-25b533a2321f
  response:
    body:
      string: '{"id":"3ca384cb-538d-4598-85f0-25b533a2321f","status":"inProgress","url":"https://dev.azure.com/AzureDevOpsCliTest/_apis/operations/3ca384cb-538d-4598-85f0-25b533a2321f","_links":{"self":{"href":"https://dev.azure.com/AzureDevOpsCliTest/_apis/operations/3ca384cb-538d-4598-85f0-25b533a2321f"}}}'
    headers:
      access-control-expose-headers:
      - Request-Context
      activityid:
      - 25885f2b-99c1-4569-a310-7670fa5d4c57
      cache-control:
      - no-cache
      content-length:
      - '294'
      content-type:
      - application/json; charset=utf-8; api-version=5.0
      date:
      - Mon, 02 Aug 2021 06:43:43 GMT
      expires:
      - '-1'
      p3p:
      - CP="CAO DSP COR ADMa DEV CONo TELo CUR PSA PSD TAI IVDo OUR SAMi BUS DEM NAV
        STA UNI COM INT PHY ONL FIN PUR LOC CNT"
      pragma:
      - no-cache
      request-context:
      - appId=cid-v1:f88d1338-e7ba-4d7b-83e0-e573c40a2f62
      strict-transport-security:
      - max-age=31536000; includeSubDomains
      vary:
      - Accept-Encoding
      x-cache:
      - CONFIG_NOCACHE
      x-content-type-options:
      - nosniff
      x-frame-options:
      - SAMEORIGIN
      x-msedge-ref:
      - 'Ref A: 817400288D074985A4D8C904A8BE564E Ref B: BOM02EDGE0509 Ref C: 2021-08-02T06:43:44Z'
      x-tfs-processid:
      - 8c8de581-2364-4dc6-aa15-ee772257471f
      x-tfs-session:
      - 44c62670-161f-4661-958f-d04232ae6ca4
      x-vss-e2eid:
      - 25885f2b-99c1-4569-a310-7670fa5d4c57
      x-vss-userdata:
      - f092bbfb-bf89-6735-bb3f-18306b9dc073:v-roshansoni@microsoft.com
    status:
      code: 200
      message: OK
- request:
    body: null
    headers:
      Accept:
      - application/json;api-version=5.0
      Accept-Encoding:
      - gzip, deflate
      Connection:
      - keep-alive
      Content-Type:
      - application/json; charset=utf-8
      User-Agent:
      - python/3.9.6 (Windows-10-10.0.19043-SP0) msrest/0.6.21 azure-devops/5.1.0b4
        devOpsCli/0.20.0
      X-TFS-FedAuthRedirect:
      - Suppress
      X-TFS-Session:
      - 44c62670-161f-4661-958f-d04232ae6ca4
      X-VSS-ForceMsaPassThrough:
      - 'true'
    method: GET
    uri: https://dev.azure.com/azuredevopsclitest/_apis/operations/3ca384cb-538d-4598-85f0-25b533a2321f
  response:
    body:
      string: '{"id":"3ca384cb-538d-4598-85f0-25b533a2321f","status":"inProgress","url":"https://dev.azure.com/AzureDevOpsCliTest/_apis/operations/3ca384cb-538d-4598-85f0-25b533a2321f","_links":{"self":{"href":"https://dev.azure.com/AzureDevOpsCliTest/_apis/operations/3ca384cb-538d-4598-85f0-25b533a2321f"}}}'
    headers:
      access-control-expose-headers:
      - Request-Context
      activityid:
      - 37936e69-0663-4afa-af2e-ef05cfd163d1
      cache-control:
      - no-cache
      content-length:
      - '294'
      content-type:
      - application/json; charset=utf-8; api-version=5.0
      date:
      - Mon, 02 Aug 2021 06:43:45 GMT
      expires:
      - '-1'
      p3p:
      - CP="CAO DSP COR ADMa DEV CONo TELo CUR PSA PSD TAI IVDo OUR SAMi BUS DEM NAV
        STA UNI COM INT PHY ONL FIN PUR LOC CNT"
      pragma:
      - no-cache
      request-context:
      - appId=cid-v1:f88d1338-e7ba-4d7b-83e0-e573c40a2f62
      strict-transport-security:
      - max-age=31536000; includeSubDomains
      vary:
      - Accept-Encoding
      x-cache:
      - CONFIG_NOCACHE
      x-content-type-options:
      - nosniff
      x-frame-options:
      - SAMEORIGIN
      x-msedge-ref:
      - 'Ref A: 293F35D7548C4EC99D8294089ADA8FC9 Ref B: BOM02EDGE0509 Ref C: 2021-08-02T06:43:45Z'
      x-tfs-processid:
      - 641087bf-44de-4951-ba05-e434f85c4be1
      x-tfs-session:
      - 44c62670-161f-4661-958f-d04232ae6ca4
      x-vss-e2eid:
      - 37936e69-0663-4afa-af2e-ef05cfd163d1
      x-vss-userdata:
      - f092bbfb-bf89-6735-bb3f-18306b9dc073:v-roshansoni@microsoft.com
    status:
      code: 200
      message: OK
- request:
    body: null
    headers:
      Accept:
      - application/json;api-version=5.0
      Accept-Encoding:
      - gzip, deflate
      Connection:
      - keep-alive
      Content-Type:
      - application/json; charset=utf-8
      User-Agent:
      - python/3.9.6 (Windows-10-10.0.19043-SP0) msrest/0.6.21 azure-devops/5.1.0b4
        devOpsCli/0.20.0
      X-TFS-FedAuthRedirect:
      - Suppress
      X-TFS-Session:
      - 44c62670-161f-4661-958f-d04232ae6ca4
      X-VSS-ForceMsaPassThrough:
      - 'true'
    method: GET
    uri: https://dev.azure.com/azuredevopsclitest/_apis/operations/3ca384cb-538d-4598-85f0-25b533a2321f
  response:
    body:
      string: '{"id":"3ca384cb-538d-4598-85f0-25b533a2321f","status":"inProgress","url":"https://dev.azure.com/AzureDevOpsCliTest/_apis/operations/3ca384cb-538d-4598-85f0-25b533a2321f","_links":{"self":{"href":"https://dev.azure.com/AzureDevOpsCliTest/_apis/operations/3ca384cb-538d-4598-85f0-25b533a2321f"}}}'
    headers:
      access-control-expose-headers:
      - Request-Context
      activityid:
      - 2588539c-99c1-4569-a310-7670fa5d4c57
      cache-control:
      - no-cache
      content-length:
      - '294'
      content-type:
      - application/json; charset=utf-8; api-version=5.0
      date:
      - Mon, 02 Aug 2021 06:43:46 GMT
      expires:
      - '-1'
      p3p:
      - CP="CAO DSP COR ADMa DEV CONo TELo CUR PSA PSD TAI IVDo OUR SAMi BUS DEM NAV
        STA UNI COM INT PHY ONL FIN PUR LOC CNT"
      pragma:
      - no-cache
      request-context:
      - appId=cid-v1:f88d1338-e7ba-4d7b-83e0-e573c40a2f62
      strict-transport-security:
      - max-age=31536000; includeSubDomains
      vary:
      - Accept-Encoding
      x-cache:
      - CONFIG_NOCACHE
      x-content-type-options:
      - nosniff
      x-frame-options:
      - SAMEORIGIN
      x-msedge-ref:
      - 'Ref A: C1DB57AC2051490CA2FA38112C314C4D Ref B: BOM02EDGE0509 Ref C: 2021-08-02T06:43:47Z'
      x-tfs-processid:
      - 8c8de581-2364-4dc6-aa15-ee772257471f
      x-tfs-session:
      - 44c62670-161f-4661-958f-d04232ae6ca4
      x-vss-e2eid:
      - 2588539c-99c1-4569-a310-7670fa5d4c57
      x-vss-userdata:
      - f092bbfb-bf89-6735-bb3f-18306b9dc073:v-roshansoni@microsoft.com
    status:
      code: 200
      message: OK
- request:
    body: null
    headers:
      Accept:
      - application/json;api-version=5.0
      Accept-Encoding:
      - gzip, deflate
      Connection:
      - keep-alive
      Content-Type:
      - application/json; charset=utf-8
      User-Agent:
      - python/3.9.6 (Windows-10-10.0.19043-SP0) msrest/0.6.21 azure-devops/5.1.0b4
        devOpsCli/0.20.0
      X-TFS-FedAuthRedirect:
      - Suppress
      X-TFS-Session:
      - 44c62670-161f-4661-958f-d04232ae6ca4
      X-VSS-ForceMsaPassThrough:
      - 'true'
    method: GET
    uri: https://dev.azure.com/azuredevopsclitest/_apis/operations/3ca384cb-538d-4598-85f0-25b533a2321f
  response:
    body:
      string: '{"id":"3ca384cb-538d-4598-85f0-25b533a2321f","status":"inProgress","url":"https://dev.azure.com/AzureDevOpsCliTest/_apis/operations/3ca384cb-538d-4598-85f0-25b533a2321f","_links":{"self":{"href":"https://dev.azure.com/AzureDevOpsCliTest/_apis/operations/3ca384cb-538d-4598-85f0-25b533a2321f"}}}'
    headers:
      access-control-expose-headers:
      - Request-Context
      activityid:
      - d9ae2cbe-8e84-4a5f-b3e2-9557b41a5c39
      cache-control:
      - no-cache
      content-length:
      - '294'
      content-type:
      - application/json; charset=utf-8; api-version=5.0
      date:
      - Mon, 02 Aug 2021 06:43:47 GMT
      expires:
      - '-1'
      p3p:
      - CP="CAO DSP COR ADMa DEV CONo TELo CUR PSA PSD TAI IVDo OUR SAMi BUS DEM NAV
        STA UNI COM INT PHY ONL FIN PUR LOC CNT"
      pragma:
      - no-cache
      request-context:
      - appId=cid-v1:f88d1338-e7ba-4d7b-83e0-e573c40a2f62
      strict-transport-security:
      - max-age=31536000; includeSubDomains
      vary:
      - Accept-Encoding
      x-cache:
      - CONFIG_NOCACHE
      x-content-type-options:
      - nosniff
      x-frame-options:
      - SAMEORIGIN
      x-msedge-ref:
      - 'Ref A: 73D2C15A02204042A0C86A2A34AD4CDB Ref B: BOM02EDGE0509 Ref C: 2021-08-02T06:43:48Z'
      x-tfs-processid:
      - f39ebd9b-39ab-4418-9166-5a7d74e0d362
      x-tfs-session:
      - 44c62670-161f-4661-958f-d04232ae6ca4
      x-vss-e2eid:
      - d9ae2cbe-8e84-4a5f-b3e2-9557b41a5c39
      x-vss-userdata:
      - f092bbfb-bf89-6735-bb3f-18306b9dc073:v-roshansoni@microsoft.com
    status:
      code: 200
      message: OK
- request:
    body: null
    headers:
      Accept:
      - application/json;api-version=5.0
      Accept-Encoding:
      - gzip, deflate
      Connection:
      - keep-alive
      Content-Type:
      - application/json; charset=utf-8
      User-Agent:
      - python/3.9.6 (Windows-10-10.0.19043-SP0) msrest/0.6.21 azure-devops/5.1.0b4
        devOpsCli/0.20.0
      X-TFS-FedAuthRedirect:
      - Suppress
      X-TFS-Session:
      - 44c62670-161f-4661-958f-d04232ae6ca4
      X-VSS-ForceMsaPassThrough:
      - 'true'
    method: GET
    uri: https://dev.azure.com/azuredevopsclitest/_apis/operations/3ca384cb-538d-4598-85f0-25b533a2321f
  response:
    body:
      string: '{"id":"3ca384cb-538d-4598-85f0-25b533a2321f","status":"inProgress","url":"https://dev.azure.com/AzureDevOpsCliTest/_apis/operations/3ca384cb-538d-4598-85f0-25b533a2321f","_links":{"self":{"href":"https://dev.azure.com/AzureDevOpsCliTest/_apis/operations/3ca384cb-538d-4598-85f0-25b533a2321f"}}}'
    headers:
      access-control-expose-headers:
      - Request-Context
      activityid:
      - 3793651c-0663-4afa-af2e-ef05cfd163d1
      cache-control:
      - no-cache
      content-length:
      - '294'
      content-type:
      - application/json; charset=utf-8; api-version=5.0
      date:
      - Mon, 02 Aug 2021 06:43:49 GMT
      expires:
      - '-1'
      p3p:
      - CP="CAO DSP COR ADMa DEV CONo TELo CUR PSA PSD TAI IVDo OUR SAMi BUS DEM NAV
        STA UNI COM INT PHY ONL FIN PUR LOC CNT"
      pragma:
      - no-cache
      request-context:
      - appId=cid-v1:f88d1338-e7ba-4d7b-83e0-e573c40a2f62
      strict-transport-security:
      - max-age=31536000; includeSubDomains
      vary:
      - Accept-Encoding
      x-cache:
      - CONFIG_NOCACHE
      x-content-type-options:
      - nosniff
      x-frame-options:
      - SAMEORIGIN
      x-msedge-ref:
      - 'Ref A: 351E86C27ACD46A6ABDF295FB36DD132 Ref B: BOM02EDGE0509 Ref C: 2021-08-02T06:43:49Z'
      x-tfs-processid:
      - 641087bf-44de-4951-ba05-e434f85c4be1
      x-tfs-session:
      - 44c62670-161f-4661-958f-d04232ae6ca4
      x-vss-e2eid:
      - 3793651c-0663-4afa-af2e-ef05cfd163d1
      x-vss-userdata:
      - f092bbfb-bf89-6735-bb3f-18306b9dc073:v-roshansoni@microsoft.com
    status:
      code: 200
      message: OK
- request:
    body: null
    headers:
      Accept:
      - application/json;api-version=5.0
      Accept-Encoding:
      - gzip, deflate
      Connection:
      - keep-alive
      Content-Type:
      - application/json; charset=utf-8
      User-Agent:
      - python/3.9.6 (Windows-10-10.0.19043-SP0) msrest/0.6.21 azure-devops/5.1.0b4
        devOpsCli/0.20.0
      X-TFS-FedAuthRedirect:
      - Suppress
      X-TFS-Session:
      - 44c62670-161f-4661-958f-d04232ae6ca4
      X-VSS-ForceMsaPassThrough:
      - 'true'
    method: GET
    uri: https://dev.azure.com/azuredevopsclitest/_apis/operations/3ca384cb-538d-4598-85f0-25b533a2321f
  response:
    body:
      string: '{"id":"3ca384cb-538d-4598-85f0-25b533a2321f","status":"inProgress","url":"https://dev.azure.com/AzureDevOpsCliTest/_apis/operations/3ca384cb-538d-4598-85f0-25b533a2321f","_links":{"self":{"href":"https://dev.azure.com/AzureDevOpsCliTest/_apis/operations/3ca384cb-538d-4598-85f0-25b533a2321f"}}}'
    headers:
      access-control-expose-headers:
      - Request-Context
      activityid:
      - 379364bc-0663-4afa-af2e-ef05cfd163d1
      cache-control:
      - no-cache
      content-length:
      - '294'
      content-type:
      - application/json; charset=utf-8; api-version=5.0
      date:
      - Mon, 02 Aug 2021 06:43:50 GMT
      expires:
      - '-1'
      p3p:
      - CP="CAO DSP COR ADMa DEV CONo TELo CUR PSA PSD TAI IVDo OUR SAMi BUS DEM NAV
        STA UNI COM INT PHY ONL FIN PUR LOC CNT"
      pragma:
      - no-cache
      request-context:
      - appId=cid-v1:f88d1338-e7ba-4d7b-83e0-e573c40a2f62
      strict-transport-security:
      - max-age=31536000; includeSubDomains
      vary:
      - Accept-Encoding
      x-cache:
      - CONFIG_NOCACHE
      x-content-type-options:
      - nosniff
      x-frame-options:
      - SAMEORIGIN
      x-msedge-ref:
      - 'Ref A: F853D3AFD7504B0BB4E0DDDD171220B1 Ref B: BOM02EDGE0509 Ref C: 2021-08-02T06:43:51Z'
      x-tfs-processid:
      - 641087bf-44de-4951-ba05-e434f85c4be1
      x-tfs-session:
      - 44c62670-161f-4661-958f-d04232ae6ca4
      x-vss-e2eid:
      - 379364bc-0663-4afa-af2e-ef05cfd163d1
      x-vss-userdata:
      - f092bbfb-bf89-6735-bb3f-18306b9dc073:v-roshansoni@microsoft.com
    status:
      code: 200
      message: OK
- request:
    body: null
    headers:
      Accept:
      - application/json;api-version=5.0
      Accept-Encoding:
      - gzip, deflate
      Connection:
      - keep-alive
      Content-Type:
      - application/json; charset=utf-8
      User-Agent:
      - python/3.9.6 (Windows-10-10.0.19043-SP0) msrest/0.6.21 azure-devops/5.1.0b4
        devOpsCli/0.20.0
      X-TFS-FedAuthRedirect:
      - Suppress
      X-TFS-Session:
      - 44c62670-161f-4661-958f-d04232ae6ca4
      X-VSS-ForceMsaPassThrough:
      - 'true'
    method: GET
    uri: https://dev.azure.com/azuredevopsclitest/_apis/operations/3ca384cb-538d-4598-85f0-25b533a2321f
  response:
    body:
      string: '{"id":"3ca384cb-538d-4598-85f0-25b533a2321f","status":"inProgress","url":"https://dev.azure.com/AzureDevOpsCliTest/_apis/operations/3ca384cb-538d-4598-85f0-25b533a2321f","_links":{"self":{"href":"https://dev.azure.com/AzureDevOpsCliTest/_apis/operations/3ca384cb-538d-4598-85f0-25b533a2321f"}}}'
    headers:
      access-control-expose-headers:
      - Request-Context
      activityid:
      - 35f781e8-506d-48d9-8de8-42864b3ef816
      cache-control:
      - no-cache
      content-length:
      - '294'
      content-type:
      - application/json; charset=utf-8; api-version=5.0
      date:
      - Mon, 02 Aug 2021 06:43:51 GMT
      expires:
      - '-1'
      p3p:
      - CP="CAO DSP COR ADMa DEV CONo TELo CUR PSA PSD TAI IVDo OUR SAMi BUS DEM NAV
        STA UNI COM INT PHY ONL FIN PUR LOC CNT"
      pragma:
      - no-cache
      request-context:
      - appId=cid-v1:f88d1338-e7ba-4d7b-83e0-e573c40a2f62
      strict-transport-security:
      - max-age=31536000; includeSubDomains
      vary:
      - Accept-Encoding
      x-cache:
      - CONFIG_NOCACHE
      x-content-type-options:
      - nosniff
      x-frame-options:
      - SAMEORIGIN
      x-msedge-ref:
      - 'Ref A: 49316ED8816D48BCADAF969F435B9071 Ref B: BOM02EDGE0509 Ref C: 2021-08-02T06:43:52Z'
      x-tfs-processid:
      - 20672640-f4e7-4c71-813b-cf93ad57ed61
      x-tfs-session:
      - 44c62670-161f-4661-958f-d04232ae6ca4
      x-vss-e2eid:
      - 35f781e8-506d-48d9-8de8-42864b3ef816
      x-vss-userdata:
      - f092bbfb-bf89-6735-bb3f-18306b9dc073:v-roshansoni@microsoft.com
    status:
      code: 200
      message: OK
- request:
    body: null
    headers:
      Accept:
      - application/json;api-version=5.0
      Accept-Encoding:
      - gzip, deflate
      Connection:
      - keep-alive
      Content-Type:
      - application/json; charset=utf-8
      User-Agent:
      - python/3.9.6 (Windows-10-10.0.19043-SP0) msrest/0.6.21 azure-devops/5.1.0b4
        devOpsCli/0.20.0
      X-TFS-FedAuthRedirect:
      - Suppress
      X-TFS-Session:
      - 44c62670-161f-4661-958f-d04232ae6ca4
      X-VSS-ForceMsaPassThrough:
      - 'true'
    method: GET
    uri: https://dev.azure.com/azuredevopsclitest/_apis/operations/3ca384cb-538d-4598-85f0-25b533a2321f
  response:
    body:
      string: '{"id":"3ca384cb-538d-4598-85f0-25b533a2321f","status":"inProgress","url":"https://dev.azure.com/AzureDevOpsCliTest/_apis/operations/3ca384cb-538d-4598-85f0-25b533a2321f","_links":{"self":{"href":"https://dev.azure.com/AzureDevOpsCliTest/_apis/operations/3ca384cb-538d-4598-85f0-25b533a2321f"}}}'
    headers:
      access-control-expose-headers:
      - Request-Context
      activityid:
      - 65f01416-bccc-4f35-bc1b-1ad87c7360e7
      cache-control:
      - no-cache
      content-length:
      - '294'
      content-type:
      - application/json; charset=utf-8; api-version=5.0
      date:
      - Mon, 02 Aug 2021 06:43:53 GMT
      expires:
      - '-1'
      p3p:
      - CP="CAO DSP COR ADMa DEV CONo TELo CUR PSA PSD TAI IVDo OUR SAMi BUS DEM NAV
        STA UNI COM INT PHY ONL FIN PUR LOC CNT"
      pragma:
      - no-cache
      request-context:
      - appId=cid-v1:f88d1338-e7ba-4d7b-83e0-e573c40a2f62
      strict-transport-security:
      - max-age=31536000; includeSubDomains
      vary:
      - Accept-Encoding
      x-cache:
      - CONFIG_NOCACHE
      x-content-type-options:
      - nosniff
      x-frame-options:
      - SAMEORIGIN
      x-msedge-ref:
      - 'Ref A: 8995A200316044F0A6463742CB597195 Ref B: BOM02EDGE0509 Ref C: 2021-08-02T06:43:53Z'
      x-tfs-processid:
      - d2ed75be-c1e1-4463-851f-0bb0277815bb
      x-tfs-session:
      - 44c62670-161f-4661-958f-d04232ae6ca4
      x-vss-e2eid:
      - 65f01416-bccc-4f35-bc1b-1ad87c7360e7
      x-vss-userdata:
      - f092bbfb-bf89-6735-bb3f-18306b9dc073:v-roshansoni@microsoft.com
    status:
      code: 200
      message: OK
- request:
    body: null
    headers:
      Accept:
      - application/json;api-version=5.0
      Accept-Encoding:
      - gzip, deflate
      Connection:
      - keep-alive
      Content-Type:
      - application/json; charset=utf-8
      User-Agent:
      - python/3.9.6 (Windows-10-10.0.19043-SP0) msrest/0.6.21 azure-devops/5.1.0b4
        devOpsCli/0.20.0
      X-TFS-FedAuthRedirect:
      - Suppress
      X-TFS-Session:
      - 44c62670-161f-4661-958f-d04232ae6ca4
      X-VSS-ForceMsaPassThrough:
      - 'true'
    method: GET
    uri: https://dev.azure.com/azuredevopsclitest/_apis/operations/3ca384cb-538d-4598-85f0-25b533a2321f
  response:
    body:
      string: '{"id":"3ca384cb-538d-4598-85f0-25b533a2321f","status":"inProgress","url":"https://dev.azure.com/AzureDevOpsCliTest/_apis/operations/3ca384cb-538d-4598-85f0-25b533a2321f","_links":{"self":{"href":"https://dev.azure.com/AzureDevOpsCliTest/_apis/operations/3ca384cb-538d-4598-85f0-25b533a2321f"}}}'
    headers:
      access-control-expose-headers:
      - Request-Context
      activityid:
      - 2588a98a-99c1-4569-a310-7670fa5d4c57
      cache-control:
      - no-cache
      content-length:
      - '294'
      content-type:
      - application/json; charset=utf-8; api-version=5.0
      date:
      - Mon, 02 Aug 2021 06:43:54 GMT
      expires:
      - '-1'
      p3p:
      - CP="CAO DSP COR ADMa DEV CONo TELo CUR PSA PSD TAI IVDo OUR SAMi BUS DEM NAV
        STA UNI COM INT PHY ONL FIN PUR LOC CNT"
      pragma:
      - no-cache
      request-context:
      - appId=cid-v1:f88d1338-e7ba-4d7b-83e0-e573c40a2f62
      strict-transport-security:
      - max-age=31536000; includeSubDomains
      vary:
      - Accept-Encoding
      x-cache:
      - CONFIG_NOCACHE
      x-content-type-options:
      - nosniff
      x-frame-options:
      - SAMEORIGIN
      x-msedge-ref:
      - 'Ref A: 9C1BE7B452D146D2833F77E06A4E31D2 Ref B: BOM02EDGE0509 Ref C: 2021-08-02T06:43:55Z'
      x-tfs-processid:
      - 8c8de581-2364-4dc6-aa15-ee772257471f
      x-tfs-session:
      - 44c62670-161f-4661-958f-d04232ae6ca4
      x-vss-e2eid:
      - 2588a98a-99c1-4569-a310-7670fa5d4c57
      x-vss-userdata:
      - f092bbfb-bf89-6735-bb3f-18306b9dc073:v-roshansoni@microsoft.com
    status:
      code: 200
      message: OK
- request:
    body: null
    headers:
      Accept:
      - application/json;api-version=5.0
      Accept-Encoding:
      - gzip, deflate
      Connection:
      - keep-alive
      Content-Type:
      - application/json; charset=utf-8
      User-Agent:
      - python/3.9.6 (Windows-10-10.0.19043-SP0) msrest/0.6.21 azure-devops/5.1.0b4
        devOpsCli/0.20.0
      X-TFS-FedAuthRedirect:
      - Suppress
      X-TFS-Session:
      - 44c62670-161f-4661-958f-d04232ae6ca4
      X-VSS-ForceMsaPassThrough:
      - 'true'
    method: GET
    uri: https://dev.azure.com/azuredevopsclitest/_apis/operations/3ca384cb-538d-4598-85f0-25b533a2321f
  response:
    body:
      string: '{"id":"3ca384cb-538d-4598-85f0-25b533a2321f","status":"inProgress","url":"https://dev.azure.com/AzureDevOpsCliTest/_apis/operations/3ca384cb-538d-4598-85f0-25b533a2321f","_links":{"self":{"href":"https://dev.azure.com/AzureDevOpsCliTest/_apis/operations/3ca384cb-538d-4598-85f0-25b533a2321f"}}}'
    headers:
      access-control-expose-headers:
      - Request-Context
      activityid:
      - 055eda30-e9d9-44b2-bf0b-6cf072b59a39
      cache-control:
      - no-cache
      content-length:
      - '294'
      content-type:
      - application/json; charset=utf-8; api-version=5.0
      date:
      - Mon, 02 Aug 2021 06:43:56 GMT
      expires:
      - '-1'
      p3p:
      - CP="CAO DSP COR ADMa DEV CONo TELo CUR PSA PSD TAI IVDo OUR SAMi BUS DEM NAV
        STA UNI COM INT PHY ONL FIN PUR LOC CNT"
      pragma:
      - no-cache
      request-context:
      - appId=cid-v1:f88d1338-e7ba-4d7b-83e0-e573c40a2f62
      strict-transport-security:
      - max-age=31536000; includeSubDomains
      vary:
      - Accept-Encoding
      x-cache:
      - CONFIG_NOCACHE
      x-content-type-options:
      - nosniff
      x-frame-options:
      - SAMEORIGIN
      x-msedge-ref:
      - 'Ref A: F2EA0EC3C85346B9915F6ABE58FA9F49 Ref B: BOM02EDGE0509 Ref C: 2021-08-02T06:43:56Z'
      x-tfs-processid:
      - 69d5872e-8b35-446b-bb01-73f57ba046bb
      x-tfs-session:
      - 44c62670-161f-4661-958f-d04232ae6ca4
      x-vss-e2eid:
      - 055eda30-e9d9-44b2-bf0b-6cf072b59a39
      x-vss-userdata:
      - f092bbfb-bf89-6735-bb3f-18306b9dc073:v-roshansoni@microsoft.com
    status:
      code: 200
      message: OK
- request:
    body: null
    headers:
      Accept:
      - application/json;api-version=5.0
      Accept-Encoding:
      - gzip, deflate
      Connection:
      - keep-alive
      Content-Type:
      - application/json; charset=utf-8
      User-Agent:
      - python/3.9.6 (Windows-10-10.0.19043-SP0) msrest/0.6.21 azure-devops/5.1.0b4
        devOpsCli/0.20.0
      X-TFS-FedAuthRedirect:
      - Suppress
      X-TFS-Session:
      - 44c62670-161f-4661-958f-d04232ae6ca4
      X-VSS-ForceMsaPassThrough:
      - 'true'
    method: GET
    uri: https://dev.azure.com/azuredevopsclitest/_apis/operations/3ca384cb-538d-4598-85f0-25b533a2321f
  response:
    body:
      string: '{"id":"3ca384cb-538d-4598-85f0-25b533a2321f","status":"succeeded","url":"https://dev.azure.com/AzureDevOpsCliTest/_apis/operations/3ca384cb-538d-4598-85f0-25b533a2321f","_links":{"self":{"href":"https://dev.azure.com/AzureDevOpsCliTest/_apis/operations/3ca384cb-538d-4598-85f0-25b533a2321f"}}}'
    headers:
      access-control-expose-headers:
      - Request-Context
      activityid:
      - 65f0106e-bccc-4f35-bc1b-1ad87c7360e7
      cache-control:
      - no-cache
      content-length:
      - '293'
      content-type:
      - application/json; charset=utf-8; api-version=5.0
      date:
      - Mon, 02 Aug 2021 06:43:57 GMT
      expires:
      - '-1'
      p3p:
      - CP="CAO DSP COR ADMa DEV CONo TELo CUR PSA PSD TAI IVDo OUR SAMi BUS DEM NAV
        STA UNI COM INT PHY ONL FIN PUR LOC CNT"
      pragma:
      - no-cache
      request-context:
      - appId=cid-v1:f88d1338-e7ba-4d7b-83e0-e573c40a2f62
      strict-transport-security:
      - max-age=31536000; includeSubDomains
      vary:
      - Accept-Encoding
      x-cache:
      - CONFIG_NOCACHE
      x-content-type-options:
      - nosniff
      x-frame-options:
      - SAMEORIGIN
      x-msedge-ref:
      - 'Ref A: FB1E80F3D3054E9B8EF1B562166018FF Ref B: BOM02EDGE0509 Ref C: 2021-08-02T06:43:58Z'
      x-tfs-processid:
      - d2ed75be-c1e1-4463-851f-0bb0277815bb
      x-tfs-session:
      - 44c62670-161f-4661-958f-d04232ae6ca4
      x-vss-e2eid:
      - 65f0106e-bccc-4f35-bc1b-1ad87c7360e7
      x-vss-userdata:
      - f092bbfb-bf89-6735-bb3f-18306b9dc073:v-roshansoni@microsoft.com
    status:
      code: 200
      message: OK
- request:
    body: null
    headers:
      Accept:
      - application/json;api-version=5.0
      Accept-Encoding:
      - gzip, deflate
      Connection:
      - keep-alive
      Content-Type:
      - application/json; charset=utf-8
      User-Agent:
      - python/3.9.6 (Windows-10-10.0.19043-SP0) msrest/0.6.21 azure-devops/5.1.0b4
        devOpsCli/0.20.0
      X-TFS-FedAuthRedirect:
      - Suppress
      X-TFS-Session:
      - 44c62670-161f-4661-958f-d04232ae6ca4
      X-VSS-ForceMsaPassThrough:
      - 'true'
    method: GET
    uri: https://dev.azure.com/AzureDevOpsCliTest/_apis/projects/refsTests000001?includeCapabilities=true
  response:
    body:
      string: '{"id":"aaebff08-2ccc-4dc8-883e-2be5dd00f240","name":"refsTests000001","url":"https://dev.azure.com/AzureDevOpsCliTest/_apis/projects/aaebff08-2ccc-4dc8-883e-2be5dd00f240","state":"wellFormed","capabilities":{"processTemplate":{"templateName":"Agile","templateTypeId":"adcc42ab-9882-485e-a3ed-7678f01f66bc"},"versioncontrol":{"sourceControlType":"Git","gitEnabled":"True","tfvcEnabled":"False"}},"revision":54954,"_links":{"self":{"href":"https://dev.azure.com/AzureDevOpsCliTest/_apis/projects/aaebff08-2ccc-4dc8-883e-2be5dd00f240"},"collection":{"href":"https://dev.azure.com/AzureDevOpsCliTest/_apis/projectCollections/c7dbc2ae-8e6f-4d56-a594-8298af308cc0"},"web":{"href":"https://dev.azure.com/AzureDevOpsCliTest/refsTests000001"}},"visibility":"private","defaultTeam":{"id":"97d5e52d-a68c-4c9d-a238-8cebe5afd78b","name":"refsTests000001
        Team","url":"https://dev.azure.com/AzureDevOpsCliTest/_apis/projects/aaebff08-2ccc-4dc8-883e-2be5dd00f240/teams/97d5e52d-a68c-4c9d-a238-8cebe5afd78b"},"lastUpdateTime":"2021-08-02T06:43:57.11Z"}'
    headers:
      access-control-expose-headers:
      - Request-Context
      activityid:
      - 37937e34-0663-4afa-af2e-ef05cfd163d1
      cache-control:
      - no-cache
      content-length:
      - '1035'
      content-type:
      - application/json; charset=utf-8; api-version=5.0
      date:
      - Mon, 02 Aug 2021 06:43:58 GMT
      expires:
      - '-1'
      p3p:
      - CP="CAO DSP COR ADMa DEV CONo TELo CUR PSA PSD TAI IVDo OUR SAMi BUS DEM NAV
        STA UNI COM INT PHY ONL FIN PUR LOC CNT"
      pragma:
      - no-cache
      request-context:
      - appId=cid-v1:f88d1338-e7ba-4d7b-83e0-e573c40a2f62
      strict-transport-security:
      - max-age=31536000; includeSubDomains
      vary:
      - Accept-Encoding
      x-cache:
      - CONFIG_NOCACHE
      x-content-type-options:
      - nosniff
      x-frame-options:
      - SAMEORIGIN
      x-msedge-ref:
      - 'Ref A: DF043BD574A34AB9A9A708A631294C29 Ref B: BOM02EDGE0408 Ref C: 2021-08-02T06:43:58Z'
      x-tfs-processid:
      - 641087bf-44de-4951-ba05-e434f85c4be1
      x-tfs-session:
      - 44c62670-161f-4661-958f-d04232ae6ca4
      x-vss-e2eid:
      - 37937e34-0663-4afa-af2e-ef05cfd163d1
      x-vss-userdata:
      - f092bbfb-bf89-6735-bb3f-18306b9dc073:v-roshansoni@microsoft.com
    status:
      code: 200
      message: OK
- request:
    body: '{"name": "refsTests000002"}'
    headers:
      Accept:
      - application/json;api-version=5.0
      Accept-Encoding:
      - gzip, deflate
      Connection:
      - keep-alive
      Content-Length:
      - '27'
      Content-Type:
      - application/json; charset=utf-8
      User-Agent:
      - python/3.9.6 (Windows-10-10.0.19043-SP0) msrest/0.6.21 azure-devops/5.1.0b4
        devOpsCli/0.20.0
      X-TFS-FedAuthRedirect:
      - Suppress
      X-TFS-Session:
      - 44c62670-161f-4661-958f-d04232ae6ca4
      X-VSS-ForceMsaPassThrough:
      - 'true'
    method: POST
    uri: https://dev.azure.com/AzureDevOpsCliTest/aaebff08-2ccc-4dc8-883e-2be5dd00f240/_apis/git/repositories
  response:
    body:
      string: '{"id":"2231f7e3-ceb7-4fde-b784-662cde57ed85","name":"refsTests000002","url":"https://dev.azure.com/AzureDevOpsCliTest/aaebff08-2ccc-4dc8-883e-2be5dd00f240/_apis/git/repositories/2231f7e3-ceb7-4fde-b784-662cde57ed85","project":{"id":"aaebff08-2ccc-4dc8-883e-2be5dd00f240","name":"refsTests000001","url":"https://dev.azure.com/AzureDevOpsCliTest/_apis/projects/aaebff08-2ccc-4dc8-883e-2be5dd00f240","state":"wellFormed","revision":54954,"visibility":"private","lastUpdateTime":"2021-08-02T06:43:57.11Z"},"size":0,"remoteUrl":"https://AzureDevOpsCliTest@dev.azure.com/AzureDevOpsCliTest/refsTests000001/_git/refsTests000002","sshUrl":"git@ssh.dev.azure.com:v3/AzureDevOpsCliTest/refsTests000001/refsTests000002","webUrl":"https://dev.azure.com/AzureDevOpsCliTest/refsTests000001/_git/refsTests000002","isDisabled":false}'
    headers:
      access-control-expose-headers:
      - Request-Context
      activityid:
      - c7e2e0ee-fdff-47d0-b871-7870d5cc4b04
      cache-control:
      - no-cache
      content-length:
      - '817'
      content-type:
      - application/json; charset=utf-8; api-version=5.0
      date:
      - Mon, 02 Aug 2021 06:43:59 GMT
      expires:
      - '-1'
      p3p:
      - CP="CAO DSP COR ADMa DEV CONo TELo CUR PSA PSD TAI IVDo OUR SAMi BUS DEM NAV
        STA UNI COM INT PHY ONL FIN PUR LOC CNT"
      pragma:
      - no-cache
      request-context:
      - appId=cid-v1:f88d1338-e7ba-4d7b-83e0-e573c40a2f62
      strict-transport-security:
      - max-age=31536000; includeSubDomains
      x-cache:
      - CONFIG_NOCACHE
      x-content-type-options:
      - nosniff
      x-frame-options:
      - SAMEORIGIN
      x-msedge-ref:
      - 'Ref A: 5EE8C2FA2B194AA78FFECA28C43357ED Ref B: BOM02EDGE0618 Ref C: 2021-08-02T06:43:59Z'
      x-tfs-processid:
      - 5bd21e06-dc87-4f6e-a6f2-6db14596df37
      x-tfs-session:
      - 44c62670-161f-4661-958f-d04232ae6ca4
      x-vss-e2eid:
      - c7e2e0ee-fdff-47d0-b871-7870d5cc4b04
      x-vss-userdata:
      - f092bbfb-bf89-6735-bb3f-18306b9dc073:v-roshansoni@microsoft.com
    status:
      code: 201
      message: Created
- request:
    body: '{"parameters": {"deleteServiceEndpointAfterImportIsDone": false, "gitSource":
      {"overwrite": false, "url": "https://github.com/hkasera/snakes-and-ladders.git"}}}'
    headers:
      Accept:
      - application/json;api-version=5.0-preview.1
      Accept-Encoding:
      - gzip, deflate
      Connection:
      - keep-alive
      Content-Length:
      - '160'
      Content-Type:
      - application/json; charset=utf-8
      User-Agent:
      - python/3.9.6 (Windows-10-10.0.19043-SP0) msrest/0.6.21 azure-devops/5.1.0b4
        devOpsCli/0.20.0
      X-TFS-FedAuthRedirect:
      - Suppress
      X-TFS-Session:
      - 44c62670-161f-4661-958f-d04232ae6ca4
      X-VSS-ForceMsaPassThrough:
      - 'true'
    method: POST
    uri: https://dev.azure.com/AzureDevOpsCliTest/aaebff08-2ccc-4dc8-883e-2be5dd00f240/_apis/git/repositories/2231f7e3-ceb7-4fde-b784-662cde57ed85/importRequests
  response:
    body:
      string: '{"importRequestId":2341,"repository":{"id":"2231f7e3-ceb7-4fde-b784-662cde57ed85","name":"refsTests000002","url":"https://dev.azure.com/AzureDevOpsCliTest/aaebff08-2ccc-4dc8-883e-2be5dd00f240/_apis/git/repositories/2231f7e3-ceb7-4fde-b784-662cde57ed85","project":{"id":"aaebff08-2ccc-4dc8-883e-2be5dd00f240","name":"refsTests000001","url":"https://dev.azure.com/AzureDevOpsCliTest/_apis/projects/aaebff08-2ccc-4dc8-883e-2be5dd00f240","state":"wellFormed","revision":54954,"visibility":"private","lastUpdateTime":"2021-08-02T06:43:57.11Z"},"size":0,"remoteUrl":"https://AzureDevOpsCliTest@dev.azure.com/AzureDevOpsCliTest/refsTests000001/_git/refsTests000002","sshUrl":"git@ssh.dev.azure.com:v3/AzureDevOpsCliTest/refsTests000001/refsTests000002","webUrl":"https://dev.azure.com/AzureDevOpsCliTest/refsTests000001/_git/refsTests000002","isDisabled":false},"parameters":{"tfvcSource":null,"gitSource":{"url":"https://github.com/hkasera/snakes-and-ladders.git","overwrite":false}},"status":"queued","detailedStatus":{"currentStep":1,"allSteps":["Processing
        request","Analyzing repository objects","Storing objects","Storing index file","Updating
        references","Import completed successfully"]},"_links":{"self":{"href":"https://dev.azure.com/AzureDevOpsCliTest/aaebff08-2ccc-4dc8-883e-2be5dd00f240/_apis/git/repositories/2231f7e3-ceb7-4fde-b784-662cde57ed85/importRequests/2341"},"repository":{"href":"https://dev.azure.com/AzureDevOpsCliTest/aaebff08-2ccc-4dc8-883e-2be5dd00f240/_apis/git/repositories/2231f7e3-ceb7-4fde-b784-662cde57ed85"}},"url":"https://dev.azure.com/AzureDevOpsCliTest/aaebff08-2ccc-4dc8-883e-2be5dd00f240/_apis/git/repositories/2231f7e3-ceb7-4fde-b784-662cde57ed85/importRequests/2341"}'
    headers:
      access-control-expose-headers:
      - Request-Context
      activityid:
      - a6a6075a-6d38-43dd-88fc-5b0c67b24cae
      cache-control:
      - no-cache
      content-length:
      - '1704'
      content-type:
      - application/json; charset=utf-8; api-version=5.0-preview.1
      date:
      - Mon, 02 Aug 2021 06:44:00 GMT
      expires:
      - '-1'
      p3p:
      - CP="CAO DSP COR ADMa DEV CONo TELo CUR PSA PSD TAI IVDo OUR SAMi BUS DEM NAV
        STA UNI COM INT PHY ONL FIN PUR LOC CNT"
      pragma:
      - no-cache
      request-context:
      - appId=cid-v1:f88d1338-e7ba-4d7b-83e0-e573c40a2f62
      strict-transport-security:
      - max-age=31536000; includeSubDomains
      x-cache:
      - CONFIG_NOCACHE
      x-content-type-options:
      - nosniff
      x-frame-options:
      - SAMEORIGIN
      x-msedge-ref:
      - 'Ref A: F925EAE5785A4E4BB20EFAA04C21DF75 Ref B: BOM02EDGE0618 Ref C: 2021-08-02T06:44:00Z'
      x-tfs-processid:
      - d5ec092b-932e-4548-8f44-ad51464b4375
      x-tfs-session:
      - 44c62670-161f-4661-958f-d04232ae6ca4
      x-vss-e2eid:
      - a6a6075a-6d38-43dd-88fc-5b0c67b24cae
      x-vss-userdata:
      - f092bbfb-bf89-6735-bb3f-18306b9dc073:v-roshansoni@microsoft.com
    status:
      code: 201
      message: Created
- request:
    body: null
    headers:
      Accept:
      - application/json;api-version=5.0-preview.1
      Accept-Encoding:
      - gzip, deflate
      Connection:
      - keep-alive
      Content-Type:
      - application/json; charset=utf-8
      User-Agent:
      - python/3.9.6 (Windows-10-10.0.19043-SP0) msrest/0.6.21 azure-devops/5.1.0b4
        devOpsCli/0.20.0
      X-TFS-FedAuthRedirect:
      - Suppress
      X-TFS-Session:
      - 44c62670-161f-4661-958f-d04232ae6ca4
      X-VSS-ForceMsaPassThrough:
      - 'true'
    method: GET
    uri: https://dev.azure.com/AzureDevOpsCliTest/aaebff08-2ccc-4dc8-883e-2be5dd00f240/_apis/git/repositories/2231f7e3-ceb7-4fde-b784-662cde57ed85/importRequests/2341
  response:
    body:
      string: '{"importRequestId":2341,"repository":{"id":"2231f7e3-ceb7-4fde-b784-662cde57ed85","name":"refsTests000002","url":"https://dev.azure.com/AzureDevOpsCliTest/aaebff08-2ccc-4dc8-883e-2be5dd00f240/_apis/git/repositories/2231f7e3-ceb7-4fde-b784-662cde57ed85","project":{"id":"aaebff08-2ccc-4dc8-883e-2be5dd00f240","name":"refsTests000001","url":"https://dev.azure.com/AzureDevOpsCliTest/_apis/projects/aaebff08-2ccc-4dc8-883e-2be5dd00f240","state":"wellFormed","revision":54954,"visibility":"private","lastUpdateTime":"2021-08-02T06:43:57.11Z"},"size":0,"remoteUrl":"https://AzureDevOpsCliTest@dev.azure.com/AzureDevOpsCliTest/refsTests000001/_git/refsTests000002","sshUrl":"git@ssh.dev.azure.com:v3/AzureDevOpsCliTest/refsTests000001/refsTests000002","webUrl":"https://dev.azure.com/AzureDevOpsCliTest/refsTests000001/_git/refsTests000002","isDisabled":false},"parameters":{"tfvcSource":null,"gitSource":{"url":"https://github.com/hkasera/snakes-and-ladders.git","overwrite":false}},"status":"inProgress","detailedStatus":{"currentStep":1,"allSteps":["Processing
        request","Analyzing repository objects","Storing objects","Storing index file","Updating
        references","Import completed successfully"]},"_links":{"self":{"href":"https://dev.azure.com/AzureDevOpsCliTest/aaebff08-2ccc-4dc8-883e-2be5dd00f240/_apis/git/repositories/2231f7e3-ceb7-4fde-b784-662cde57ed85/importRequests/2341"},"repository":{"href":"https://dev.azure.com/AzureDevOpsCliTest/aaebff08-2ccc-4dc8-883e-2be5dd00f240/_apis/git/repositories/2231f7e3-ceb7-4fde-b784-662cde57ed85"}},"url":"https://dev.azure.com/AzureDevOpsCliTest/aaebff08-2ccc-4dc8-883e-2be5dd00f240/_apis/git/repositories/2231f7e3-ceb7-4fde-b784-662cde57ed85/importRequests/2341"}'
    headers:
      access-control-expose-headers:
      - Request-Context
      activityid:
      - 65f02c4d-bccc-4f35-bc1b-1ad87c7360e7
      cache-control:
      - no-cache
      content-length:
      - '1708'
      content-type:
      - application/json; charset=utf-8; api-version=5.0-preview.1
      date:
      - Mon, 02 Aug 2021 06:44:01 GMT
      expires:
      - '-1'
      p3p:
      - CP="CAO DSP COR ADMa DEV CONo TELo CUR PSA PSD TAI IVDo OUR SAMi BUS DEM NAV
        STA UNI COM INT PHY ONL FIN PUR LOC CNT"
      pragma:
      - no-cache
      request-context:
      - appId=cid-v1:f88d1338-e7ba-4d7b-83e0-e573c40a2f62
      strict-transport-security:
      - max-age=31536000; includeSubDomains
      vary:
      - Accept-Encoding
      x-cache:
      - CONFIG_NOCACHE
      x-content-type-options:
      - nosniff
      x-frame-options:
      - SAMEORIGIN
      x-msedge-ref:
      - 'Ref A: C16C50DF8FCE4B70BCCEB687982AC68B Ref B: BOM02EDGE0618 Ref C: 2021-08-02T06:44:01Z'
      x-tfs-processid:
      - d2ed75be-c1e1-4463-851f-0bb0277815bb
      x-tfs-session:
      - 44c62670-161f-4661-958f-d04232ae6ca4
      x-vss-e2eid:
      - 65f02c4d-bccc-4f35-bc1b-1ad87c7360e7
      x-vss-userdata:
      - f092bbfb-bf89-6735-bb3f-18306b9dc073:v-roshansoni@microsoft.com
    status:
      code: 200
      message: OK
- request:
    body: null
    headers:
      Accept:
      - application/json;api-version=5.0-preview.1
      Accept-Encoding:
      - gzip, deflate
      Connection:
      - keep-alive
      Content-Type:
      - application/json; charset=utf-8
      User-Agent:
      - python/3.9.6 (Windows-10-10.0.19043-SP0) msrest/0.6.21 azure-devops/5.1.0b4
        devOpsCli/0.20.0
      X-TFS-FedAuthRedirect:
      - Suppress
      X-TFS-Session:
      - 44c62670-161f-4661-958f-d04232ae6ca4
      X-VSS-ForceMsaPassThrough:
      - 'true'
    method: GET
    uri: https://dev.azure.com/AzureDevOpsCliTest/aaebff08-2ccc-4dc8-883e-2be5dd00f240/_apis/git/repositories/2231f7e3-ceb7-4fde-b784-662cde57ed85/importRequests/2341
  response:
    body:
      string: '{"importRequestId":2341,"repository":{"id":"2231f7e3-ceb7-4fde-b784-662cde57ed85","name":"refsTests000002","url":"https://dev.azure.com/AzureDevOpsCliTest/aaebff08-2ccc-4dc8-883e-2be5dd00f240/_apis/git/repositories/2231f7e3-ceb7-4fde-b784-662cde57ed85","project":{"id":"aaebff08-2ccc-4dc8-883e-2be5dd00f240","name":"refsTests000001","url":"https://dev.azure.com/AzureDevOpsCliTest/_apis/projects/aaebff08-2ccc-4dc8-883e-2be5dd00f240","state":"wellFormed","revision":54954,"visibility":"private","lastUpdateTime":"2021-08-02T06:43:57.11Z"},"size":365172,"remoteUrl":"https://AzureDevOpsCliTest@dev.azure.com/AzureDevOpsCliTest/refsTests000001/_git/refsTests000002","sshUrl":"git@ssh.dev.azure.com:v3/AzureDevOpsCliTest/refsTests000001/refsTests000002","webUrl":"https://dev.azure.com/AzureDevOpsCliTest/refsTests000001/_git/refsTests000002","isDisabled":false},"parameters":{"tfvcSource":null,"gitSource":{"url":"https://github.com/hkasera/snakes-and-ladders.git","overwrite":false}},"status":"completed","detailedStatus":{"currentStep":6,"allSteps":["Processing
        request","Analyzing repository objects","Storing objects","Storing index file","Updating
        references","Import completed successfully"]},"_links":{"self":{"href":"https://dev.azure.com/AzureDevOpsCliTest/aaebff08-2ccc-4dc8-883e-2be5dd00f240/_apis/git/repositories/2231f7e3-ceb7-4fde-b784-662cde57ed85/importRequests/2341"},"repository":{"href":"https://dev.azure.com/AzureDevOpsCliTest/aaebff08-2ccc-4dc8-883e-2be5dd00f240/_apis/git/repositories/2231f7e3-ceb7-4fde-b784-662cde57ed85"}},"url":"https://dev.azure.com/AzureDevOpsCliTest/aaebff08-2ccc-4dc8-883e-2be5dd00f240/_apis/git/repositories/2231f7e3-ceb7-4fde-b784-662cde57ed85/importRequests/2341"}'
    headers:
      access-control-expose-headers:
      - Request-Context
      activityid:
      - 5265c2fa-7d1e-450a-9c0d-3c52b270d916
      cache-control:
      - no-cache
      content-length:
      - '1712'
      content-type:
      - application/json; charset=utf-8; api-version=5.0-preview.1
      date:
      - Mon, 02 Aug 2021 06:44:07 GMT
      expires:
      - '-1'
      p3p:
      - CP="CAO DSP COR ADMa DEV CONo TELo CUR PSA PSD TAI IVDo OUR SAMi BUS DEM NAV
        STA UNI COM INT PHY ONL FIN PUR LOC CNT"
      pragma:
      - no-cache
      request-context:
      - appId=cid-v1:f88d1338-e7ba-4d7b-83e0-e573c40a2f62
      strict-transport-security:
      - max-age=31536000; includeSubDomains
      vary:
      - Accept-Encoding
      x-cache:
      - CONFIG_NOCACHE
      x-content-type-options:
      - nosniff
      x-frame-options:
      - SAMEORIGIN
      x-msedge-ref:
      - 'Ref A: 3F64C44D8C6B41569F77B45710E06733 Ref B: BOM02EDGE0618 Ref C: 2021-08-02T06:44:07Z'
      x-tfs-processid:
      - dbde2dc8-146a-4a9c-9f8b-0d24cea36d6b
      x-tfs-session:
      - 44c62670-161f-4661-958f-d04232ae6ca4
      x-vss-e2eid:
      - 5265c2fa-7d1e-450a-9c0d-3c52b270d916
      x-vss-userdata:
      - f092bbfb-bf89-6735-bb3f-18306b9dc073:v-roshansoni@microsoft.com
    status:
      code: 200
      message: OK
- request:
    body: null
    headers:
      Accept:
      - application/json;api-version=5.0
      Accept-Encoding:
      - gzip, deflate
      Connection:
      - keep-alive
      Content-Type:
      - application/json; charset=utf-8
      User-Agent:
      - python/3.9.6 (Windows-10-10.0.19043-SP0) msrest/0.6.21 azure-devops/5.1.0b4
        devOpsCli/0.20.0
      X-TFS-FedAuthRedirect:
      - Suppress
      X-TFS-Session:
      - 44c62670-161f-4661-958f-d04232ae6ca4
      X-VSS-ForceMsaPassThrough:
      - 'true'
    method: GET
    uri: https://dev.azure.com/AzureDevOpsCliTest/refsTests000001/_apis/git/repositories/refsTests000002/refs
  response:
    body:
      string: '{"value":[{"name":"refs/heads/gh-pages","objectId":"e0d501db4f5a08fe212e8ed7a8e8035fbef62416","creator":{"displayName":"Roshan
        Soni (SyrenCloud LLC)","url":"https://spsprodeus27.vssps.visualstudio.com/A7c99ee7a-2f66-402d-8f43-a0a00a75559b/_apis/Identities/f092bbfb-bf89-6735-bb3f-18306b9dc073","_links":{"avatar":{"href":"https://dev.azure.com/AzureDevOpsCliTest/_apis/GraphProfile/MemberAvatars/aad.ZjA5MmJiZmItYmY4OS03NzM1LWJiM2YtMTgzMDZiOWRjMDcz"}},"id":"f092bbfb-bf89-6735-bb3f-18306b9dc073","uniqueName":"v-roshansoni@microsoft.com","imageUrl":"https://dev.azure.com/AzureDevOpsCliTest/_api/_common/identityImage?id=f092bbfb-bf89-6735-bb3f-18306b9dc073","descriptor":"aad.ZjA5MmJiZmItYmY4OS03NzM1LWJiM2YtMTgzMDZiOWRjMDcz"},"url":"https://dev.azure.com/AzureDevOpsCliTest/aaebff08-2ccc-4dc8-883e-2be5dd00f240/_apis/git/repositories/2231f7e3-ceb7-4fde-b784-662cde57ed85/refs?filter=heads%2Fgh-pages"},{"name":"refs/heads/master","objectId":"c06ae011e801fea6e915d5a779f3322e6f5301a1","creator":{"displayName":"Roshan
        Soni (SyrenCloud LLC)","url":"https://spsprodeus27.vssps.visualstudio.com/A7c99ee7a-2f66-402d-8f43-a0a00a75559b/_apis/Identities/f092bbfb-bf89-6735-bb3f-18306b9dc073","_links":{"avatar":{"href":"https://dev.azure.com/AzureDevOpsCliTest/_apis/GraphProfile/MemberAvatars/aad.ZjA5MmJiZmItYmY4OS03NzM1LWJiM2YtMTgzMDZiOWRjMDcz"}},"id":"f092bbfb-bf89-6735-bb3f-18306b9dc073","uniqueName":"v-roshansoni@microsoft.com","imageUrl":"https://dev.azure.com/AzureDevOpsCliTest/_api/_common/identityImage?id=f092bbfb-bf89-6735-bb3f-18306b9dc073","descriptor":"aad.ZjA5MmJiZmItYmY4OS03NzM1LWJiM2YtMTgzMDZiOWRjMDcz"},"url":"https://dev.azure.com/AzureDevOpsCliTest/aaebff08-2ccc-4dc8-883e-2be5dd00f240/_apis/git/repositories/2231f7e3-ceb7-4fde-b784-662cde57ed85/refs?filter=heads%2Fmaster"}],"count":2}'
    headers:
      access-control-expose-headers:
      - Request-Context
      activityid:
      - c7e2d6d5-fdff-47d0-b871-7870d5cc4b04
      cache-control:
      - no-cache
      content-length:
      - '1805'
      content-type:
      - application/json; charset=utf-8; api-version=5.0
      date:
      - Mon, 02 Aug 2021 06:44:07 GMT
      expires:
      - '-1'
      p3p:
      - CP="CAO DSP COR ADMa DEV CONo TELo CUR PSA PSD TAI IVDo OUR SAMi BUS DEM NAV
        STA UNI COM INT PHY ONL FIN PUR LOC CNT"
      pragma:
      - no-cache
      request-context:
      - appId=cid-v1:f88d1338-e7ba-4d7b-83e0-e573c40a2f62
      strict-transport-security:
      - max-age=31536000; includeSubDomains
      transfer-encoding:
      - chunked
      x-cache:
      - CONFIG_NOCACHE
      x-content-type-options:
      - nosniff
      x-frame-options:
      - SAMEORIGIN
      x-msedge-ref:
      - 'Ref A: A476205A3A48435FA6159CF678D50D83 Ref B: BOM02EDGE0618 Ref C: 2021-08-02T06:44:08Z'
      x-tfs-processid:
      - 5bd21e06-dc87-4f6e-a6f2-6db14596df37
      x-tfs-session:
      - 44c62670-161f-4661-958f-d04232ae6ca4
      x-vss-e2eid:
      - c7e2d6d5-fdff-47d0-b871-7870d5cc4b04
      x-vss-userdata:
      - f092bbfb-bf89-6735-bb3f-18306b9dc073:v-roshansoni@microsoft.com
    status:
      code: 200
      message: OK
- request:
    body: '[{"isLocked": false, "name": "refs/heads/branchnametocreate", "newObjectId":
      "e0d501db4f5a08fe212e8ed7a8e8035fbef62416", "oldObjectId": "0000000000000000000000000000000000000000"}]'
    headers:
      Accept:
      - application/json;api-version=5.0
      Accept-Encoding:
      - gzip, deflate
      Connection:
      - keep-alive
      Content-Length:
      - '180'
      Content-Type:
      - application/json; charset=utf-8
      User-Agent:
      - python/3.9.6 (Windows-10-10.0.19043-SP0) msrest/0.6.21 azure-devops/5.1.0b4
        devOpsCli/0.20.0
      X-TFS-FedAuthRedirect:
      - Suppress
      X-TFS-Session:
      - 44c62670-161f-4661-958f-d04232ae6ca4
      X-VSS-ForceMsaPassThrough:
      - 'true'
    method: POST
    uri: https://dev.azure.com/AzureDevOpsCliTest/refsTests000001/_apis/git/repositories/refsTests000002/refs
  response:
    body:
      string: '{"value":[{"repositoryId":"2231f7e3-ceb7-4fde-b784-662cde57ed85","name":"refs/heads/branchnametocreate","oldObjectId":"0000000000000000000000000000000000000000","newObjectId":"e0d501db4f5a08fe212e8ed7a8e8035fbef62416","isLocked":false,"updateStatus":"succeeded","success":true}],"count":1}'
    headers:
      access-control-expose-headers:
      - Request-Context
      activityid:
      - 2588b841-99c1-4569-a310-7670fa5d4c57
      cache-control:
      - no-cache
      content-length:
      - '289'
      content-type:
      - application/json; charset=utf-8; api-version=5.0
      date:
      - Mon, 02 Aug 2021 06:44:08 GMT
      expires:
      - '-1'
      p3p:
      - CP="CAO DSP COR ADMa DEV CONo TELo CUR PSA PSD TAI IVDo OUR SAMi BUS DEM NAV
        STA UNI COM INT PHY ONL FIN PUR LOC CNT"
      pragma:
      - no-cache
      request-context:
      - appId=cid-v1:f88d1338-e7ba-4d7b-83e0-e573c40a2f62
      strict-transport-security:
      - max-age=31536000; includeSubDomains
      transfer-encoding:
      - chunked
      x-cache:
      - CONFIG_NOCACHE
      x-content-type-options:
      - nosniff
      x-frame-options:
      - SAMEORIGIN
      x-msedge-ref:
      - 'Ref A: 931CC037E6BD48A8904E0B4701CCDB4D Ref B: BOM02EDGE0618 Ref C: 2021-08-02T06:44:08Z'
      x-tfs-processid:
      - 8c8de581-2364-4dc6-aa15-ee772257471f
      x-tfs-session:
      - 44c62670-161f-4661-958f-d04232ae6ca4
      x-vss-e2eid:
      - 2588b841-99c1-4569-a310-7670fa5d4c57
      x-vss-userdata:
      - f092bbfb-bf89-6735-bb3f-18306b9dc073:v-roshansoni@microsoft.com
    status:
      code: 200
      message: OK
- request:
    body: null
    headers:
      Accept:
      - application/json;api-version=5.0
      Accept-Encoding:
      - gzip, deflate
      Connection:
      - keep-alive
      Content-Type:
      - application/json; charset=utf-8
      User-Agent:
      - python/3.9.6 (Windows-10-10.0.19043-SP0) msrest/0.6.21 azure-devops/5.1.0b4
        devOpsCli/0.20.0
      X-TFS-FedAuthRedirect:
      - Suppress
      X-TFS-Session:
      - 44c62670-161f-4661-958f-d04232ae6ca4
      X-VSS-ForceMsaPassThrough:
      - 'true'
    method: GET
    uri: https://dev.azure.com/AzureDevOpsCliTest/refsTests000001/_apis/git/repositories/refsTests000002/refs?filter=heads%2Fbranchnametocreate
  response:
    body:
      string: '{"value":[{"name":"refs/heads/branchnametocreate","objectId":"e0d501db4f5a08fe212e8ed7a8e8035fbef62416","creator":{"displayName":"Roshan
        Soni (SyrenCloud LLC)","url":"https://spsprodeus27.vssps.visualstudio.com/A7c99ee7a-2f66-402d-8f43-a0a00a75559b/_apis/Identities/f092bbfb-bf89-6735-bb3f-18306b9dc073","_links":{"avatar":{"href":"https://dev.azure.com/AzureDevOpsCliTest/_apis/GraphProfile/MemberAvatars/aad.ZjA5MmJiZmItYmY4OS03NzM1LWJiM2YtMTgzMDZiOWRjMDcz"}},"id":"f092bbfb-bf89-6735-bb3f-18306b9dc073","uniqueName":"v-roshansoni@microsoft.com","imageUrl":"https://dev.azure.com/AzureDevOpsCliTest/_api/_common/identityImage?id=f092bbfb-bf89-6735-bb3f-18306b9dc073","descriptor":"aad.ZjA5MmJiZmItYmY4OS03NzM1LWJiM2YtMTgzMDZiOWRjMDcz"},"url":"https://dev.azure.com/AzureDevOpsCliTest/aaebff08-2ccc-4dc8-883e-2be5dd00f240/_apis/git/repositories/2231f7e3-ceb7-4fde-b784-662cde57ed85/refs?filter=heads%2Fbranchnametocreate"}],"count":1}'
    headers:
      access-control-expose-headers:
      - Request-Context
      activityid:
      - 8cf5a363-7cd0-4197-8ea4-c986e2f531e4
      cache-control:
      - no-cache
      content-length:
      - '935'
      content-type:
      - application/json; charset=utf-8; api-version=5.0
      date:
      - Mon, 02 Aug 2021 06:44:09 GMT
      expires:
      - '-1'
      p3p:
      - CP="CAO DSP COR ADMa DEV CONo TELo CUR PSA PSD TAI IVDo OUR SAMi BUS DEM NAV
        STA UNI COM INT PHY ONL FIN PUR LOC CNT"
      pragma:
      - no-cache
      request-context:
      - appId=cid-v1:f88d1338-e7ba-4d7b-83e0-e573c40a2f62
      strict-transport-security:
      - max-age=31536000; includeSubDomains
      transfer-encoding:
      - chunked
      x-cache:
      - CONFIG_NOCACHE
      x-content-type-options:
      - nosniff
      x-frame-options:
      - SAMEORIGIN
      x-msedge-ref:
      - 'Ref A: E1548376C4B04FEE8DEDB5742ED95326 Ref B: BOM02EDGE0618 Ref C: 2021-08-02T06:44:09Z'
      x-tfs-processid:
      - b7a44b97-153b-4a90-89ce-96056d0c28d6
      x-tfs-session:
      - 44c62670-161f-4661-958f-d04232ae6ca4
      x-vss-e2eid:
      - 8cf5a363-7cd0-4197-8ea4-c986e2f531e4
      x-vss-userdata:
      - f092bbfb-bf89-6735-bb3f-18306b9dc073:v-roshansoni@microsoft.com
    status:
      code: 200
      message: OK
- request:
    body: '[{"name": "refs/heads/branchnametocreate", "newObjectId": "0000000000000000000000000000000000000000",
      "oldObjectId": "e0d501db4f5a08fe212e8ed7a8e8035fbef62416"}]'
    headers:
      Accept:
      - application/json;api-version=5.0
      Accept-Encoding:
      - gzip, deflate
      Connection:
      - keep-alive
      Content-Length:
      - '161'
      Content-Type:
      - application/json; charset=utf-8
      User-Agent:
      - python/3.9.6 (Windows-10-10.0.19043-SP0) msrest/0.6.21 azure-devops/5.1.0b4
        devOpsCli/0.20.0
      X-TFS-FedAuthRedirect:
      - Suppress
      X-TFS-Session:
      - 44c62670-161f-4661-958f-d04232ae6ca4
      X-VSS-ForceMsaPassThrough:
      - 'true'
    method: POST
    uri: https://dev.azure.com/AzureDevOpsCliTest/refsTests000001/_apis/git/repositories/refsTests000002/refs
  response:
    body:
      string: '{"value":[{"repositoryId":"2231f7e3-ceb7-4fde-b784-662cde57ed85","name":"refs/heads/branchnametocreate","oldObjectId":"e0d501db4f5a08fe212e8ed7a8e8035fbef62416","newObjectId":"0000000000000000000000000000000000000000","isLocked":false,"updateStatus":"succeeded","success":true}],"count":1}'
    headers:
      access-control-expose-headers:
      - Request-Context
      activityid:
      - 65f022f7-bccc-4f35-bc1b-1ad87c7360e7
      cache-control:
      - no-cache
      content-length:
      - '289'
      content-type:
      - application/json; charset=utf-8; api-version=5.0
      date:
      - Mon, 02 Aug 2021 06:44:10 GMT
      expires:
      - '-1'
      p3p:
      - CP="CAO DSP COR ADMa DEV CONo TELo CUR PSA PSD TAI IVDo OUR SAMi BUS DEM NAV
        STA UNI COM INT PHY ONL FIN PUR LOC CNT"
      pragma:
      - no-cache
      request-context:
      - appId=cid-v1:f88d1338-e7ba-4d7b-83e0-e573c40a2f62
      strict-transport-security:
      - max-age=31536000; includeSubDomains
      transfer-encoding:
      - chunked
      x-cache:
      - CONFIG_NOCACHE
      x-content-type-options:
      - nosniff
      x-frame-options:
      - SAMEORIGIN
      x-msedge-ref:
      - 'Ref A: 22B9CD5580984A3489032EE7A6CEB6AF Ref B: BOM02EDGE0618 Ref C: 2021-08-02T06:44:10Z'
      x-tfs-processid:
      - d2ed75be-c1e1-4463-851f-0bb0277815bb
      x-tfs-session:
      - 44c62670-161f-4661-958f-d04232ae6ca4
      x-vss-e2eid:
      - 65f022f7-bccc-4f35-bc1b-1ad87c7360e7
      x-vss-userdata:
      - f092bbfb-bf89-6735-bb3f-18306b9dc073:v-roshansoni@microsoft.com
    status:
      code: 200
      message: OK
- request:
    body: null
    headers:
      Accept:
      - application/json;api-version=5.0
      Accept-Encoding:
      - gzip, deflate
      Connection:
      - keep-alive
      Content-Length:
      - '0'
      Content-Type:
      - application/json; charset=utf-8
      User-Agent:
      - python/3.9.6 (Windows-10-10.0.19043-SP0) msrest/0.6.21 azure-devops/5.1.0b4
        devOpsCli/0.20.0
      X-TFS-FedAuthRedirect:
      - Suppress
      X-TFS-Session:
      - 44c62670-161f-4661-958f-d04232ae6ca4
      X-VSS-ForceMsaPassThrough:
      - 'true'
    method: DELETE
    uri: https://dev.azure.com/AzureDevOpsCliTest/_apis/projects/aaebff08-2ccc-4dc8-883e-2be5dd00f240
  response:
    body:
      string: '{"id":"7d64a7dd-64d1-4a65-99ad-dcfe15855a2e","status":"notSet","url":"https://dev.azure.com/AzureDevOpsCliTest/_apis/operations/7d64a7dd-64d1-4a65-99ad-dcfe15855a2e"}'
    headers:
      access-control-expose-headers:
      - Request-Context
      activityid:
      - 8cf5a1b9-7cd0-4197-8ea4-c986e2f531e4
      cache-control:
      - no-cache
      content-length:
      - '166'
      content-type:
      - application/json; charset=utf-8; api-version=5.0
      date:
      - Mon, 02 Aug 2021 06:44:10 GMT
      expires:
      - '-1'
      p3p:
      - CP="CAO DSP COR ADMa DEV CONo TELo CUR PSA PSD TAI IVDo OUR SAMi BUS DEM NAV
        STA UNI COM INT PHY ONL FIN PUR LOC CNT"
      pragma:
      - no-cache
      request-context:
      - appId=cid-v1:f88d1338-e7ba-4d7b-83e0-e573c40a2f62
      strict-transport-security:
      - max-age=31536000; includeSubDomains
      x-cache:
      - CONFIG_NOCACHE
      x-content-type-options:
      - nosniff
      x-frame-options:
      - SAMEORIGIN
      x-msedge-ref:
      - 'Ref A: 0EBD0B2A65BE4ACFA8E2EB85DE403202 Ref B: BOM02EDGE0408 Ref C: 2021-08-02T06:44:11Z'
      x-tfs-processid:
      - b7a44b97-153b-4a90-89ce-96056d0c28d6
      x-tfs-session:
      - 44c62670-161f-4661-958f-d04232ae6ca4
      x-vss-e2eid:
      - 8cf5a1b9-7cd0-4197-8ea4-c986e2f531e4
      x-vss-userdata:
      - f092bbfb-bf89-6735-bb3f-18306b9dc073:v-roshansoni@microsoft.com
    status:
      code: 202
      message: Accepted
- request:
    body: null
    headers:
      Accept:
      - application/json;api-version=5.0
      Accept-Encoding:
      - gzip, deflate
      Connection:
      - keep-alive
      Content-Type:
      - application/json; charset=utf-8
      User-Agent:
      - python/3.9.6 (Windows-10-10.0.19043-SP0) msrest/0.6.21 azure-devops/5.1.0b4
        devOpsCli/0.20.0
      X-TFS-FedAuthRedirect:
      - Suppress
      X-TFS-Session:
      - 44c62670-161f-4661-958f-d04232ae6ca4
      X-VSS-ForceMsaPassThrough:
      - 'true'
    method: GET
    uri: https://dev.azure.com/azuredevopsclitest/_apis/operations/7d64a7dd-64d1-4a65-99ad-dcfe15855a2e
  response:
    body:
      string: '{"id":"7d64a7dd-64d1-4a65-99ad-dcfe15855a2e","status":"inProgress","url":"https://dev.azure.com/AzureDevOpsCliTest/_apis/operations/7d64a7dd-64d1-4a65-99ad-dcfe15855a2e","_links":{"self":{"href":"https://dev.azure.com/AzureDevOpsCliTest/_apis/operations/7d64a7dd-64d1-4a65-99ad-dcfe15855a2e"}}}'
    headers:
      access-control-expose-headers:
      - Request-Context
      activityid:
      - 2588bf23-99c1-4569-a310-7670fa5d4c57
      cache-control:
      - no-cache
      content-length:
      - '294'
      content-type:
      - application/json; charset=utf-8; api-version=5.0
      date:
      - Mon, 02 Aug 2021 06:44:11 GMT
      expires:
      - '-1'
      p3p:
      - CP="CAO DSP COR ADMa DEV CONo TELo CUR PSA PSD TAI IVDo OUR SAMi BUS DEM NAV
        STA UNI COM INT PHY ONL FIN PUR LOC CNT"
      pragma:
      - no-cache
      request-context:
      - appId=cid-v1:f88d1338-e7ba-4d7b-83e0-e573c40a2f62
      strict-transport-security:
      - max-age=31536000; includeSubDomains
      vary:
      - Accept-Encoding
      x-cache:
      - CONFIG_NOCACHE
      x-content-type-options:
      - nosniff
      x-frame-options:
      - SAMEORIGIN
      x-msedge-ref:
      - 'Ref A: 5344BB8B8472489EA92E55F2FDF04472 Ref B: BOM02EDGE0509 Ref C: 2021-08-02T06:44:11Z'
      x-tfs-processid:
      - 8c8de581-2364-4dc6-aa15-ee772257471f
      x-tfs-session:
      - 44c62670-161f-4661-958f-d04232ae6ca4
      x-vss-e2eid:
      - 2588bf23-99c1-4569-a310-7670fa5d4c57
      x-vss-userdata:
      - f092bbfb-bf89-6735-bb3f-18306b9dc073:v-roshansoni@microsoft.com
    status:
      code: 200
      message: OK
- request:
    body: null
    headers:
      Accept:
      - application/json;api-version=5.0
      Accept-Encoding:
      - gzip, deflate
      Connection:
      - keep-alive
      Content-Type:
      - application/json; charset=utf-8
      User-Agent:
      - python/3.9.6 (Windows-10-10.0.19043-SP0) msrest/0.6.21 azure-devops/5.1.0b4
        devOpsCli/0.20.0
      X-TFS-FedAuthRedirect:
      - Suppress
      X-TFS-Session:
      - 44c62670-161f-4661-958f-d04232ae6ca4
      X-VSS-ForceMsaPassThrough:
      - 'true'
    method: GET
    uri: https://dev.azure.com/azuredevopsclitest/_apis/operations/7d64a7dd-64d1-4a65-99ad-dcfe15855a2e
  response:
    body:
      string: '{"id":"7d64a7dd-64d1-4a65-99ad-dcfe15855a2e","status":"succeeded","url":"https://dev.azure.com/AzureDevOpsCliTest/_apis/operations/7d64a7dd-64d1-4a65-99ad-dcfe15855a2e","_links":{"self":{"href":"https://dev.azure.com/AzureDevOpsCliTest/_apis/operations/7d64a7dd-64d1-4a65-99ad-dcfe15855a2e"}}}'
    headers:
      access-control-expose-headers:
      - Request-Context
      activityid:
      - 5265bbb9-7d1e-450a-9c0d-3c52b270d916
      cache-control:
      - no-cache
      content-length:
      - '293'
      content-type:
      - application/json; charset=utf-8; api-version=5.0
      date:
      - Mon, 02 Aug 2021 06:44:13 GMT
      expires:
      - '-1'
      p3p:
      - CP="CAO DSP COR ADMa DEV CONo TELo CUR PSA PSD TAI IVDo OUR SAMi BUS DEM NAV
        STA UNI COM INT PHY ONL FIN PUR LOC CNT"
      pragma:
      - no-cache
      request-context:
      - appId=cid-v1:f88d1338-e7ba-4d7b-83e0-e573c40a2f62
      strict-transport-security:
      - max-age=31536000; includeSubDomains
      vary:
      - Accept-Encoding
      x-cache:
      - CONFIG_NOCACHE
      x-content-type-options:
      - nosniff
      x-frame-options:
      - SAMEORIGIN
      x-msedge-ref:
      - 'Ref A: 5AF2902014DF46B29352754DBBDA58A9 Ref B: BOM02EDGE0509 Ref C: 2021-08-02T06:44:12Z'
      x-tfs-processid:
      - dbde2dc8-146a-4a9c-9f8b-0d24cea36d6b
      x-tfs-session:
      - 44c62670-161f-4661-958f-d04232ae6ca4
      x-vss-e2eid:
      - 5265bbb9-7d1e-450a-9c0d-3c52b270d916
      x-vss-userdata:
      - f092bbfb-bf89-6735-bb3f-18306b9dc073:v-roshansoni@microsoft.com
    status:
      code: 200
      message: OK
version: 1