interactions:
- request:
    body: null
    headers:
      Accept:
      - application/json;api-version=5.0
      Accept-Encoding:
      - gzip, deflate
      Connection:
      - keep-alive
      Content-Type:
      - application/json; charset=utf-8
      User-Agent:
      - python/3.9.7 (Windows-10-10.0.19043-SP0) msrest/0.6.21 azure-devops/5.1.0b4
        devOpsCli/0.21.0
      X-TFS-FedAuthRedirect:
      - Suppress
      X-TFS-Session:
      - fa01fc13-fae1-4aa7-8281-b0927f34608e
      X-VSS-ForceMsaPassThrough:
      - 'true'
    method: GET
    uri: https://dev.azure.com/devops-cli-test-org/buildtests/_apis/build/Definitions?name=BuildTests%20Definition1
  response:
    body:
      string: '{"count":1,"value":[{"_links":{"self":{"href":"https://dev.azure.com/devops-cli-test-org/cbd677f8-2300-4c22-b049-ba631347c447/_apis/build/Definitions/26?revision=2"},"web":{"href":"https://dev.azure.com/devops-cli-test-org/cbd677f8-2300-4c22-b049-ba631347c447/_build/definition?definitionId=26"},"editor":{"href":"https://dev.azure.com/devops-cli-test-org/cbd677f8-2300-4c22-b049-ba631347c447/_build/designer?id=26&_a=edit-build-definition"},"badge":{"href":"https://dev.azure.com/devops-cli-test-org/cbd677f8-2300-4c22-b049-ba631347c447/_apis/build/status/26"}},"quality":"definition","authoredBy":{"displayName":"Devops
        Cli","url":"https://spsprodsin2.vssps.visualstudio.com/Ab5db41ca-f3ef-48ce-a8e3-7d282463dbe2/_apis/Identities/60a59117-a1ed-6677-ab04-b3de5aa38954","_links":{"avatar":{"href":"https://dev.azure.com/devops-cli-test-org/_apis/GraphProfile/MemberAvatars/msa.NjBhNTkxMTctYTFlZC03Njc3LWFiMDQtYjNkZTVhYTM4OTU0"}},"id":"60a59117-a1ed-6677-ab04-b3de5aa38954","uniqueName":"devops-cli@outlook.com","imageUrl":"https://dev.azure.com/devops-cli-test-org/_apis/GraphProfile/MemberAvatars/msa.NjBhNTkxMTctYTFlZC03Njc3LWFiMDQtYjNkZTVhYTM4OTU0","descriptor":"msa.NjBhNTkxMTctYTFlZC03Njc3LWFiMDQtYjNkZTVhYTM4OTU0"},"drafts":[],"queue":{"_links":{"self":{"href":"https://dev.azure.com/devops-cli-test-org/_apis/build/Queues/1961"}},"id":1961,"name":"Hosted
        Ubuntu 1604","url":"https://dev.azure.com/devops-cli-test-org/_apis/build/Queues/1961","pool":{"id":8,"name":"Hosted
        Ubuntu 1604","isHosted":true}},"id":26,"name":"BuildTests Definition1","url":"https://dev.azure.com/devops-cli-test-org/cbd677f8-2300-4c22-b049-ba631347c447/_apis/build/Definitions/26?revision=2","uri":"vstfs:///Build/Definition/26","path":"\\","type":"build","queueStatus":"enabled","revision":2,"createdDate":"2021-09-03T06:34:28.197Z","project":{"id":"cbd677f8-2300-4c22-b049-ba631347c447","name":"BuildTests","url":"https://dev.azure.com/devops-cli-test-org/_apis/projects/cbd677f8-2300-4c22-b049-ba631347c447","state":"wellFormed","revision":2248,"visibility":"public","lastUpdateTime":"2021-09-03T06:29:58.75Z"}}]}'
    headers:
      access-control-expose-headers:
      - Request-Context
      activityid:
      - 0034a208-f719-4573-9e83-a3799b790e87
      cache-control:
      - no-cache
      content-length:
      - '2099'
      content-type:
      - application/json; charset=utf-8; api-version=5.0
      date:
      - Mon, 06 Sep 2021 06:48:28 GMT
      expires:
      - '-1'
      p3p:
      - CP="CAO DSP COR ADMa DEV CONo TELo CUR PSA PSD TAI IVDo OUR SAMi BUS DEM NAV
        STA UNI COM INT PHY ONL FIN PUR LOC CNT"
      pragma:
      - no-cache
      request-context:
      - appId=cid-v1:a892bfef-0287-4640-9f5e-cffc90fbcf94
      strict-transport-security:
      - max-age=31536000; includeSubDomains
      vary:
      - Accept-Encoding
      x-cache:
      - CONFIG_NOCACHE
      x-content-type-options:
      - nosniff
      x-frame-options:
      - SAMEORIGIN
      x-msedge-ref:
      - 'Ref A: 14F55532447B481A822E5D0773C34ECA Ref B: BOM02EDGE0618 Ref C: 2021-09-06T06:48:29Z'
      x-tfs-processid:
      - e61ae7bb-4c69-43bd-b918-91f3e5e406a9
      x-tfs-session:
      - fa01fc13-fae1-4aa7-8281-b0927f34608e
      x-vss-e2eid:
      - 0034a208-f719-4573-9e83-a3799b790e87
      x-vss-senderdeploymentid:
      - ed30ce5c-9d0a-f73c-3580-4315c7f84d83
      x-vss-userdata:
      - 60a59117-a1ed-6677-ab04-b3de5aa38954:devops-cli@outlook.com
    status:
      code: 200
      message: OK
- request:
    body: '{"definition": {"id": 26}}'
    headers:
      Accept:
      - application/json;api-version=5.0
      Accept-Encoding:
      - gzip, deflate
      Connection:
      - keep-alive
      Content-Length:
      - '26'
      Content-Type:
      - application/json; charset=utf-8
      User-Agent:
      - python/3.9.7 (Windows-10-10.0.19043-SP0) msrest/0.6.21 azure-devops/5.1.0b4
        devOpsCli/0.21.0
      X-TFS-FedAuthRedirect:
      - Suppress
      X-TFS-Session:
      - fa01fc13-fae1-4aa7-8281-b0927f34608e
      X-VSS-ForceMsaPassThrough:
      - 'true'
    method: POST
    uri: https://dev.azure.com/devops-cli-test-org/buildtests/_apis/build/Builds
  response:
    body:
      string: '{"_links":{"self":{"href":"https://dev.azure.com/devops-cli-test-org/cbd677f8-2300-4c22-b049-ba631347c447/_apis/build/Builds/32"},"web":{"href":"https://dev.azure.com/devops-cli-test-org/cbd677f8-2300-4c22-b049-ba631347c447/_build/results?buildId=32"},"sourceVersionDisplayUri":{"href":"https://dev.azure.com/devops-cli-test-org/cbd677f8-2300-4c22-b049-ba631347c447/_apis/build/builds/32/sources"},"timeline":{"href":"https://dev.azure.com/devops-cli-test-org/cbd677f8-2300-4c22-b049-ba631347c447/_apis/build/builds/32/Timeline"},"badge":{"href":"https://dev.azure.com/devops-cli-test-org/cbd677f8-2300-4c22-b049-ba631347c447/_apis/build/status/26"}},"properties":{},"tags":[],"validationResults":[],"plans":[{"planId":"2177b92b-d04b-4f38-9959-6d2ee1986cbf"}],"triggerInfo":{},"id":32,"buildNumber":"20210906.11","status":"notStarted","queueTime":"2021-09-06T06:48:29.3473447Z","url":"https://dev.azure.com/devops-cli-test-org/cbd677f8-2300-4c22-b049-ba631347c447/_apis/build/Builds/32","definition":{"drafts":[],"id":26,"name":"BuildTests
        Definition1","url":"https://dev.azure.com/devops-cli-test-org/cbd677f8-2300-4c22-b049-ba631347c447/_apis/build/Definitions/26?revision=2","uri":"vstfs:///Build/Definition/26","path":"\\","type":"build","queueStatus":"enabled","revision":2,"project":{"id":"cbd677f8-2300-4c22-b049-ba631347c447","name":"BuildTests","url":"https://dev.azure.com/devops-cli-test-org/_apis/projects/cbd677f8-2300-4c22-b049-ba631347c447","state":"wellFormed","revision":2248,"visibility":"public","lastUpdateTime":"2021-09-03T06:29:58.75Z"}},"buildNumberRevision":11,"project":{"id":"cbd677f8-2300-4c22-b049-ba631347c447","name":"BuildTests","url":"https://dev.azure.com/devops-cli-test-org/_apis/projects/cbd677f8-2300-4c22-b049-ba631347c447","state":"wellFormed","revision":2248,"visibility":"public","lastUpdateTime":"2021-09-03T06:29:58.75Z"},"uri":"vstfs:///Build/Build/32","sourceBranch":"refs/heads/main","sourceVersion":"5a7b70f0df449542538b699f70cfd72a90f5b52e","queue":{"id":1961,"name":"Hosted
        Ubuntu 1604","pool":{"id":8,"name":"Hosted Ubuntu 1604","isHosted":true}},"priority":"normal","reason":"manual","requestedFor":{"displayName":"Devops
        Cli","url":"https://spsprodsin2.vssps.visualstudio.com/Ab5db41ca-f3ef-48ce-a8e3-7d282463dbe2/_apis/Identities/60a59117-a1ed-6677-ab04-b3de5aa38954","_links":{"avatar":{"href":"https://dev.azure.com/devops-cli-test-org/_apis/GraphProfile/MemberAvatars/msa.NjBhNTkxMTctYTFlZC03Njc3LWFiMDQtYjNkZTVhYTM4OTU0"}},"id":"60a59117-a1ed-6677-ab04-b3de5aa38954","uniqueName":"devops-cli@outlook.com","imageUrl":"https://dev.azure.com/devops-cli-test-org/_apis/GraphProfile/MemberAvatars/msa.NjBhNTkxMTctYTFlZC03Njc3LWFiMDQtYjNkZTVhYTM4OTU0","descriptor":"msa.NjBhNTkxMTctYTFlZC03Njc3LWFiMDQtYjNkZTVhYTM4OTU0"},"requestedBy":{"displayName":"Devops
        Cli","url":"https://spsprodsin2.vssps.visualstudio.com/Ab5db41ca-f3ef-48ce-a8e3-7d282463dbe2/_apis/Identities/60a59117-a1ed-6677-ab04-b3de5aa38954","_links":{"avatar":{"href":"https://dev.azure.com/devops-cli-test-org/_apis/GraphProfile/MemberAvatars/msa.NjBhNTkxMTctYTFlZC03Njc3LWFiMDQtYjNkZTVhYTM4OTU0"}},"id":"60a59117-a1ed-6677-ab04-b3de5aa38954","uniqueName":"devops-cli@outlook.com","imageUrl":"https://dev.azure.com/devops-cli-test-org/_apis/GraphProfile/MemberAvatars/msa.NjBhNTkxMTctYTFlZC03Njc3LWFiMDQtYjNkZTVhYTM4OTU0","descriptor":"msa.NjBhNTkxMTctYTFlZC03Njc3LWFiMDQtYjNkZTVhYTM4OTU0"},"lastChangedDate":"2021-09-06T06:48:29.42Z","lastChangedBy":{"displayName":"Devops
        Cli","url":"https://spsprodsin2.vssps.visualstudio.com/Ab5db41ca-f3ef-48ce-a8e3-7d282463dbe2/_apis/Identities/60a59117-a1ed-6677-ab04-b3de5aa38954","_links":{"avatar":{"href":"https://dev.azure.com/devops-cli-test-org/_apis/GraphProfile/MemberAvatars/msa.NjBhNTkxMTctYTFlZC03Njc3LWFiMDQtYjNkZTVhYTM4OTU0"}},"id":"60a59117-a1ed-6677-ab04-b3de5aa38954","uniqueName":"devops-cli@outlook.com","imageUrl":"https://dev.azure.com/devops-cli-test-org/_apis/GraphProfile/MemberAvatars/msa.NjBhNTkxMTctYTFlZC03Njc3LWFiMDQtYjNkZTVhYTM4OTU0","descriptor":"msa.NjBhNTkxMTctYTFlZC03Njc3LWFiMDQtYjNkZTVhYTM4OTU0"},"orchestrationPlan":{"planId":"2177b92b-d04b-4f38-9959-6d2ee1986cbf"},"logs":{"id":0,"type":"Container","url":"https://dev.azure.com/devops-cli-test-org/cbd677f8-2300-4c22-b049-ba631347c447/_apis/build/builds/32/logs"},"repository":{"id":"1e9923d1-34f2-4dac-acc7-a5835b8bc0e7","type":"TfsGit","name":"BuildTests","url":"https://dev.azure.com/devops-cli-test-org/BuildTests/_git/BuildTests","clean":null,"checkoutSubmodules":false},"keepForever":false,"retainedByRelease":false,"triggeredByBuild":null}'
    headers:
      access-control-expose-headers:
      - Request-Context
      activityid:
      - b0ea3e5b-9d8d-46cc-87e0-542af244dbb0
      cache-control:
      - no-cache
      content-length:
      - '4591'
      content-type:
      - application/json; charset=utf-8; api-version=5.0
      date:
      - Mon, 06 Sep 2021 06:48:29 GMT
      expires:
      - '-1'
      p3p:
      - CP="CAO DSP COR ADMa DEV CONo TELo CUR PSA PSD TAI IVDo OUR SAMi BUS DEM NAV
        STA UNI COM INT PHY ONL FIN PUR LOC CNT"
      pragma:
      - no-cache
      request-context:
      - appId=cid-v1:a892bfef-0287-4640-9f5e-cffc90fbcf94
      strict-transport-security:
      - max-age=31536000; includeSubDomains
      x-cache:
      - CONFIG_NOCACHE
      x-content-type-options:
      - nosniff
      x-frame-options:
      - SAMEORIGIN
      x-msedge-ref:
      - 'Ref A: 6810ECFF60D0412488839ABD57E86494 Ref B: BOM02EDGE0618 Ref C: 2021-09-06T06:48:29Z'
      x-tfs-processid:
      - e999f4ad-fb80-4204-a0b6-37dbd4331c7d
      x-tfs-session:
      - fa01fc13-fae1-4aa7-8281-b0927f34608e
      x-vss-e2eid:
      - b0ea3e5b-9d8d-46cc-87e0-542af244dbb0
      x-vss-senderdeploymentid:
      - ed30ce5c-9d0a-f73c-3580-4315c7f84d83
      x-vss-userdata:
      - 60a59117-a1ed-6677-ab04-b3de5aa38954:devops-cli@outlook.com
    status:
      code: 200
      message: OK
- request:
    body: null
    headers:
      Accept:
      - application/json;api-version=5.0
      Accept-Encoding:
      - gzip, deflate
      Connection:
      - keep-alive
      Content-Type:
      - application/json; charset=utf-8
      User-Agent:
      - python/3.9.7 (Windows-10-10.0.19043-SP0) msrest/0.6.21 azure-devops/5.1.0b4
        devOpsCli/0.21.0
      X-TFS-FedAuthRedirect:
      - Suppress
      X-TFS-Session:
      - fa01fc13-fae1-4aa7-8281-b0927f34608e
      X-VSS-ForceMsaPassThrough:
      - 'true'
    method: GET
    uri: https://dev.azure.com/devops-cli-test-org/buildtests/_apis/build/Builds/32
  response:
    body:
      string: '{"_links":{"self":{"href":"https://dev.azure.com/devops-cli-test-org/cbd677f8-2300-4c22-b049-ba631347c447/_apis/build/Builds/32"},"web":{"href":"https://dev.azure.com/devops-cli-test-org/cbd677f8-2300-4c22-b049-ba631347c447/_build/results?buildId=32"},"sourceVersionDisplayUri":{"href":"https://dev.azure.com/devops-cli-test-org/cbd677f8-2300-4c22-b049-ba631347c447/_apis/build/builds/32/sources"},"timeline":{"href":"https://dev.azure.com/devops-cli-test-org/cbd677f8-2300-4c22-b049-ba631347c447/_apis/build/builds/32/Timeline"},"badge":{"href":"https://dev.azure.com/devops-cli-test-org/cbd677f8-2300-4c22-b049-ba631347c447/_apis/build/status/26"}},"properties":{},"tags":[],"validationResults":[],"plans":[{"planId":"2177b92b-d04b-4f38-9959-6d2ee1986cbf"}],"triggerInfo":{},"id":32,"buildNumber":"20210906.11","status":"notStarted","queueTime":"2021-09-06T06:48:29.3473447Z","url":"https://dev.azure.com/devops-cli-test-org/cbd677f8-2300-4c22-b049-ba631347c447/_apis/build/Builds/32","definition":{"drafts":[],"id":26,"name":"BuildTests
        Definition1","url":"https://dev.azure.com/devops-cli-test-org/cbd677f8-2300-4c22-b049-ba631347c447/_apis/build/Definitions/26?revision=2","uri":"vstfs:///Build/Definition/26","path":"\\","type":"build","queueStatus":"enabled","revision":2,"project":{"id":"cbd677f8-2300-4c22-b049-ba631347c447","name":"BuildTests","url":"https://dev.azure.com/devops-cli-test-org/_apis/projects/cbd677f8-2300-4c22-b049-ba631347c447","state":"wellFormed","revision":2248,"visibility":"public","lastUpdateTime":"2021-09-03T06:29:58.75Z"}},"buildNumberRevision":11,"project":{"id":"cbd677f8-2300-4c22-b049-ba631347c447","name":"BuildTests","url":"https://dev.azure.com/devops-cli-test-org/_apis/projects/cbd677f8-2300-4c22-b049-ba631347c447","state":"wellFormed","revision":2248,"visibility":"public","lastUpdateTime":"2021-09-03T06:29:58.75Z"},"uri":"vstfs:///Build/Build/32","sourceBranch":"refs/heads/main","sourceVersion":"5a7b70f0df449542538b699f70cfd72a90f5b52e","queue":{"id":1961,"name":"Hosted
        Ubuntu 1604","pool":{"id":8,"name":"Hosted Ubuntu 1604","isHosted":true}},"priority":"normal","reason":"manual","requestedFor":{"displayName":"Devops
        Cli","url":"https://spsprodsin2.vssps.visualstudio.com/Ab5db41ca-f3ef-48ce-a8e3-7d282463dbe2/_apis/Identities/60a59117-a1ed-6677-ab04-b3de5aa38954","_links":{"avatar":{"href":"https://dev.azure.com/devops-cli-test-org/_apis/GraphProfile/MemberAvatars/msa.NjBhNTkxMTctYTFlZC03Njc3LWFiMDQtYjNkZTVhYTM4OTU0"}},"id":"60a59117-a1ed-6677-ab04-b3de5aa38954","uniqueName":"devops-cli@outlook.com","imageUrl":"https://dev.azure.com/devops-cli-test-org/_apis/GraphProfile/MemberAvatars/msa.NjBhNTkxMTctYTFlZC03Njc3LWFiMDQtYjNkZTVhYTM4OTU0","descriptor":"msa.NjBhNTkxMTctYTFlZC03Njc3LWFiMDQtYjNkZTVhYTM4OTU0"},"requestedBy":{"displayName":"Devops
        Cli","url":"https://spsprodsin2.vssps.visualstudio.com/Ab5db41ca-f3ef-48ce-a8e3-7d282463dbe2/_apis/Identities/60a59117-a1ed-6677-ab04-b3de5aa38954","_links":{"avatar":{"href":"https://dev.azure.com/devops-cli-test-org/_apis/GraphProfile/MemberAvatars/msa.NjBhNTkxMTctYTFlZC03Njc3LWFiMDQtYjNkZTVhYTM4OTU0"}},"id":"60a59117-a1ed-6677-ab04-b3de5aa38954","uniqueName":"devops-cli@outlook.com","imageUrl":"https://dev.azure.com/devops-cli-test-org/_apis/GraphProfile/MemberAvatars/msa.NjBhNTkxMTctYTFlZC03Njc3LWFiMDQtYjNkZTVhYTM4OTU0","descriptor":"msa.NjBhNTkxMTctYTFlZC03Njc3LWFiMDQtYjNkZTVhYTM4OTU0"},"lastChangedDate":"2021-09-06T06:48:29.42Z","lastChangedBy":{"displayName":"Devops
        Cli","url":"https://spsprodsin2.vssps.visualstudio.com/Ab5db41ca-f3ef-48ce-a8e3-7d282463dbe2/_apis/Identities/60a59117-a1ed-6677-ab04-b3de5aa38954","_links":{"avatar":{"href":"https://dev.azure.com/devops-cli-test-org/_apis/GraphProfile/MemberAvatars/msa.NjBhNTkxMTctYTFlZC03Njc3LWFiMDQtYjNkZTVhYTM4OTU0"}},"id":"60a59117-a1ed-6677-ab04-b3de5aa38954","uniqueName":"devops-cli@outlook.com","imageUrl":"https://dev.azure.com/devops-cli-test-org/_apis/GraphProfile/MemberAvatars/msa.NjBhNTkxMTctYTFlZC03Njc3LWFiMDQtYjNkZTVhYTM4OTU0","descriptor":"msa.NjBhNTkxMTctYTFlZC03Njc3LWFiMDQtYjNkZTVhYTM4OTU0"},"orchestrationPlan":{"planId":"2177b92b-d04b-4f38-9959-6d2ee1986cbf"},"logs":{"id":0,"type":"Container","url":"https://dev.azure.com/devops-cli-test-org/cbd677f8-2300-4c22-b049-ba631347c447/_apis/build/builds/32/logs"},"repository":{"id":"1e9923d1-34f2-4dac-acc7-a5835b8bc0e7","type":"TfsGit","name":"BuildTests","url":"https://dev.azure.com/devops-cli-test-org/BuildTests/_git/BuildTests","clean":null,"checkoutSubmodules":false},"keepForever":false,"retainedByRelease":false,"triggeredByBuild":null}'
    headers:
      access-control-expose-headers:
      - Request-Context
      activityid:
      - 0034a2ff-f719-4573-9e83-a3799b790e87
      cache-control:
      - no-cache
      content-length:
      - '4591'
      content-type:
      - application/json; charset=utf-8; api-version=5.0
      date:
      - Mon, 06 Sep 2021 06:48:29 GMT
      expires:
      - '-1'
      p3p:
      - CP="CAO DSP COR ADMa DEV CONo TELo CUR PSA PSD TAI IVDo OUR SAMi BUS DEM NAV
        STA UNI COM INT PHY ONL FIN PUR LOC CNT"
      pragma:
      - no-cache
      request-context:
      - appId=cid-v1:a892bfef-0287-4640-9f5e-cffc90fbcf94
      strict-transport-security:
      - max-age=31536000; includeSubDomains
      vary:
      - Accept-Encoding
      x-cache:
      - CONFIG_NOCACHE
      x-content-type-options:
      - nosniff
      x-frame-options:
      - SAMEORIGIN
      x-msedge-ref:
      - 'Ref A: 2C1A44165DAA4A03A1709E9BA521EDC5 Ref B: BOM02EDGE0618 Ref C: 2021-09-06T06:48:29Z'
      x-tfs-processid:
      - e61ae7bb-4c69-43bd-b918-91f3e5e406a9
      x-tfs-session:
      - fa01fc13-fae1-4aa7-8281-b0927f34608e
      x-vss-e2eid:
      - 0034a2ff-f719-4573-9e83-a3799b790e87
      x-vss-senderdeploymentid:
      - ed30ce5c-9d0a-f73c-3580-4315c7f84d83
      x-vss-userdata:
      - 60a59117-a1ed-6677-ab04-b3de5aa38954:devops-cli@outlook.com
    status:
      code: 200
      message: OK
- request:
    body: null
    headers:
      Accept:
      - application/json;api-version=5.0
      Accept-Encoding:
      - gzip, deflate
      Connection:
      - keep-alive
      Content-Type:
      - application/json; charset=utf-8
      User-Agent:
      - python/3.9.7 (Windows-10-10.0.19043-SP0) msrest/0.6.21 azure-devops/5.1.0b4
        devOpsCli/0.21.0
      X-TFS-FedAuthRedirect:
      - Suppress
      X-TFS-Session:
      - fa01fc13-fae1-4aa7-8281-b0927f34608e
      X-VSS-ForceMsaPassThrough:
      - 'true'
    method: GET
    uri: https://dev.azure.com/devops-cli-test-org/buildtests/_apis/build/Builds
  response:
    body:
      string: '{"count":18,"value":[{"_links":{"self":{"href":"https://dev.azure.com/devops-cli-test-org/cbd677f8-2300-4c22-b049-ba631347c447/_apis/build/Builds/32"},"web":{"href":"https://dev.azure.com/devops-cli-test-org/cbd677f8-2300-4c22-b049-ba631347c447/_build/results?buildId=32"},"sourceVersionDisplayUri":{"href":"https://dev.azure.com/devops-cli-test-org/cbd677f8-2300-4c22-b049-ba631347c447/_apis/build/builds/32/sources"},"timeline":{"href":"https://dev.azure.com/devops-cli-test-org/cbd677f8-2300-4c22-b049-ba631347c447/_apis/build/builds/32/Timeline"},"badge":{"href":"https://dev.azure.com/devops-cli-test-org/cbd677f8-2300-4c22-b049-ba631347c447/_apis/build/status/26"}},"properties":{},"tags":[],"validationResults":[],"plans":[{"planId":"2177b92b-d04b-4f38-9959-6d2ee1986cbf"}],"triggerInfo":{},"id":32,"buildNumber":"20210906.11","status":"notStarted","queueTime":"2021-09-06T06:48:29.3473447Z","url":"https://dev.azure.com/devops-cli-test-org/cbd677f8-2300-4c22-b049-ba631347c447/_apis/build/Builds/32","definition":{"drafts":[],"id":26,"name":"BuildTests
        Definition1","url":"https://dev.azure.com/devops-cli-test-org/cbd677f8-2300-4c22-b049-ba631347c447/_apis/build/Definitions/26?revision=2","uri":"vstfs:///Build/Definition/26","path":"\\","type":"build","queueStatus":"enabled","revision":2,"project":{"id":"cbd677f8-2300-4c22-b049-ba631347c447","name":"BuildTests","url":"https://dev.azure.com/devops-cli-test-org/_apis/projects/cbd677f8-2300-4c22-b049-ba631347c447","state":"wellFormed","revision":2248,"visibility":"public","lastUpdateTime":"2021-09-03T06:29:58.75Z"}},"buildNumberRevision":11,"project":{"id":"cbd677f8-2300-4c22-b049-ba631347c447","name":"BuildTests","url":"https://dev.azure.com/devops-cli-test-org/_apis/projects/cbd677f8-2300-4c22-b049-ba631347c447","state":"wellFormed","revision":2248,"visibility":"public","lastUpdateTime":"2021-09-03T06:29:58.75Z"},"uri":"vstfs:///Build/Build/32","sourceBranch":"refs/heads/main","sourceVersion":"5a7b70f0df449542538b699f70cfd72a90f5b52e","queue":{"id":1961,"name":"Hosted
        Ubuntu 1604","pool":{"id":8,"name":"Hosted Ubuntu 1604","isHosted":true}},"priority":"normal","reason":"manual","requestedFor":{"displayName":"Devops
        Cli","url":"https://spsprodsin2.vssps.visualstudio.com/Ab5db41ca-f3ef-48ce-a8e3-7d282463dbe2/_apis/Identities/60a59117-a1ed-6677-ab04-b3de5aa38954","_links":{"avatar":{"href":"https://dev.azure.com/devops-cli-test-org/_apis/GraphProfile/MemberAvatars/msa.NjBhNTkxMTctYTFlZC03Njc3LWFiMDQtYjNkZTVhYTM4OTU0"}},"id":"60a59117-a1ed-6677-ab04-b3de5aa38954","uniqueName":"devops-cli@outlook.com","imageUrl":"https://dev.azure.com/devops-cli-test-org/_apis/GraphProfile/MemberAvatars/msa.NjBhNTkxMTctYTFlZC03Njc3LWFiMDQtYjNkZTVhYTM4OTU0","descriptor":"msa.NjBhNTkxMTctYTFlZC03Njc3LWFiMDQtYjNkZTVhYTM4OTU0"},"requestedBy":{"displayName":"Devops
        Cli","url":"https://spsprodsin2.vssps.visualstudio.com/Ab5db41ca-f3ef-48ce-a8e3-7d282463dbe2/_apis/Identities/60a59117-a1ed-6677-ab04-b3de5aa38954","_links":{"avatar":{"href":"https://dev.azure.com/devops-cli-test-org/_apis/GraphProfile/MemberAvatars/msa.NjBhNTkxMTctYTFlZC03Njc3LWFiMDQtYjNkZTVhYTM4OTU0"}},"id":"60a59117-a1ed-6677-ab04-b3de5aa38954","uniqueName":"devops-cli@outlook.com","imageUrl":"https://dev.azure.com/devops-cli-test-org/_apis/GraphProfile/MemberAvatars/msa.NjBhNTkxMTctYTFlZC03Njc3LWFiMDQtYjNkZTVhYTM4OTU0","descriptor":"msa.NjBhNTkxMTctYTFlZC03Njc3LWFiMDQtYjNkZTVhYTM4OTU0"},"lastChangedDate":"2021-09-06T06:48:29.42Z","lastChangedBy":{"displayName":"Devops
        Cli","url":"https://spsprodsin2.vssps.visualstudio.com/Ab5db41ca-f3ef-48ce-a8e3-7d282463dbe2/_apis/Identities/60a59117-a1ed-6677-ab04-b3de5aa38954","_links":{"avatar":{"href":"https://dev.azure.com/devops-cli-test-org/_apis/GraphProfile/MemberAvatars/msa.NjBhNTkxMTctYTFlZC03Njc3LWFiMDQtYjNkZTVhYTM4OTU0"}},"id":"60a59117-a1ed-6677-ab04-b3de5aa38954","uniqueName":"devops-cli@outlook.com","imageUrl":"https://dev.azure.com/devops-cli-test-org/_apis/GraphProfile/MemberAvatars/msa.NjBhNTkxMTctYTFlZC03Njc3LWFiMDQtYjNkZTVhYTM4OTU0","descriptor":"msa.NjBhNTkxMTctYTFlZC03Njc3LWFiMDQtYjNkZTVhYTM4OTU0"},"orchestrationPlan":{"planId":"2177b92b-d04b-4f38-9959-6d2ee1986cbf"},"logs":{"id":0,"type":"Container","url":"https://dev.azure.com/devops-cli-test-org/cbd677f8-2300-4c22-b049-ba631347c447/_apis/build/builds/32/logs"},"repository":{"id":"1e9923d1-34f2-4dac-acc7-a5835b8bc0e7","type":"TfsGit","name":"BuildTests","url":"https://dev.azure.com/devops-cli-test-org/BuildTests/_git/BuildTests","clean":null,"checkoutSubmodules":false},"keepForever":false,"retainedByRelease":false,"triggeredByBuild":null},{"_links":{"self":{"href":"https://dev.azure.com/devops-cli-test-org/cbd677f8-2300-4c22-b049-ba631347c447/_apis/build/Builds/31"},"web":{"href":"https://dev.azure.com/devops-cli-test-org/cbd677f8-2300-4c22-b049-ba631347c447/_build/results?buildId=31"},"sourceVersionDisplayUri":{"href":"https://dev.azure.com/devops-cli-test-org/cbd677f8-2300-4c22-b049-ba631347c447/_apis/build/builds/31/sources"},"timeline":{"href":"https://dev.azure.com/devops-cli-test-org/cbd677f8-2300-4c22-b049-ba631347c447/_apis/build/builds/31/Timeline"},"badge":{"href":"https://dev.azure.com/devops-cli-test-org/cbd677f8-2300-4c22-b049-ba631347c447/_apis/build/status/30"}},"properties":{},"tags":[],"validationResults":[],"plans":[{"planId":"d97e41ec-8b50-4725-83c8-3f837e94f8da"}],"triggerInfo":{"ci.sourceBranch":"main","ci.sourceSha":"5a7b70f0df449542538b699f70cfd72a90f5b52e","ci.message":"Set
        up CI with Azure Pipelines"},"id":31,"buildNumber":"20210906.1","status":"completed","result":"failed","queueTime":"2021-09-06T06:47:58.2164884Z","startTime":"2021-09-06T06:48:02.4949805Z","finishTime":"2021-09-06T06:48:02.4949805Z","url":"https://dev.azure.com/devops-cli-test-org/cbd677f8-2300-4c22-b049-ba631347c447/_apis/build/Builds/31","definition":{"drafts":[],"id":30,"name":"BuildTests
        Definition2","url":"https://dev.azure.com/devops-cli-test-org/cbd677f8-2300-4c22-b049-ba631347c447/_apis/build/Definitions/30?revision=1","uri":"vstfs:///Build/Definition/30","path":"\\","type":"build","queueStatus":"enabled","revision":1,"project":{"id":"cbd677f8-2300-4c22-b049-ba631347c447","name":"BuildTests","url":"https://dev.azure.com/devops-cli-test-org/_apis/projects/cbd677f8-2300-4c22-b049-ba631347c447","state":"wellFormed","revision":2248,"visibility":"public","lastUpdateTime":"2021-09-03T06:29:58.75Z"}},"buildNumberRevision":1,"project":{"id":"cbd677f8-2300-4c22-b049-ba631347c447","name":"BuildTests","url":"https://dev.azure.com/devops-cli-test-org/_apis/projects/cbd677f8-2300-4c22-b049-ba631347c447","state":"wellFormed","revision":2248,"visibility":"public","lastUpdateTime":"2021-09-03T06:29:58.75Z"},"uri":"vstfs:///Build/Build/31","sourceBranch":"refs/heads/main","sourceVersion":"5a7b70f0df449542538b699f70cfd72a90f5b52e","queue":{"id":1961,"name":"Hosted
        Ubuntu 1604","pool":{"id":8,"name":"Hosted Ubuntu 1604","isHosted":true}},"priority":"normal","reason":"individualCI","requestedFor":{"displayName":"Devops
        Cli","url":"https://spsprodsin2.vssps.visualstudio.com/Ab5db41ca-f3ef-48ce-a8e3-7d282463dbe2/_apis/Identities/60a59117-a1ed-6677-ab04-b3de5aa38954","_links":{"avatar":{"href":"https://dev.azure.com/devops-cli-test-org/_apis/GraphProfile/MemberAvatars/msa.NjBhNTkxMTctYTFlZC03Njc3LWFiMDQtYjNkZTVhYTM4OTU0"}},"id":"60a59117-a1ed-6677-ab04-b3de5aa38954","uniqueName":"devops-cli@outlook.com","imageUrl":"https://dev.azure.com/devops-cli-test-org/_apis/GraphProfile/MemberAvatars/msa.NjBhNTkxMTctYTFlZC03Njc3LWFiMDQtYjNkZTVhYTM4OTU0","descriptor":"msa.NjBhNTkxMTctYTFlZC03Njc3LWFiMDQtYjNkZTVhYTM4OTU0"},"requestedBy":{"displayName":"Devops
        Cli","url":"https://spsprodsin2.vssps.visualstudio.com/Ab5db41ca-f3ef-48ce-a8e3-7d282463dbe2/_apis/Identities/60a59117-a1ed-6677-ab04-b3de5aa38954","_links":{"avatar":{"href":"https://dev.azure.com/devops-cli-test-org/_apis/GraphProfile/MemberAvatars/msa.NjBhNTkxMTctYTFlZC03Njc3LWFiMDQtYjNkZTVhYTM4OTU0"}},"id":"60a59117-a1ed-6677-ab04-b3de5aa38954","uniqueName":"devops-cli@outlook.com","imageUrl":"https://dev.azure.com/devops-cli-test-org/_apis/GraphProfile/MemberAvatars/msa.NjBhNTkxMTctYTFlZC03Njc3LWFiMDQtYjNkZTVhYTM4OTU0","descriptor":"msa.NjBhNTkxMTctYTFlZC03Njc3LWFiMDQtYjNkZTVhYTM4OTU0"},"lastChangedDate":"2021-09-06T06:48:02.937Z","lastChangedBy":{"displayName":"Microsoft.VisualStudio.Services.TFS","url":"https://spsprodsin2.vssps.visualstudio.com/Ab5db41ca-f3ef-48ce-a8e3-7d282463dbe2/_apis/Identities/00000002-0000-8888-8000-000000000000","_links":{"avatar":{"href":"https://dev.azure.com/devops-cli-test-org/_apis/GraphProfile/MemberAvatars/s2s.MDAwMDAwMDItMDAwMC04ODg4LTgwMDAtMDAwMDAwMDAwMDAwQDJjODk1OTA4LTA0ZTAtNDk1Mi04OWZkLTU0YjAwNDZkNjI4OA"}},"id":"00000002-0000-8888-8000-000000000000","uniqueName":"00000002-0000-8888-8000-000000000000@2c895908-04e0-4952-89fd-54b0046d6288","imageUrl":"https://dev.azure.com/devops-cli-test-org/_apis/GraphProfile/MemberAvatars/s2s.MDAwMDAwMDItMDAwMC04ODg4LTgwMDAtMDAwMDAwMDAwMDAwQDJjODk1OTA4LTA0ZTAtNDk1Mi04OWZkLTU0YjAwNDZkNjI4OA","descriptor":"s2s.MDAwMDAwMDItMDAwMC04ODg4LTgwMDAtMDAwMDAwMDAwMDAwQDJjODk1OTA4LTA0ZTAtNDk1Mi04OWZkLTU0YjAwNDZkNjI4OA"},"orchestrationPlan":{"planId":"d97e41ec-8b50-4725-83c8-3f837e94f8da"},"logs":{"id":0,"type":"Container","url":"https://dev.azure.com/devops-cli-test-org/cbd677f8-2300-4c22-b049-ba631347c447/_apis/build/builds/31/logs"},"repository":{"id":"1e9923d1-34f2-4dac-acc7-a5835b8bc0e7","type":"TfsGit","name":"BuildTests","url":"https://dev.azure.com/devops-cli-test-org/BuildTests/_git/BuildTests","clean":null,"checkoutSubmodules":false},"keepForever":false,"retainedByRelease":false,"triggeredByBuild":null},{"_links":{"self":{"href":"https://dev.azure.com/devops-cli-test-org/cbd677f8-2300-4c22-b049-ba631347c447/_apis/build/Builds/30"},"web":{"href":"https://dev.azure.com/devops-cli-test-org/cbd677f8-2300-4c22-b049-ba631347c447/_build/results?buildId=30"},"sourceVersionDisplayUri":{"href":"https://dev.azure.com/devops-cli-test-org/cbd677f8-2300-4c22-b049-ba631347c447/_apis/build/builds/30/sources"},"timeline":{"href":"https://dev.azure.com/devops-cli-test-org/cbd677f8-2300-4c22-b049-ba631347c447/_apis/build/builds/30/Timeline"},"badge":{"href":"https://dev.azure.com/devops-cli-test-org/cbd677f8-2300-4c22-b049-ba631347c447/_apis/build/status/26"}},"properties":{},"tags":[],"validationResults":[],"plans":[{"planId":"93c000a4-9205-4430-af80-f88692fa5540"}],"triggerInfo":{},"id":30,"buildNumber":"20210906.10","status":"completed","result":"failed","queueTime":"2021-09-06T06:44:06.1795586Z","startTime":"2021-09-06T06:44:09.8908791Z","finishTime":"2021-09-06T06:44:09.8908791Z","url":"https://dev.azure.com/devops-cli-test-org/cbd677f8-2300-4c22-b049-ba631347c447/_apis/build/Builds/30","definition":{"drafts":[],"id":26,"name":"BuildTests
        Definition1","url":"https://dev.azure.com/devops-cli-test-org/cbd677f8-2300-4c22-b049-ba631347c447/_apis/build/Definitions/26?revision=2","uri":"vstfs:///Build/Definition/26","path":"\\","type":"build","queueStatus":"enabled","revision":2,"project":{"id":"cbd677f8-2300-4c22-b049-ba631347c447","name":"BuildTests","url":"https://dev.azure.com/devops-cli-test-org/_apis/projects/cbd677f8-2300-4c22-b049-ba631347c447","state":"wellFormed","revision":2248,"visibility":"public","lastUpdateTime":"2021-09-03T06:29:58.75Z"}},"buildNumberRevision":10,"project":{"id":"cbd677f8-2300-4c22-b049-ba631347c447","name":"BuildTests","url":"https://dev.azure.com/devops-cli-test-org/_apis/projects/cbd677f8-2300-4c22-b049-ba631347c447","state":"wellFormed","revision":2248,"visibility":"public","lastUpdateTime":"2021-09-03T06:29:58.75Z"},"uri":"vstfs:///Build/Build/30","sourceBranch":"refs/heads/main","sourceVersion":"767c3ab99f6d0a7ad493a14b3b72f13b2d797f20","queue":{"id":1961,"name":"Hosted
        Ubuntu 1604","pool":{"id":8,"name":"Hosted Ubuntu 1604","isHosted":true}},"priority":"normal","reason":"manual","requestedFor":{"displayName":"Devops
        Cli","url":"https://spsprodsin2.vssps.visualstudio.com/Ab5db41ca-f3ef-48ce-a8e3-7d282463dbe2/_apis/Identities/60a59117-a1ed-6677-ab04-b3de5aa38954","_links":{"avatar":{"href":"https://dev.azure.com/devops-cli-test-org/_apis/GraphProfile/MemberAvatars/msa.NjBhNTkxMTctYTFlZC03Njc3LWFiMDQtYjNkZTVhYTM4OTU0"}},"id":"60a59117-a1ed-6677-ab04-b3de5aa38954","uniqueName":"devops-cli@outlook.com","imageUrl":"https://dev.azure.com/devops-cli-test-org/_apis/GraphProfile/MemberAvatars/msa.NjBhNTkxMTctYTFlZC03Njc3LWFiMDQtYjNkZTVhYTM4OTU0","descriptor":"msa.NjBhNTkxMTctYTFlZC03Njc3LWFiMDQtYjNkZTVhYTM4OTU0"},"requestedBy":{"displayName":"Devops
        Cli","url":"https://spsprodsin2.vssps.visualstudio.com/Ab5db41ca-f3ef-48ce-a8e3-7d282463dbe2/_apis/Identities/60a59117-a1ed-6677-ab04-b3de5aa38954","_links":{"avatar":{"href":"https://dev.azure.com/devops-cli-test-org/_apis/GraphProfile/MemberAvatars/msa.NjBhNTkxMTctYTFlZC03Njc3LWFiMDQtYjNkZTVhYTM4OTU0"}},"id":"60a59117-a1ed-6677-ab04-b3de5aa38954","uniqueName":"devops-cli@outlook.com","imageUrl":"https://dev.azure.com/devops-cli-test-org/_apis/GraphProfile/MemberAvatars/msa.NjBhNTkxMTctYTFlZC03Njc3LWFiMDQtYjNkZTVhYTM4OTU0","descriptor":"msa.NjBhNTkxMTctYTFlZC03Njc3LWFiMDQtYjNkZTVhYTM4OTU0"},"lastChangedDate":"2021-09-06T06:44:10.407Z","lastChangedBy":{"displayName":"Microsoft.VisualStudio.Services.TFS","url":"https://spsprodsin2.vssps.visualstudio.com/Ab5db41ca-f3ef-48ce-a8e3-7d282463dbe2/_apis/Identities/00000002-0000-8888-8000-000000000000","_links":{"avatar":{"href":"https://dev.azure.com/devops-cli-test-org/_apis/GraphProfile/MemberAvatars/s2s.MDAwMDAwMDItMDAwMC04ODg4LTgwMDAtMDAwMDAwMDAwMDAwQDJjODk1OTA4LTA0ZTAtNDk1Mi04OWZkLTU0YjAwNDZkNjI4OA"}},"id":"00000002-0000-8888-8000-000000000000","uniqueName":"00000002-0000-8888-8000-000000000000@2c895908-04e0-4952-89fd-54b0046d6288","imageUrl":"https://dev.azure.com/devops-cli-test-org/_apis/GraphProfile/MemberAvatars/s2s.MDAwMDAwMDItMDAwMC04ODg4LTgwMDAtMDAwMDAwMDAwMDAwQDJjODk1OTA4LTA0ZTAtNDk1Mi04OWZkLTU0YjAwNDZkNjI4OA","descriptor":"s2s.MDAwMDAwMDItMDAwMC04ODg4LTgwMDAtMDAwMDAwMDAwMDAwQDJjODk1OTA4LTA0ZTAtNDk1Mi04OWZkLTU0YjAwNDZkNjI4OA"},"orchestrationPlan":{"planId":"93c000a4-9205-4430-af80-f88692fa5540"},"logs":{"id":0,"type":"Container","url":"https://dev.azure.com/devops-cli-test-org/cbd677f8-2300-4c22-b049-ba631347c447/_apis/build/builds/30/logs"},"repository":{"id":"1e9923d1-34f2-4dac-acc7-a5835b8bc0e7","type":"TfsGit","name":"BuildTests","url":"https://dev.azure.com/devops-cli-test-org/BuildTests/_git/BuildTests","clean":null,"checkoutSubmodules":false},"keepForever":false,"retainedByRelease":false,"triggeredByBuild":null},{"_links":{"self":{"href":"https://dev.azure.com/devops-cli-test-org/cbd677f8-2300-4c22-b049-ba631347c447/_apis/build/Builds/29"},"web":{"href":"https://dev.azure.com/devops-cli-test-org/cbd677f8-2300-4c22-b049-ba631347c447/_build/results?buildId=29"},"sourceVersionDisplayUri":{"href":"https://dev.azure.com/devops-cli-test-org/cbd677f8-2300-4c22-b049-ba631347c447/_apis/build/builds/29/sources"},"timeline":{"href":"https://dev.azure.com/devops-cli-test-org/cbd677f8-2300-4c22-b049-ba631347c447/_apis/build/builds/29/Timeline"},"badge":{"href":"https://dev.azure.com/devops-cli-test-org/cbd677f8-2300-4c22-b049-ba631347c447/_apis/build/status/26"}},"properties":{},"tags":[],"validationResults":[],"plans":[{"planId":"e13535b7-abc7-4840-a163-ddbadf2df603"}],"triggerInfo":{},"id":29,"buildNumber":"20210906.9","status":"completed","result":"failed","queueTime":"2021-09-06T06:43:49.9511991Z","startTime":"2021-09-06T06:43:52.9285052Z","finishTime":"2021-09-06T06:43:52.9285052Z","url":"https://dev.azure.com/devops-cli-test-org/cbd677f8-2300-4c22-b049-ba631347c447/_apis/build/Builds/29","definition":{"drafts":[],"id":26,"name":"BuildTests
        Definition1","url":"https://dev.azure.com/devops-cli-test-org/cbd677f8-2300-4c22-b049-ba631347c447/_apis/build/Definitions/26?revision=2","uri":"vstfs:///Build/Definition/26","path":"\\","type":"build","queueStatus":"enabled","revision":2,"project":{"id":"cbd677f8-2300-4c22-b049-ba631347c447","name":"BuildTests","url":"https://dev.azure.com/devops-cli-test-org/_apis/projects/cbd677f8-2300-4c22-b049-ba631347c447","state":"wellFormed","revision":2248,"visibility":"public","lastUpdateTime":"2021-09-03T06:29:58.75Z"}},"buildNumberRevision":9,"project":{"id":"cbd677f8-2300-4c22-b049-ba631347c447","name":"BuildTests","url":"https://dev.azure.com/devops-cli-test-org/_apis/projects/cbd677f8-2300-4c22-b049-ba631347c447","state":"wellFormed","revision":2248,"visibility":"public","lastUpdateTime":"2021-09-03T06:29:58.75Z"},"uri":"vstfs:///Build/Build/29","sourceBranch":"refs/heads/main","sourceVersion":"767c3ab99f6d0a7ad493a14b3b72f13b2d797f20","queue":{"id":1961,"name":"Hosted
        Ubuntu 1604","pool":{"id":8,"name":"Hosted Ubuntu 1604","isHosted":true}},"priority":"normal","reason":"manual","requestedFor":{"displayName":"Devops
        Cli","url":"https://spsprodsin2.vssps.visualstudio.com/Ab5db41ca-f3ef-48ce-a8e3-7d282463dbe2/_apis/Identities/60a59117-a1ed-6677-ab04-b3de5aa38954","_links":{"avatar":{"href":"https://dev.azure.com/devops-cli-test-org/_apis/GraphProfile/MemberAvatars/msa.NjBhNTkxMTctYTFlZC03Njc3LWFiMDQtYjNkZTVhYTM4OTU0"}},"id":"60a59117-a1ed-6677-ab04-b3de5aa38954","uniqueName":"devops-cli@outlook.com","imageUrl":"https://dev.azure.com/devops-cli-test-org/_apis/GraphProfile/MemberAvatars/msa.NjBhNTkxMTctYTFlZC03Njc3LWFiMDQtYjNkZTVhYTM4OTU0","descriptor":"msa.NjBhNTkxMTctYTFlZC03Njc3LWFiMDQtYjNkZTVhYTM4OTU0"},"requestedBy":{"displayName":"Devops
        Cli","url":"https://spsprodsin2.vssps.visualstudio.com/Ab5db41ca-f3ef-48ce-a8e3-7d282463dbe2/_apis/Identities/60a59117-a1ed-6677-ab04-b3de5aa38954","_links":{"avatar":{"href":"https://dev.azure.com/devops-cli-test-org/_apis/GraphProfile/MemberAvatars/msa.NjBhNTkxMTctYTFlZC03Njc3LWFiMDQtYjNkZTVhYTM4OTU0"}},"id":"60a59117-a1ed-6677-ab04-b3de5aa38954","uniqueName":"devops-cli@outlook.com","imageUrl":"https://dev.azure.com/devops-cli-test-org/_apis/GraphProfile/MemberAvatars/msa.NjBhNTkxMTctYTFlZC03Njc3LWFiMDQtYjNkZTVhYTM4OTU0","descriptor":"msa.NjBhNTkxMTctYTFlZC03Njc3LWFiMDQtYjNkZTVhYTM4OTU0"},"lastChangedDate":"2021-09-06T06:43:53.31Z","lastChangedBy":{"displayName":"Microsoft.VisualStudio.Services.TFS","url":"https://spsprodsin2.vssps.visualstudio.com/Ab5db41ca-f3ef-48ce-a8e3-7d282463dbe2/_apis/Identities/00000002-0000-8888-8000-000000000000","_links":{"avatar":{"href":"https://dev.azure.com/devops-cli-test-org/_apis/GraphProfile/MemberAvatars/s2s.MDAwMDAwMDItMDAwMC04ODg4LTgwMDAtMDAwMDAwMDAwMDAwQDJjODk1OTA4LTA0ZTAtNDk1Mi04OWZkLTU0YjAwNDZkNjI4OA"}},"id":"00000002-0000-8888-8000-000000000000","uniqueName":"00000002-0000-8888-8000-000000000000@2c895908-04e0-4952-89fd-54b0046d6288","imageUrl":"https://dev.azure.com/devops-cli-test-org/_apis/GraphProfile/MemberAvatars/s2s.MDAwMDAwMDItMDAwMC04ODg4LTgwMDAtMDAwMDAwMDAwMDAwQDJjODk1OTA4LTA0ZTAtNDk1Mi04OWZkLTU0YjAwNDZkNjI4OA","descriptor":"s2s.MDAwMDAwMDItMDAwMC04ODg4LTgwMDAtMDAwMDAwMDAwMDAwQDJjODk1OTA4LTA0ZTAtNDk1Mi04OWZkLTU0YjAwNDZkNjI4OA"},"orchestrationPlan":{"planId":"e13535b7-abc7-4840-a163-ddbadf2df603"},"logs":{"id":0,"type":"Container","url":"https://dev.azure.com/devops-cli-test-org/cbd677f8-2300-4c22-b049-ba631347c447/_apis/build/builds/29/logs"},"repository":{"id":"1e9923d1-34f2-4dac-acc7-a5835b8bc0e7","type":"TfsGit","name":"BuildTests","url":"https://dev.azure.com/devops-cli-test-org/BuildTests/_git/BuildTests","clean":null,"checkoutSubmodules":false},"keepForever":false,"retainedByRelease":false,"triggeredByBuild":null},{"_links":{"self":{"href":"https://dev.azure.com/devops-cli-test-org/cbd677f8-2300-4c22-b049-ba631347c447/_apis/build/Builds/28"},"web":{"href":"https://dev.azure.com/devops-cli-test-org/cbd677f8-2300-4c22-b049-ba631347c447/_build/results?buildId=28"},"sourceVersionDisplayUri":{"href":"https://dev.azure.com/devops-cli-test-org/cbd677f8-2300-4c22-b049-ba631347c447/_apis/build/builds/28/sources"},"timeline":{"href":"https://dev.azure.com/devops-cli-test-org/cbd677f8-2300-4c22-b049-ba631347c447/_apis/build/builds/28/Timeline"},"badge":{"href":"https://dev.azure.com/devops-cli-test-org/cbd677f8-2300-4c22-b049-ba631347c447/_apis/build/status/26"}},"properties":{},"tags":[],"validationResults":[],"plans":[{"planId":"038e360c-3a87-4ad8-ae83-7c36a6df718a"}],"triggerInfo":{},"id":28,"buildNumber":"20210906.8","status":"completed","result":"failed","queueTime":"2021-09-06T06:43:21.334602Z","startTime":"2021-09-06T06:43:25.8441883Z","finishTime":"2021-09-06T06:43:25.8441883Z","url":"https://dev.azure.com/devops-cli-test-org/cbd677f8-2300-4c22-b049-ba631347c447/_apis/build/Builds/28","definition":{"drafts":[],"id":26,"name":"BuildTests
        Definition1","url":"https://dev.azure.com/devops-cli-test-org/cbd677f8-2300-4c22-b049-ba631347c447/_apis/build/Definitions/26?revision=2","uri":"vstfs:///Build/Definition/26","path":"\\","type":"build","queueStatus":"enabled","revision":2,"project":{"id":"cbd677f8-2300-4c22-b049-ba631347c447","name":"BuildTests","url":"https://dev.azure.com/devops-cli-test-org/_apis/projects/cbd677f8-2300-4c22-b049-ba631347c447","state":"wellFormed","revision":2248,"visibility":"public","lastUpdateTime":"2021-09-03T06:29:58.75Z"}},"buildNumberRevision":8,"project":{"id":"cbd677f8-2300-4c22-b049-ba631347c447","name":"BuildTests","url":"https://dev.azure.com/devops-cli-test-org/_apis/projects/cbd677f8-2300-4c22-b049-ba631347c447","state":"wellFormed","revision":2248,"visibility":"public","lastUpdateTime":"2021-09-03T06:29:58.75Z"},"uri":"vstfs:///Build/Build/28","sourceBranch":"refs/heads/main","sourceVersion":"767c3ab99f6d0a7ad493a14b3b72f13b2d797f20","queue":{"id":1961,"name":"Hosted
        Ubuntu 1604","pool":{"id":8,"name":"Hosted Ubuntu 1604","isHosted":true}},"priority":"normal","reason":"manual","requestedFor":{"displayName":"Devops
        Cli","url":"https://spsprodsin2.vssps.visualstudio.com/Ab5db41ca-f3ef-48ce-a8e3-7d282463dbe2/_apis/Identities/60a59117-a1ed-6677-ab04-b3de5aa38954","_links":{"avatar":{"href":"https://dev.azure.com/devops-cli-test-org/_apis/GraphProfile/MemberAvatars/msa.NjBhNTkxMTctYTFlZC03Njc3LWFiMDQtYjNkZTVhYTM4OTU0"}},"id":"60a59117-a1ed-6677-ab04-b3de5aa38954","uniqueName":"devops-cli@outlook.com","imageUrl":"https://dev.azure.com/devops-cli-test-org/_apis/GraphProfile/MemberAvatars/msa.NjBhNTkxMTctYTFlZC03Njc3LWFiMDQtYjNkZTVhYTM4OTU0","descriptor":"msa.NjBhNTkxMTctYTFlZC03Njc3LWFiMDQtYjNkZTVhYTM4OTU0"},"requestedBy":{"displayName":"Devops
        Cli","url":"https://spsprodsin2.vssps.visualstudio.com/Ab5db41ca-f3ef-48ce-a8e3-7d282463dbe2/_apis/Identities/60a59117-a1ed-6677-ab04-b3de5aa38954","_links":{"avatar":{"href":"https://dev.azure.com/devops-cli-test-org/_apis/GraphProfile/MemberAvatars/msa.NjBhNTkxMTctYTFlZC03Njc3LWFiMDQtYjNkZTVhYTM4OTU0"}},"id":"60a59117-a1ed-6677-ab04-b3de5aa38954","uniqueName":"devops-cli@outlook.com","imageUrl":"https://dev.azure.com/devops-cli-test-org/_apis/GraphProfile/MemberAvatars/msa.NjBhNTkxMTctYTFlZC03Njc3LWFiMDQtYjNkZTVhYTM4OTU0","descriptor":"msa.NjBhNTkxMTctYTFlZC03Njc3LWFiMDQtYjNkZTVhYTM4OTU0"},"lastChangedDate":"2021-09-06T06:43:26.293Z","lastChangedBy":{"displayName":"Microsoft.VisualStudio.Services.TFS","url":"https://spsprodsin2.vssps.visualstudio.com/Ab5db41ca-f3ef-48ce-a8e3-7d282463dbe2/_apis/Identities/00000002-0000-8888-8000-000000000000","_links":{"avatar":{"href":"https://dev.azure.com/devops-cli-test-org/_apis/GraphProfile/MemberAvatars/s2s.MDAwMDAwMDItMDAwMC04ODg4LTgwMDAtMDAwMDAwMDAwMDAwQDJjODk1OTA4LTA0ZTAtNDk1Mi04OWZkLTU0YjAwNDZkNjI4OA"}},"id":"00000002-0000-8888-8000-000000000000","uniqueName":"00000002-0000-8888-8000-000000000000@2c895908-04e0-4952-89fd-54b0046d6288","imageUrl":"https://dev.azure.com/devops-cli-test-org/_apis/GraphProfile/MemberAvatars/s2s.MDAwMDAwMDItMDAwMC04ODg4LTgwMDAtMDAwMDAwMDAwMDAwQDJjODk1OTA4LTA0ZTAtNDk1Mi04OWZkLTU0YjAwNDZkNjI4OA","descriptor":"s2s.MDAwMDAwMDItMDAwMC04ODg4LTgwMDAtMDAwMDAwMDAwMDAwQDJjODk1OTA4LTA0ZTAtNDk1Mi04OWZkLTU0YjAwNDZkNjI4OA"},"orchestrationPlan":{"planId":"038e360c-3a87-4ad8-ae83-7c36a6df718a"},"logs":{"id":0,"type":"Container","url":"https://dev.azure.com/devops-cli-test-org/cbd677f8-2300-4c22-b049-ba631347c447/_apis/build/builds/28/logs"},"repository":{"id":"1e9923d1-34f2-4dac-acc7-a5835b8bc0e7","type":"TfsGit","name":"BuildTests","url":"https://dev.azure.com/devops-cli-test-org/BuildTests/_git/BuildTests","clean":null,"checkoutSubmodules":false},"keepForever":false,"retainedByRelease":false,"triggeredByBuild":null},{"_links":{"self":{"href":"https://dev.azure.com/devops-cli-test-org/cbd677f8-2300-4c22-b049-ba631347c447/_apis/build/Builds/27"},"web":{"href":"https://dev.azure.com/devops-cli-test-org/cbd677f8-2300-4c22-b049-ba631347c447/_build/results?buildId=27"},"sourceVersionDisplayUri":{"href":"https://dev.azure.com/devops-cli-test-org/cbd677f8-2300-4c22-b049-ba631347c447/_apis/build/builds/27/sources"},"timeline":{"href":"https://dev.azure.com/devops-cli-test-org/cbd677f8-2300-4c22-b049-ba631347c447/_apis/build/builds/27/Timeline"},"badge":{"href":"https://dev.azure.com/devops-cli-test-org/cbd677f8-2300-4c22-b049-ba631347c447/_apis/build/status/26"}},"properties":{},"tags":[],"validationResults":[],"plans":[{"planId":"27196c75-b68c-4d0c-85e3-297c08e7048f"}],"triggerInfo":{},"id":27,"buildNumber":"20210906.7","status":"completed","result":"failed","queueTime":"2021-09-06T06:43:08.8230657Z","startTime":"2021-09-06T06:43:12.3096161Z","finishTime":"2021-09-06T06:43:12.3096161Z","url":"https://dev.azure.com/devops-cli-test-org/cbd677f8-2300-4c22-b049-ba631347c447/_apis/build/Builds/27","definition":{"drafts":[],"id":26,"name":"BuildTests
        Definition1","url":"https://dev.azure.com/devops-cli-test-org/cbd677f8-2300-4c22-b049-ba631347c447/_apis/build/Definitions/26?revision=2","uri":"vstfs:///Build/Definition/26","path":"\\","type":"build","queueStatus":"enabled","revision":2,"project":{"id":"cbd677f8-2300-4c22-b049-ba631347c447","name":"BuildTests","url":"https://dev.azure.com/devops-cli-test-org/_apis/projects/cbd677f8-2300-4c22-b049-ba631347c447","state":"wellFormed","revision":2248,"visibility":"public","lastUpdateTime":"2021-09-03T06:29:58.75Z"}},"buildNumberRevision":7,"project":{"id":"cbd677f8-2300-4c22-b049-ba631347c447","name":"BuildTests","url":"https://dev.azure.com/devops-cli-test-org/_apis/projects/cbd677f8-2300-4c22-b049-ba631347c447","state":"wellFormed","revision":2248,"visibility":"public","lastUpdateTime":"2021-09-03T06:29:58.75Z"},"uri":"vstfs:///Build/Build/27","sourceBranch":"refs/heads/main","sourceVersion":"767c3ab99f6d0a7ad493a14b3b72f13b2d797f20","queue":{"id":1961,"name":"Hosted
        Ubuntu 1604","pool":{"id":8,"name":"Hosted Ubuntu 1604","isHosted":true}},"priority":"normal","reason":"manual","requestedFor":{"displayName":"Devops
        Cli","url":"https://spsprodsin2.vssps.visualstudio.com/Ab5db41ca-f3ef-48ce-a8e3-7d282463dbe2/_apis/Identities/60a59117-a1ed-6677-ab04-b3de5aa38954","_links":{"avatar":{"href":"https://dev.azure.com/devops-cli-test-org/_apis/GraphProfile/MemberAvatars/msa.NjBhNTkxMTctYTFlZC03Njc3LWFiMDQtYjNkZTVhYTM4OTU0"}},"id":"60a59117-a1ed-6677-ab04-b3de5aa38954","uniqueName":"devops-cli@outlook.com","imageUrl":"https://dev.azure.com/devops-cli-test-org/_apis/GraphProfile/MemberAvatars/msa.NjBhNTkxMTctYTFlZC03Njc3LWFiMDQtYjNkZTVhYTM4OTU0","descriptor":"msa.NjBhNTkxMTctYTFlZC03Njc3LWFiMDQtYjNkZTVhYTM4OTU0"},"requestedBy":{"displayName":"Devops
        Cli","url":"https://spsprodsin2.vssps.visualstudio.com/Ab5db41ca-f3ef-48ce-a8e3-7d282463dbe2/_apis/Identities/60a59117-a1ed-6677-ab04-b3de5aa38954","_links":{"avatar":{"href":"https://dev.azure.com/devops-cli-test-org/_apis/GraphProfile/MemberAvatars/msa.NjBhNTkxMTctYTFlZC03Njc3LWFiMDQtYjNkZTVhYTM4OTU0"}},"id":"60a59117-a1ed-6677-ab04-b3de5aa38954","uniqueName":"devops-cli@outlook.com","imageUrl":"https://dev.azure.com/devops-cli-test-org/_apis/GraphProfile/MemberAvatars/msa.NjBhNTkxMTctYTFlZC03Njc3LWFiMDQtYjNkZTVhYTM4OTU0","descriptor":"msa.NjBhNTkxMTctYTFlZC03Njc3LWFiMDQtYjNkZTVhYTM4OTU0"},"lastChangedDate":"2021-09-06T06:43:13.153Z","lastChangedBy":{"displayName":"Microsoft.VisualStudio.Services.TFS","url":"https://spsprodsin2.vssps.visualstudio.com/Ab5db41ca-f3ef-48ce-a8e3-7d282463dbe2/_apis/Identities/00000002-0000-8888-8000-000000000000","_links":{"avatar":{"href":"https://dev.azure.com/devops-cli-test-org/_apis/GraphProfile/MemberAvatars/s2s.MDAwMDAwMDItMDAwMC04ODg4LTgwMDAtMDAwMDAwMDAwMDAwQDJjODk1OTA4LTA0ZTAtNDk1Mi04OWZkLTU0YjAwNDZkNjI4OA"}},"id":"00000002-0000-8888-8000-000000000000","uniqueName":"00000002-0000-8888-8000-000000000000@2c895908-04e0-4952-89fd-54b0046d6288","imageUrl":"https://dev.azure.com/devops-cli-test-org/_apis/GraphProfile/MemberAvatars/s2s.MDAwMDAwMDItMDAwMC04ODg4LTgwMDAtMDAwMDAwMDAwMDAwQDJjODk1OTA4LTA0ZTAtNDk1Mi04OWZkLTU0YjAwNDZkNjI4OA","descriptor":"s2s.MDAwMDAwMDItMDAwMC04ODg4LTgwMDAtMDAwMDAwMDAwMDAwQDJjODk1OTA4LTA0ZTAtNDk1Mi04OWZkLTU0YjAwNDZkNjI4OA"},"orchestrationPlan":{"planId":"27196c75-b68c-4d0c-85e3-297c08e7048f"},"logs":{"id":0,"type":"Container","url":"https://dev.azure.com/devops-cli-test-org/cbd677f8-2300-4c22-b049-ba631347c447/_apis/build/builds/27/logs"},"repository":{"id":"1e9923d1-34f2-4dac-acc7-a5835b8bc0e7","type":"TfsGit","name":"BuildTests","url":"https://dev.azure.com/devops-cli-test-org/BuildTests/_git/BuildTests","clean":null,"checkoutSubmodules":false},"keepForever":false,"retainedByRelease":false,"triggeredByBuild":null},{"_links":{"self":{"href":"https://dev.azure.com/devops-cli-test-org/cbd677f8-2300-4c22-b049-ba631347c447/_apis/build/Builds/26"},"web":{"href":"https://dev.azure.com/devops-cli-test-org/cbd677f8-2300-4c22-b049-ba631347c447/_build/results?buildId=26"},"sourceVersionDisplayUri":{"href":"https://dev.azure.com/devops-cli-test-org/cbd677f8-2300-4c22-b049-ba631347c447/_apis/build/builds/26/sources"},"timeline":{"href":"https://dev.azure.com/devops-cli-test-org/cbd677f8-2300-4c22-b049-ba631347c447/_apis/build/builds/26/Timeline"},"badge":{"href":"https://dev.azure.com/devops-cli-test-org/cbd677f8-2300-4c22-b049-ba631347c447/_apis/build/status/26"}},"properties":{},"tags":[],"validationResults":[],"plans":[{"planId":"9f265ffc-a201-447f-b43c-9651e9d41f7b"}],"triggerInfo":{},"id":26,"buildNumber":"20210906.6","status":"completed","result":"failed","queueTime":"2021-09-06T06:42:48.516258Z","startTime":"2021-09-06T06:42:52.0144765Z","finishTime":"2021-09-06T06:42:52.0144765Z","url":"https://dev.azure.com/devops-cli-test-org/cbd677f8-2300-4c22-b049-ba631347c447/_apis/build/Builds/26","definition":{"drafts":[],"id":26,"name":"BuildTests
        Definition1","url":"https://dev.azure.com/devops-cli-test-org/cbd677f8-2300-4c22-b049-ba631347c447/_apis/build/Definitions/26?revision=2","uri":"vstfs:///Build/Definition/26","path":"\\","type":"build","queueStatus":"enabled","revision":2,"project":{"id":"cbd677f8-2300-4c22-b049-ba631347c447","name":"BuildTests","url":"https://dev.azure.com/devops-cli-test-org/_apis/projects/cbd677f8-2300-4c22-b049-ba631347c447","state":"wellFormed","revision":2248,"visibility":"public","lastUpdateTime":"2021-09-03T06:29:58.75Z"}},"buildNumberRevision":6,"project":{"id":"cbd677f8-2300-4c22-b049-ba631347c447","name":"BuildTests","url":"https://dev.azure.com/devops-cli-test-org/_apis/projects/cbd677f8-2300-4c22-b049-ba631347c447","state":"wellFormed","revision":2248,"visibility":"public","lastUpdateTime":"2021-09-03T06:29:58.75Z"},"uri":"vstfs:///Build/Build/26","sourceBranch":"refs/heads/main","sourceVersion":"767c3ab99f6d0a7ad493a14b3b72f13b2d797f20","queue":{"id":1961,"name":"Hosted
        Ubuntu 1604","pool":{"id":8,"name":"Hosted Ubuntu 1604","isHosted":true}},"priority":"normal","reason":"manual","requestedFor":{"displayName":"Devops
        Cli","url":"https://spsprodsin2.vssps.visualstudio.com/Ab5db41ca-f3ef-48ce-a8e3-7d282463dbe2/_apis/Identities/60a59117-a1ed-6677-ab04-b3de5aa38954","_links":{"avatar":{"href":"https://dev.azure.com/devops-cli-test-org/_apis/GraphProfile/MemberAvatars/msa.NjBhNTkxMTctYTFlZC03Njc3LWFiMDQtYjNkZTVhYTM4OTU0"}},"id":"60a59117-a1ed-6677-ab04-b3de5aa38954","uniqueName":"devops-cli@outlook.com","imageUrl":"https://dev.azure.com/devops-cli-test-org/_apis/GraphProfile/MemberAvatars/msa.NjBhNTkxMTctYTFlZC03Njc3LWFiMDQtYjNkZTVhYTM4OTU0","descriptor":"msa.NjBhNTkxMTctYTFlZC03Njc3LWFiMDQtYjNkZTVhYTM4OTU0"},"requestedBy":{"displayName":"Devops
        Cli","url":"https://spsprodsin2.vssps.visualstudio.com/Ab5db41ca-f3ef-48ce-a8e3-7d282463dbe2/_apis/Identities/60a59117-a1ed-6677-ab04-b3de5aa38954","_links":{"avatar":{"href":"https://dev.azure.com/devops-cli-test-org/_apis/GraphProfile/MemberAvatars/msa.NjBhNTkxMTctYTFlZC03Njc3LWFiMDQtYjNkZTVhYTM4OTU0"}},"id":"60a59117-a1ed-6677-ab04-b3de5aa38954","uniqueName":"devops-cli@outlook.com","imageUrl":"https://dev.azure.com/devops-cli-test-org/_apis/GraphProfile/MemberAvatars/msa.NjBhNTkxMTctYTFlZC03Njc3LWFiMDQtYjNkZTVhYTM4OTU0","descriptor":"msa.NjBhNTkxMTctYTFlZC03Njc3LWFiMDQtYjNkZTVhYTM4OTU0"},"lastChangedDate":"2021-09-06T06:42:52.397Z","lastChangedBy":{"displayName":"Microsoft.VisualStudio.Services.TFS","url":"https://spsprodsin2.vssps.visualstudio.com/Ab5db41ca-f3ef-48ce-a8e3-7d282463dbe2/_apis/Identities/00000002-0000-8888-8000-000000000000","_links":{"avatar":{"href":"https://dev.azure.com/devops-cli-test-org/_apis/GraphProfile/MemberAvatars/s2s.MDAwMDAwMDItMDAwMC04ODg4LTgwMDAtMDAwMDAwMDAwMDAwQDJjODk1OTA4LTA0ZTAtNDk1Mi04OWZkLTU0YjAwNDZkNjI4OA"}},"id":"00000002-0000-8888-8000-000000000000","uniqueName":"00000002-0000-8888-8000-000000000000@2c895908-04e0-4952-89fd-54b0046d6288","imageUrl":"https://dev.azure.com/devops-cli-test-org/_apis/GraphProfile/MemberAvatars/s2s.MDAwMDAwMDItMDAwMC04ODg4LTgwMDAtMDAwMDAwMDAwMDAwQDJjODk1OTA4LTA0ZTAtNDk1Mi04OWZkLTU0YjAwNDZkNjI4OA","descriptor":"s2s.MDAwMDAwMDItMDAwMC04ODg4LTgwMDAtMDAwMDAwMDAwMDAwQDJjODk1OTA4LTA0ZTAtNDk1Mi04OWZkLTU0YjAwNDZkNjI4OA"},"orchestrationPlan":{"planId":"9f265ffc-a201-447f-b43c-9651e9d41f7b"},"logs":{"id":0,"type":"Container","url":"https://dev.azure.com/devops-cli-test-org/cbd677f8-2300-4c22-b049-ba631347c447/_apis/build/builds/26/logs"},"repository":{"id":"1e9923d1-34f2-4dac-acc7-a5835b8bc0e7","type":"TfsGit","name":"BuildTests","url":"https://dev.azure.com/devops-cli-test-org/BuildTests/_git/BuildTests","clean":null,"checkoutSubmodules":false},"keepForever":false,"retainedByRelease":false,"triggeredByBuild":null},{"_links":{"self":{"href":"https://dev.azure.com/devops-cli-test-org/cbd677f8-2300-4c22-b049-ba631347c447/_apis/build/Builds/25"},"web":{"href":"https://dev.azure.com/devops-cli-test-org/cbd677f8-2300-4c22-b049-ba631347c447/_build/results?buildId=25"},"sourceVersionDisplayUri":{"href":"https://dev.azure.com/devops-cli-test-org/cbd677f8-2300-4c22-b049-ba631347c447/_apis/build/builds/25/sources"},"timeline":{"href":"https://dev.azure.com/devops-cli-test-org/cbd677f8-2300-4c22-b049-ba631347c447/_apis/build/builds/25/Timeline"},"badge":{"href":"https://dev.azure.com/devops-cli-test-org/cbd677f8-2300-4c22-b049-ba631347c447/_apis/build/status/26"}},"properties":{},"tags":[],"validationResults":[],"plans":[{"planId":"d5c9a65e-475c-44ec-9f55-45f2bd027df0"}],"triggerInfo":{},"id":25,"buildNumber":"20210906.5","status":"completed","result":"failed","queueTime":"2021-09-06T06:42:18.3006646Z","startTime":"2021-09-06T06:42:26.855903Z","finishTime":"2021-09-06T06:42:26.855903Z","url":"https://dev.azure.com/devops-cli-test-org/cbd677f8-2300-4c22-b049-ba631347c447/_apis/build/Builds/25","definition":{"drafts":[],"id":26,"name":"BuildTests
        Definition1","url":"https://dev.azure.com/devops-cli-test-org/cbd677f8-2300-4c22-b049-ba631347c447/_apis/build/Definitions/26?revision=2","uri":"vstfs:///Build/Definition/26","path":"\\","type":"build","queueStatus":"enabled","revision":2,"project":{"id":"cbd677f8-2300-4c22-b049-ba631347c447","name":"BuildTests","url":"https://dev.azure.com/devops-cli-test-org/_apis/projects/cbd677f8-2300-4c22-b049-ba631347c447","state":"wellFormed","revision":2248,"visibility":"public","lastUpdateTime":"2021-09-03T06:29:58.75Z"}},"buildNumberRevision":5,"project":{"id":"cbd677f8-2300-4c22-b049-ba631347c447","name":"BuildTests","url":"https://dev.azure.com/devops-cli-test-org/_apis/projects/cbd677f8-2300-4c22-b049-ba631347c447","state":"wellFormed","revision":2248,"visibility":"public","lastUpdateTime":"2021-09-03T06:29:58.75Z"},"uri":"vstfs:///Build/Build/25","sourceBranch":"refs/heads/main","sourceVersion":"767c3ab99f6d0a7ad493a14b3b72f13b2d797f20","queue":{"id":1961,"name":"Hosted
        Ubuntu 1604","pool":{"id":8,"name":"Hosted Ubuntu 1604","isHosted":true}},"priority":"normal","reason":"manual","requestedFor":{"displayName":"Devops
        Cli","url":"https://spsprodsin2.vssps.visualstudio.com/Ab5db41ca-f3ef-48ce-a8e3-7d282463dbe2/_apis/Identities/60a59117-a1ed-6677-ab04-b3de5aa38954","_links":{"avatar":{"href":"https://dev.azure.com/devops-cli-test-org/_apis/GraphProfile/MemberAvatars/msa.NjBhNTkxMTctYTFlZC03Njc3LWFiMDQtYjNkZTVhYTM4OTU0"}},"id":"60a59117-a1ed-6677-ab04-b3de5aa38954","uniqueName":"devops-cli@outlook.com","imageUrl":"https://dev.azure.com/devops-cli-test-org/_apis/GraphProfile/MemberAvatars/msa.NjBhNTkxMTctYTFlZC03Njc3LWFiMDQtYjNkZTVhYTM4OTU0","descriptor":"msa.NjBhNTkxMTctYTFlZC03Njc3LWFiMDQtYjNkZTVhYTM4OTU0"},"requestedBy":{"displayName":"Devops
        Cli","url":"https://spsprodsin2.vssps.visualstudio.com/Ab5db41ca-f3ef-48ce-a8e3-7d282463dbe2/_apis/Identities/60a59117-a1ed-6677-ab04-b3de5aa38954","_links":{"avatar":{"href":"https://dev.azure.com/devops-cli-test-org/_apis/GraphProfile/MemberAvatars/msa.NjBhNTkxMTctYTFlZC03Njc3LWFiMDQtYjNkZTVhYTM4OTU0"}},"id":"60a59117-a1ed-6677-ab04-b3de5aa38954","uniqueName":"devops-cli@outlook.com","imageUrl":"https://dev.azure.com/devops-cli-test-org/_apis/GraphProfile/MemberAvatars/msa.NjBhNTkxMTctYTFlZC03Njc3LWFiMDQtYjNkZTVhYTM4OTU0","descriptor":"msa.NjBhNTkxMTctYTFlZC03Njc3LWFiMDQtYjNkZTVhYTM4OTU0"},"lastChangedDate":"2021-09-06T06:42:27.173Z","lastChangedBy":{"displayName":"Microsoft.VisualStudio.Services.TFS","url":"https://spsprodsin2.vssps.visualstudio.com/Ab5db41ca-f3ef-48ce-a8e3-7d282463dbe2/_apis/Identities/00000002-0000-8888-8000-000000000000","_links":{"avatar":{"href":"https://dev.azure.com/devops-cli-test-org/_apis/GraphProfile/MemberAvatars/s2s.MDAwMDAwMDItMDAwMC04ODg4LTgwMDAtMDAwMDAwMDAwMDAwQDJjODk1OTA4LTA0ZTAtNDk1Mi04OWZkLTU0YjAwNDZkNjI4OA"}},"id":"00000002-0000-8888-8000-000000000000","uniqueName":"00000002-0000-8888-8000-000000000000@2c895908-04e0-4952-89fd-54b0046d6288","imageUrl":"https://dev.azure.com/devops-cli-test-org/_apis/GraphProfile/MemberAvatars/s2s.MDAwMDAwMDItMDAwMC04ODg4LTgwMDAtMDAwMDAwMDAwMDAwQDJjODk1OTA4LTA0ZTAtNDk1Mi04OWZkLTU0YjAwNDZkNjI4OA","descriptor":"s2s.MDAwMDAwMDItMDAwMC04ODg4LTgwMDAtMDAwMDAwMDAwMDAwQDJjODk1OTA4LTA0ZTAtNDk1Mi04OWZkLTU0YjAwNDZkNjI4OA"},"orchestrationPlan":{"planId":"d5c9a65e-475c-44ec-9f55-45f2bd027df0"},"logs":{"id":0,"type":"Container","url":"https://dev.azure.com/devops-cli-test-org/cbd677f8-2300-4c22-b049-ba631347c447/_apis/build/builds/25/logs"},"repository":{"id":"1e9923d1-34f2-4dac-acc7-a5835b8bc0e7","type":"TfsGit","name":"BuildTests","url":"https://dev.azure.com/devops-cli-test-org/BuildTests/_git/BuildTests","clean":null,"checkoutSubmodules":false},"keepForever":false,"retainedByRelease":false,"triggeredByBuild":null},{"_links":{"self":{"href":"https://dev.azure.com/devops-cli-test-org/cbd677f8-2300-4c22-b049-ba631347c447/_apis/build/Builds/24"},"web":{"href":"https://dev.azure.com/devops-cli-test-org/cbd677f8-2300-4c22-b049-ba631347c447/_build/results?buildId=24"},"sourceVersionDisplayUri":{"href":"https://dev.azure.com/devops-cli-test-org/cbd677f8-2300-4c22-b049-ba631347c447/_apis/build/builds/24/sources"},"timeline":{"href":"https://dev.azure.com/devops-cli-test-org/cbd677f8-2300-4c22-b049-ba631347c447/_apis/build/builds/24/Timeline"},"badge":{"href":"https://dev.azure.com/devops-cli-test-org/cbd677f8-2300-4c22-b049-ba631347c447/_apis/build/status/26"}},"properties":{},"tags":[],"validationResults":[],"plans":[{"planId":"745a0bc4-02ea-479b-be54-7e8bc8bc184a"}],"triggerInfo":{},"id":24,"buildNumber":"20210906.4","status":"completed","result":"failed","queueTime":"2021-09-06T06:42:02.56857Z","startTime":"2021-09-06T06:42:06.9266185Z","finishTime":"2021-09-06T06:42:06.9266185Z","url":"https://dev.azure.com/devops-cli-test-org/cbd677f8-2300-4c22-b049-ba631347c447/_apis/build/Builds/24","definition":{"drafts":[],"id":26,"name":"BuildTests
        Definition1","url":"https://dev.azure.com/devops-cli-test-org/cbd677f8-2300-4c22-b049-ba631347c447/_apis/build/Definitions/26?revision=2","uri":"vstfs:///Build/Definition/26","path":"\\","type":"build","queueStatus":"enabled","revision":2,"project":{"id":"cbd677f8-2300-4c22-b049-ba631347c447","name":"BuildTests","url":"https://dev.azure.com/devops-cli-test-org/_apis/projects/cbd677f8-2300-4c22-b049-ba631347c447","state":"wellFormed","revision":2248,"visibility":"public","lastUpdateTime":"2021-09-03T06:29:58.75Z"}},"buildNumberRevision":4,"project":{"id":"cbd677f8-2300-4c22-b049-ba631347c447","name":"BuildTests","url":"https://dev.azure.com/devops-cli-test-org/_apis/projects/cbd677f8-2300-4c22-b049-ba631347c447","state":"wellFormed","revision":2248,"visibility":"public","lastUpdateTime":"2021-09-03T06:29:58.75Z"},"uri":"vstfs:///Build/Build/24","sourceBranch":"refs/heads/main","sourceVersion":"767c3ab99f6d0a7ad493a14b3b72f13b2d797f20","queue":{"id":1961,"name":"Hosted
        Ubuntu 1604","pool":{"id":8,"name":"Hosted Ubuntu 1604","isHosted":true}},"priority":"normal","reason":"manual","requestedFor":{"displayName":"Devops
        Cli","url":"https://spsprodsin2.vssps.visualstudio.com/Ab5db41ca-f3ef-48ce-a8e3-7d282463dbe2/_apis/Identities/60a59117-a1ed-6677-ab04-b3de5aa38954","_links":{"avatar":{"href":"https://dev.azure.com/devops-cli-test-org/_apis/GraphProfile/MemberAvatars/msa.NjBhNTkxMTctYTFlZC03Njc3LWFiMDQtYjNkZTVhYTM4OTU0"}},"id":"60a59117-a1ed-6677-ab04-b3de5aa38954","uniqueName":"devops-cli@outlook.com","imageUrl":"https://dev.azure.com/devops-cli-test-org/_apis/GraphProfile/MemberAvatars/msa.NjBhNTkxMTctYTFlZC03Njc3LWFiMDQtYjNkZTVhYTM4OTU0","descriptor":"msa.NjBhNTkxMTctYTFlZC03Njc3LWFiMDQtYjNkZTVhYTM4OTU0"},"requestedBy":{"displayName":"Devops
        Cli","url":"https://spsprodsin2.vssps.visualstudio.com/Ab5db41ca-f3ef-48ce-a8e3-7d282463dbe2/_apis/Identities/60a59117-a1ed-6677-ab04-b3de5aa38954","_links":{"avatar":{"href":"https://dev.azure.com/devops-cli-test-org/_apis/GraphProfile/MemberAvatars/msa.NjBhNTkxMTctYTFlZC03Njc3LWFiMDQtYjNkZTVhYTM4OTU0"}},"id":"60a59117-a1ed-6677-ab04-b3de5aa38954","uniqueName":"devops-cli@outlook.com","imageUrl":"https://dev.azure.com/devops-cli-test-org/_apis/GraphProfile/MemberAvatars/msa.NjBhNTkxMTctYTFlZC03Njc3LWFiMDQtYjNkZTVhYTM4OTU0","descriptor":"msa.NjBhNTkxMTctYTFlZC03Njc3LWFiMDQtYjNkZTVhYTM4OTU0"},"lastChangedDate":"2021-09-06T06:42:07.257Z","lastChangedBy":{"displayName":"Microsoft.VisualStudio.Services.TFS","url":"https://spsprodsin2.vssps.visualstudio.com/Ab5db41ca-f3ef-48ce-a8e3-7d282463dbe2/_apis/Identities/00000002-0000-8888-8000-000000000000","_links":{"avatar":{"href":"https://dev.azure.com/devops-cli-test-org/_apis/GraphProfile/MemberAvatars/s2s.MDAwMDAwMDItMDAwMC04ODg4LTgwMDAtMDAwMDAwMDAwMDAwQDJjODk1OTA4LTA0ZTAtNDk1Mi04OWZkLTU0YjAwNDZkNjI4OA"}},"id":"00000002-0000-8888-8000-000000000000","uniqueName":"00000002-0000-8888-8000-000000000000@2c895908-04e0-4952-89fd-54b0046d6288","imageUrl":"https://dev.azure.com/devops-cli-test-org/_apis/GraphProfile/MemberAvatars/s2s.MDAwMDAwMDItMDAwMC04ODg4LTgwMDAtMDAwMDAwMDAwMDAwQDJjODk1OTA4LTA0ZTAtNDk1Mi04OWZkLTU0YjAwNDZkNjI4OA","descriptor":"s2s.MDAwMDAwMDItMDAwMC04ODg4LTgwMDAtMDAwMDAwMDAwMDAwQDJjODk1OTA4LTA0ZTAtNDk1Mi04OWZkLTU0YjAwNDZkNjI4OA"},"orchestrationPlan":{"planId":"745a0bc4-02ea-479b-be54-7e8bc8bc184a"},"logs":{"id":0,"type":"Container","url":"https://dev.azure.com/devops-cli-test-org/cbd677f8-2300-4c22-b049-ba631347c447/_apis/build/builds/24/logs"},"repository":{"id":"1e9923d1-34f2-4dac-acc7-a5835b8bc0e7","type":"TfsGit","name":"BuildTests","url":"https://dev.azure.com/devops-cli-test-org/BuildTests/_git/BuildTests","clean":null,"checkoutSubmodules":false},"keepForever":false,"retainedByRelease":false,"triggeredByBuild":null},{"_links":{"self":{"href":"https://dev.azure.com/devops-cli-test-org/cbd677f8-2300-4c22-b049-ba631347c447/_apis/build/Builds/23"},"web":{"href":"https://dev.azure.com/devops-cli-test-org/cbd677f8-2300-4c22-b049-ba631347c447/_build/results?buildId=23"},"sourceVersionDisplayUri":{"href":"https://dev.azure.com/devops-cli-test-org/cbd677f8-2300-4c22-b049-ba631347c447/_apis/build/builds/23/sources"},"timeline":{"href":"https://dev.azure.com/devops-cli-test-org/cbd677f8-2300-4c22-b049-ba631347c447/_apis/build/builds/23/Timeline"},"badge":{"href":"https://dev.azure.com/devops-cli-test-org/cbd677f8-2300-4c22-b049-ba631347c447/_apis/build/status/26"}},"properties":{},"tags":[],"validationResults":[],"plans":[{"planId":"7578f7e3-b9f4-4899-9a22-0c4a6df98552"}],"triggerInfo":{},"id":23,"buildNumber":"20210906.3","status":"completed","result":"failed","queueTime":"2021-09-06T06:38:51.6960383Z","startTime":"2021-09-06T06:38:57.1779528Z","finishTime":"2021-09-06T06:38:57.1779528Z","url":"https://dev.azure.com/devops-cli-test-org/cbd677f8-2300-4c22-b049-ba631347c447/_apis/build/Builds/23","definition":{"drafts":[],"id":26,"name":"BuildTests
        Definition1","url":"https://dev.azure.com/devops-cli-test-org/cbd677f8-2300-4c22-b049-ba631347c447/_apis/build/Definitions/26?revision=2","uri":"vstfs:///Build/Definition/26","path":"\\","type":"build","queueStatus":"enabled","revision":2,"project":{"id":"cbd677f8-2300-4c22-b049-ba631347c447","name":"BuildTests","url":"https://dev.azure.com/devops-cli-test-org/_apis/projects/cbd677f8-2300-4c22-b049-ba631347c447","state":"wellFormed","revision":2248,"visibility":"public","lastUpdateTime":"2021-09-03T06:29:58.75Z"}},"buildNumberRevision":3,"project":{"id":"cbd677f8-2300-4c22-b049-ba631347c447","name":"BuildTests","url":"https://dev.azure.com/devops-cli-test-org/_apis/projects/cbd677f8-2300-4c22-b049-ba631347c447","state":"wellFormed","revision":2248,"visibility":"public","lastUpdateTime":"2021-09-03T06:29:58.75Z"},"uri":"vstfs:///Build/Build/23","sourceBranch":"refs/heads/main","sourceVersion":"767c3ab99f6d0a7ad493a14b3b72f13b2d797f20","queue":{"id":1961,"name":"Hosted
        Ubuntu 1604","pool":{"id":8,"name":"Hosted Ubuntu 1604","isHosted":true}},"priority":"normal","reason":"manual","requestedFor":{"displayName":"Devops
        Cli","url":"https://spsprodsin2.vssps.visualstudio.com/Ab5db41ca-f3ef-48ce-a8e3-7d282463dbe2/_apis/Identities/60a59117-a1ed-6677-ab04-b3de5aa38954","_links":{"avatar":{"href":"https://dev.azure.com/devops-cli-test-org/_apis/GraphProfile/MemberAvatars/msa.NjBhNTkxMTctYTFlZC03Njc3LWFiMDQtYjNkZTVhYTM4OTU0"}},"id":"60a59117-a1ed-6677-ab04-b3de5aa38954","uniqueName":"devops-cli@outlook.com","imageUrl":"https://dev.azure.com/devops-cli-test-org/_apis/GraphProfile/MemberAvatars/msa.NjBhNTkxMTctYTFlZC03Njc3LWFiMDQtYjNkZTVhYTM4OTU0","descriptor":"msa.NjBhNTkxMTctYTFlZC03Njc3LWFiMDQtYjNkZTVhYTM4OTU0"},"requestedBy":{"displayName":"Devops
        Cli","url":"https://spsprodsin2.vssps.visualstudio.com/Ab5db41ca-f3ef-48ce-a8e3-7d282463dbe2/_apis/Identities/60a59117-a1ed-6677-ab04-b3de5aa38954","_links":{"avatar":{"href":"https://dev.azure.com/devops-cli-test-org/_apis/GraphProfile/MemberAvatars/msa.NjBhNTkxMTctYTFlZC03Njc3LWFiMDQtYjNkZTVhYTM4OTU0"}},"id":"60a59117-a1ed-6677-ab04-b3de5aa38954","uniqueName":"devops-cli@outlook.com","imageUrl":"https://dev.azure.com/devops-cli-test-org/_apis/GraphProfile/MemberAvatars/msa.NjBhNTkxMTctYTFlZC03Njc3LWFiMDQtYjNkZTVhYTM4OTU0","descriptor":"msa.NjBhNTkxMTctYTFlZC03Njc3LWFiMDQtYjNkZTVhYTM4OTU0"},"lastChangedDate":"2021-09-06T06:38:57.44Z","lastChangedBy":{"displayName":"Microsoft.VisualStudio.Services.TFS","url":"https://spsprodsin2.vssps.visualstudio.com/Ab5db41ca-f3ef-48ce-a8e3-7d282463dbe2/_apis/Identities/00000002-0000-8888-8000-000000000000","_links":{"avatar":{"href":"https://dev.azure.com/devops-cli-test-org/_apis/GraphProfile/MemberAvatars/s2s.MDAwMDAwMDItMDAwMC04ODg4LTgwMDAtMDAwMDAwMDAwMDAwQDJjODk1OTA4LTA0ZTAtNDk1Mi04OWZkLTU0YjAwNDZkNjI4OA"}},"id":"00000002-0000-8888-8000-000000000000","uniqueName":"00000002-0000-8888-8000-000000000000@2c895908-04e0-4952-89fd-54b0046d6288","imageUrl":"https://dev.azure.com/devops-cli-test-org/_apis/GraphProfile/MemberAvatars/s2s.MDAwMDAwMDItMDAwMC04ODg4LTgwMDAtMDAwMDAwMDAwMDAwQDJjODk1OTA4LTA0ZTAtNDk1Mi04OWZkLTU0YjAwNDZkNjI4OA","descriptor":"s2s.MDAwMDAwMDItMDAwMC04ODg4LTgwMDAtMDAwMDAwMDAwMDAwQDJjODk1OTA4LTA0ZTAtNDk1Mi04OWZkLTU0YjAwNDZkNjI4OA"},"orchestrationPlan":{"planId":"7578f7e3-b9f4-4899-9a22-0c4a6df98552"},"logs":{"id":0,"type":"Container","url":"https://dev.azure.com/devops-cli-test-org/cbd677f8-2300-4c22-b049-ba631347c447/_apis/build/builds/23/logs"},"repository":{"id":"1e9923d1-34f2-4dac-acc7-a5835b8bc0e7","type":"TfsGit","name":"BuildTests","url":"https://dev.azure.com/devops-cli-test-org/BuildTests/_git/BuildTests","clean":null,"checkoutSubmodules":false},"keepForever":false,"retainedByRelease":false,"triggeredByBuild":null},{"_links":{"self":{"href":"https://dev.azure.com/devops-cli-test-org/cbd677f8-2300-4c22-b049-ba631347c447/_apis/build/Builds/21"},"web":{"href":"https://dev.azure.com/devops-cli-test-org/cbd677f8-2300-4c22-b049-ba631347c447/_build/results?buildId=21"},"sourceVersionDisplayUri":{"href":"https://dev.azure.com/devops-cli-test-org/cbd677f8-2300-4c22-b049-ba631347c447/_apis/build/builds/21/sources"},"timeline":{"href":"https://dev.azure.com/devops-cli-test-org/cbd677f8-2300-4c22-b049-ba631347c447/_apis/build/builds/21/Timeline"},"badge":{"href":"https://dev.azure.com/devops-cli-test-org/cbd677f8-2300-4c22-b049-ba631347c447/_apis/build/status/26"}},"properties":{},"tags":[],"validationResults":[],"plans":[{"planId":"0fe745e3-656f-49e0-b47d-0fffb9b4caaf"}],"triggerInfo":{},"id":21,"buildNumber":"20210906.2","status":"completed","result":"failed","queueTime":"2021-09-06T00:23:17.3452115Z","startTime":"2021-09-06T00:23:20.5295686Z","finishTime":"2021-09-06T00:23:20.5295686Z","url":"https://dev.azure.com/devops-cli-test-org/cbd677f8-2300-4c22-b049-ba631347c447/_apis/build/Builds/21","definition":{"drafts":[],"id":26,"name":"BuildTests
        Definition1","url":"https://dev.azure.com/devops-cli-test-org/cbd677f8-2300-4c22-b049-ba631347c447/_apis/build/Definitions/26?revision=2","uri":"vstfs:///Build/Definition/26","path":"\\","type":"build","queueStatus":"enabled","revision":2,"project":{"id":"cbd677f8-2300-4c22-b049-ba631347c447","name":"BuildTests","url":"https://dev.azure.com/devops-cli-test-org/_apis/projects/cbd677f8-2300-4c22-b049-ba631347c447","state":"wellFormed","revision":2248,"visibility":"public","lastUpdateTime":"2021-09-03T06:29:58.75Z"}},"buildNumberRevision":2,"project":{"id":"cbd677f8-2300-4c22-b049-ba631347c447","name":"BuildTests","url":"https://dev.azure.com/devops-cli-test-org/_apis/projects/cbd677f8-2300-4c22-b049-ba631347c447","state":"wellFormed","revision":2248,"visibility":"public","lastUpdateTime":"2021-09-03T06:29:58.75Z"},"uri":"vstfs:///Build/Build/21","sourceBranch":"refs/heads/main","sourceVersion":"767c3ab99f6d0a7ad493a14b3b72f13b2d797f20","queue":{"id":1961,"name":"Hosted
        Ubuntu 1604","pool":{"id":8,"name":"Hosted Ubuntu 1604","isHosted":true}},"priority":"normal","reason":"manual","requestedFor":{"displayName":"Devops
        Cli","url":"https://spsprodsin2.vssps.visualstudio.com/Ab5db41ca-f3ef-48ce-a8e3-7d282463dbe2/_apis/Identities/60a59117-a1ed-6677-ab04-b3de5aa38954","_links":{"avatar":{"href":"https://dev.azure.com/devops-cli-test-org/_apis/GraphProfile/MemberAvatars/msa.NjBhNTkxMTctYTFlZC03Njc3LWFiMDQtYjNkZTVhYTM4OTU0"}},"id":"60a59117-a1ed-6677-ab04-b3de5aa38954","uniqueName":"devops-cli@outlook.com","imageUrl":"https://dev.azure.com/devops-cli-test-org/_apis/GraphProfile/MemberAvatars/msa.NjBhNTkxMTctYTFlZC03Njc3LWFiMDQtYjNkZTVhYTM4OTU0","descriptor":"msa.NjBhNTkxMTctYTFlZC03Njc3LWFiMDQtYjNkZTVhYTM4OTU0"},"requestedBy":{"displayName":"Devops
        Cli","url":"https://spsprodsin2.vssps.visualstudio.com/Ab5db41ca-f3ef-48ce-a8e3-7d282463dbe2/_apis/Identities/60a59117-a1ed-6677-ab04-b3de5aa38954","_links":{"avatar":{"href":"https://dev.azure.com/devops-cli-test-org/_apis/GraphProfile/MemberAvatars/msa.NjBhNTkxMTctYTFlZC03Njc3LWFiMDQtYjNkZTVhYTM4OTU0"}},"id":"60a59117-a1ed-6677-ab04-b3de5aa38954","uniqueName":"devops-cli@outlook.com","imageUrl":"https://dev.azure.com/devops-cli-test-org/_apis/GraphProfile/MemberAvatars/msa.NjBhNTkxMTctYTFlZC03Njc3LWFiMDQtYjNkZTVhYTM4OTU0","descriptor":"msa.NjBhNTkxMTctYTFlZC03Njc3LWFiMDQtYjNkZTVhYTM4OTU0"},"lastChangedDate":"2021-09-06T00:23:20.727Z","lastChangedBy":{"displayName":"Microsoft.VisualStudio.Services.TFS","url":"https://spsprodsin2.vssps.visualstudio.com/Ab5db41ca-f3ef-48ce-a8e3-7d282463dbe2/_apis/Identities/00000002-0000-8888-8000-000000000000","_links":{"avatar":{"href":"https://dev.azure.com/devops-cli-test-org/_apis/GraphProfile/MemberAvatars/s2s.MDAwMDAwMDItMDAwMC04ODg4LTgwMDAtMDAwMDAwMDAwMDAwQDJjODk1OTA4LTA0ZTAtNDk1Mi04OWZkLTU0YjAwNDZkNjI4OA"}},"id":"00000002-0000-8888-8000-000000000000","uniqueName":"00000002-0000-8888-8000-000000000000@2c895908-04e0-4952-89fd-54b0046d6288","imageUrl":"https://dev.azure.com/devops-cli-test-org/_apis/GraphProfile/MemberAvatars/s2s.MDAwMDAwMDItMDAwMC04ODg4LTgwMDAtMDAwMDAwMDAwMDAwQDJjODk1OTA4LTA0ZTAtNDk1Mi04OWZkLTU0YjAwNDZkNjI4OA","descriptor":"s2s.MDAwMDAwMDItMDAwMC04ODg4LTgwMDAtMDAwMDAwMDAwMDAwQDJjODk1OTA4LTA0ZTAtNDk1Mi04OWZkLTU0YjAwNDZkNjI4OA"},"orchestrationPlan":{"planId":"0fe745e3-656f-49e0-b47d-0fffb9b4caaf"},"logs":{"id":0,"type":"Container","url":"https://dev.azure.com/devops-cli-test-org/cbd677f8-2300-4c22-b049-ba631347c447/_apis/build/builds/21/logs"},"repository":{"id":"1e9923d1-34f2-4dac-acc7-a5835b8bc0e7","type":"TfsGit","name":"BuildTests","url":"https://dev.azure.com/devops-cli-test-org/BuildTests/_git/BuildTests","clean":null,"checkoutSubmodules":false},"keepForever":false,"retainedByRelease":false,"triggeredByBuild":null},{"_links":{"self":{"href":"https://dev.azure.com/devops-cli-test-org/cbd677f8-2300-4c22-b049-ba631347c447/_apis/build/Builds/20"},"web":{"href":"https://dev.azure.com/devops-cli-test-org/cbd677f8-2300-4c22-b049-ba631347c447/_build/results?buildId=20"},"sourceVersionDisplayUri":{"href":"https://dev.azure.com/devops-cli-test-org/cbd677f8-2300-4c22-b049-ba631347c447/_apis/build/builds/20/sources"},"timeline":{"href":"https://dev.azure.com/devops-cli-test-org/cbd677f8-2300-4c22-b049-ba631347c447/_apis/build/builds/20/Timeline"},"badge":{"href":"https://dev.azure.com/devops-cli-test-org/cbd677f8-2300-4c22-b049-ba631347c447/_apis/build/status/26"}},"properties":{},"tags":[],"validationResults":[],"plans":[{"planId":"bf16fbca-56bc-496f-b568-42ca825e10da"}],"triggerInfo":{},"id":20,"buildNumber":"20210906.1","status":"completed","result":"failed","queueTime":"2021-09-06T00:23:12.9000475Z","startTime":"2021-09-06T00:23:16.976817Z","finishTime":"2021-09-06T00:23:16.976817Z","url":"https://dev.azure.com/devops-cli-test-org/cbd677f8-2300-4c22-b049-ba631347c447/_apis/build/Builds/20","definition":{"drafts":[],"id":26,"name":"BuildTests
        Definition1","url":"https://dev.azure.com/devops-cli-test-org/cbd677f8-2300-4c22-b049-ba631347c447/_apis/build/Definitions/26?revision=2","uri":"vstfs:///Build/Definition/26","path":"\\","type":"build","queueStatus":"enabled","revision":2,"project":{"id":"cbd677f8-2300-4c22-b049-ba631347c447","name":"BuildTests","url":"https://dev.azure.com/devops-cli-test-org/_apis/projects/cbd677f8-2300-4c22-b049-ba631347c447","state":"wellFormed","revision":2248,"visibility":"public","lastUpdateTime":"2021-09-03T06:29:58.75Z"}},"buildNumberRevision":1,"project":{"id":"cbd677f8-2300-4c22-b049-ba631347c447","name":"BuildTests","url":"https://dev.azure.com/devops-cli-test-org/_apis/projects/cbd677f8-2300-4c22-b049-ba631347c447","state":"wellFormed","revision":2248,"visibility":"public","lastUpdateTime":"2021-09-03T06:29:58.75Z"},"uri":"vstfs:///Build/Build/20","sourceBranch":"refs/heads/main","sourceVersion":"767c3ab99f6d0a7ad493a14b3b72f13b2d797f20","queue":{"id":1961,"name":"Hosted
        Ubuntu 1604","pool":{"id":8,"name":"Hosted Ubuntu 1604","isHosted":true}},"priority":"normal","reason":"manual","requestedFor":{"displayName":"Devops
        Cli","url":"https://spsprodsin2.vssps.visualstudio.com/Ab5db41ca-f3ef-48ce-a8e3-7d282463dbe2/_apis/Identities/60a59117-a1ed-6677-ab04-b3de5aa38954","_links":{"avatar":{"href":"https://dev.azure.com/devops-cli-test-org/_apis/GraphProfile/MemberAvatars/msa.NjBhNTkxMTctYTFlZC03Njc3LWFiMDQtYjNkZTVhYTM4OTU0"}},"id":"60a59117-a1ed-6677-ab04-b3de5aa38954","uniqueName":"devops-cli@outlook.com","imageUrl":"https://dev.azure.com/devops-cli-test-org/_apis/GraphProfile/MemberAvatars/msa.NjBhNTkxMTctYTFlZC03Njc3LWFiMDQtYjNkZTVhYTM4OTU0","descriptor":"msa.NjBhNTkxMTctYTFlZC03Njc3LWFiMDQtYjNkZTVhYTM4OTU0"},"requestedBy":{"displayName":"Devops
        Cli","url":"https://spsprodsin2.vssps.visualstudio.com/Ab5db41ca-f3ef-48ce-a8e3-7d282463dbe2/_apis/Identities/60a59117-a1ed-6677-ab04-b3de5aa38954","_links":{"avatar":{"href":"https://dev.azure.com/devops-cli-test-org/_apis/GraphProfile/MemberAvatars/msa.NjBhNTkxMTctYTFlZC03Njc3LWFiMDQtYjNkZTVhYTM4OTU0"}},"id":"60a59117-a1ed-6677-ab04-b3de5aa38954","uniqueName":"devops-cli@outlook.com","imageUrl":"https://dev.azure.com/devops-cli-test-org/_apis/GraphProfile/MemberAvatars/msa.NjBhNTkxMTctYTFlZC03Njc3LWFiMDQtYjNkZTVhYTM4OTU0","descriptor":"msa.NjBhNTkxMTctYTFlZC03Njc3LWFiMDQtYjNkZTVhYTM4OTU0"},"lastChangedDate":"2021-09-06T00:23:17.377Z","lastChangedBy":{"displayName":"Microsoft.VisualStudio.Services.TFS","url":"https://spsprodsin2.vssps.visualstudio.com/Ab5db41ca-f3ef-48ce-a8e3-7d282463dbe2/_apis/Identities/00000002-0000-8888-8000-000000000000","_links":{"avatar":{"href":"https://dev.azure.com/devops-cli-test-org/_apis/GraphProfile/MemberAvatars/s2s.MDAwMDAwMDItMDAwMC04ODg4LTgwMDAtMDAwMDAwMDAwMDAwQDJjODk1OTA4LTA0ZTAtNDk1Mi04OWZkLTU0YjAwNDZkNjI4OA"}},"id":"00000002-0000-8888-8000-000000000000","uniqueName":"00000002-0000-8888-8000-000000000000@2c895908-04e0-4952-89fd-54b0046d6288","imageUrl":"https://dev.azure.com/devops-cli-test-org/_apis/GraphProfile/MemberAvatars/s2s.MDAwMDAwMDItMDAwMC04ODg4LTgwMDAtMDAwMDAwMDAwMDAwQDJjODk1OTA4LTA0ZTAtNDk1Mi04OWZkLTU0YjAwNDZkNjI4OA","descriptor":"s2s.MDAwMDAwMDItMDAwMC04ODg4LTgwMDAtMDAwMDAwMDAwMDAwQDJjODk1OTA4LTA0ZTAtNDk1Mi04OWZkLTU0YjAwNDZkNjI4OA"},"orchestrationPlan":{"planId":"bf16fbca-56bc-496f-b568-42ca825e10da"},"logs":{"id":0,"type":"Container","url":"https://dev.azure.com/devops-cli-test-org/cbd677f8-2300-4c22-b049-ba631347c447/_apis/build/builds/20/logs"},"repository":{"id":"1e9923d1-34f2-4dac-acc7-a5835b8bc0e7","type":"TfsGit","name":"BuildTests","url":"https://dev.azure.com/devops-cli-test-org/BuildTests/_git/BuildTests","clean":null,"checkoutSubmodules":false},"keepForever":false,"retainedByRelease":false,"triggeredByBuild":null},{"_links":{"self":{"href":"https://dev.azure.com/devops-cli-test-org/cbd677f8-2300-4c22-b049-ba631347c447/_apis/build/Builds/18"},"web":{"href":"https://dev.azure.com/devops-cli-test-org/cbd677f8-2300-4c22-b049-ba631347c447/_build/results?buildId=18"},"sourceVersionDisplayUri":{"href":"https://dev.azure.com/devops-cli-test-org/cbd677f8-2300-4c22-b049-ba631347c447/_apis/build/builds/18/sources"},"timeline":{"href":"https://dev.azure.com/devops-cli-test-org/cbd677f8-2300-4c22-b049-ba631347c447/_apis/build/builds/18/Timeline"},"badge":{"href":"https://dev.azure.com/devops-cli-test-org/cbd677f8-2300-4c22-b049-ba631347c447/_apis/build/status/26"}},"properties":{},"tags":[],"validationResults":[],"plans":[{"planId":"5d29df0f-4233-4bca-9db3-809f46909c98"}],"triggerInfo":{},"id":18,"buildNumber":"20210905.2","status":"completed","result":"failed","queueTime":"2021-09-05T00:23:20.0739058Z","startTime":"2021-09-05T00:23:24.3075375Z","finishTime":"2021-09-05T00:23:24.3075375Z","url":"https://dev.azure.com/devops-cli-test-org/cbd677f8-2300-4c22-b049-ba631347c447/_apis/build/Builds/18","definition":{"drafts":[],"id":26,"name":"BuildTests
        Definition1","url":"https://dev.azure.com/devops-cli-test-org/cbd677f8-2300-4c22-b049-ba631347c447/_apis/build/Definitions/26?revision=2","uri":"vstfs:///Build/Definition/26","path":"\\","type":"build","queueStatus":"enabled","revision":2,"project":{"id":"cbd677f8-2300-4c22-b049-ba631347c447","name":"BuildTests","url":"https://dev.azure.com/devops-cli-test-org/_apis/projects/cbd677f8-2300-4c22-b049-ba631347c447","state":"wellFormed","revision":2248,"visibility":"public","lastUpdateTime":"2021-09-03T06:29:58.75Z"}},"buildNumberRevision":2,"project":{"id":"cbd677f8-2300-4c22-b049-ba631347c447","name":"BuildTests","url":"https://dev.azure.com/devops-cli-test-org/_apis/projects/cbd677f8-2300-4c22-b049-ba631347c447","state":"wellFormed","revision":2248,"visibility":"public","lastUpdateTime":"2021-09-03T06:29:58.75Z"},"uri":"vstfs:///Build/Build/18","sourceBranch":"refs/heads/main","sourceVersion":"767c3ab99f6d0a7ad493a14b3b72f13b2d797f20","queue":{"id":1961,"name":"Hosted
        Ubuntu 1604","pool":{"id":8,"name":"Hosted Ubuntu 1604","isHosted":true}},"priority":"normal","reason":"manual","requestedFor":{"displayName":"Devops
        Cli","url":"https://spsprodsin2.vssps.visualstudio.com/Ab5db41ca-f3ef-48ce-a8e3-7d282463dbe2/_apis/Identities/60a59117-a1ed-6677-ab04-b3de5aa38954","_links":{"avatar":{"href":"https://dev.azure.com/devops-cli-test-org/_apis/GraphProfile/MemberAvatars/msa.NjBhNTkxMTctYTFlZC03Njc3LWFiMDQtYjNkZTVhYTM4OTU0"}},"id":"60a59117-a1ed-6677-ab04-b3de5aa38954","uniqueName":"devops-cli@outlook.com","imageUrl":"https://dev.azure.com/devops-cli-test-org/_apis/GraphProfile/MemberAvatars/msa.NjBhNTkxMTctYTFlZC03Njc3LWFiMDQtYjNkZTVhYTM4OTU0","descriptor":"msa.NjBhNTkxMTctYTFlZC03Njc3LWFiMDQtYjNkZTVhYTM4OTU0"},"requestedBy":{"displayName":"Devops
        Cli","url":"https://spsprodsin2.vssps.visualstudio.com/Ab5db41ca-f3ef-48ce-a8e3-7d282463dbe2/_apis/Identities/60a59117-a1ed-6677-ab04-b3de5aa38954","_links":{"avatar":{"href":"https://dev.azure.com/devops-cli-test-org/_apis/GraphProfile/MemberAvatars/msa.NjBhNTkxMTctYTFlZC03Njc3LWFiMDQtYjNkZTVhYTM4OTU0"}},"id":"60a59117-a1ed-6677-ab04-b3de5aa38954","uniqueName":"devops-cli@outlook.com","imageUrl":"https://dev.azure.com/devops-cli-test-org/_apis/GraphProfile/MemberAvatars/msa.NjBhNTkxMTctYTFlZC03Njc3LWFiMDQtYjNkZTVhYTM4OTU0","descriptor":"msa.NjBhNTkxMTctYTFlZC03Njc3LWFiMDQtYjNkZTVhYTM4OTU0"},"lastChangedDate":"2021-09-05T00:23:24.627Z","lastChangedBy":{"displayName":"Microsoft.VisualStudio.Services.TFS","url":"https://spsprodsin2.vssps.visualstudio.com/Ab5db41ca-f3ef-48ce-a8e3-7d282463dbe2/_apis/Identities/00000002-0000-8888-8000-000000000000","_links":{"avatar":{"href":"https://dev.azure.com/devops-cli-test-org/_apis/GraphProfile/MemberAvatars/s2s.MDAwMDAwMDItMDAwMC04ODg4LTgwMDAtMDAwMDAwMDAwMDAwQDJjODk1OTA4LTA0ZTAtNDk1Mi04OWZkLTU0YjAwNDZkNjI4OA"}},"id":"00000002-0000-8888-8000-000000000000","uniqueName":"00000002-0000-8888-8000-000000000000@2c895908-04e0-4952-89fd-54b0046d6288","imageUrl":"https://dev.azure.com/devops-cli-test-org/_apis/GraphProfile/MemberAvatars/s2s.MDAwMDAwMDItMDAwMC04ODg4LTgwMDAtMDAwMDAwMDAwMDAwQDJjODk1OTA4LTA0ZTAtNDk1Mi04OWZkLTU0YjAwNDZkNjI4OA","descriptor":"s2s.MDAwMDAwMDItMDAwMC04ODg4LTgwMDAtMDAwMDAwMDAwMDAwQDJjODk1OTA4LTA0ZTAtNDk1Mi04OWZkLTU0YjAwNDZkNjI4OA"},"orchestrationPlan":{"planId":"5d29df0f-4233-4bca-9db3-809f46909c98"},"logs":{"id":0,"type":"Container","url":"https://dev.azure.com/devops-cli-test-org/cbd677f8-2300-4c22-b049-ba631347c447/_apis/build/builds/18/logs"},"repository":{"id":"1e9923d1-34f2-4dac-acc7-a5835b8bc0e7","type":"TfsGit","name":"BuildTests","url":"https://dev.azure.com/devops-cli-test-org/BuildTests/_git/BuildTests","clean":null,"checkoutSubmodules":false},"keepForever":false,"retainedByRelease":false,"triggeredByBuild":null},{"_links":{"self":{"href":"https://dev.azure.com/devops-cli-test-org/cbd677f8-2300-4c22-b049-ba631347c447/_apis/build/Builds/17"},"web":{"href":"https://dev.azure.com/devops-cli-test-org/cbd677f8-2300-4c22-b049-ba631347c447/_build/results?buildId=17"},"sourceVersionDisplayUri":{"href":"https://dev.azure.com/devops-cli-test-org/cbd677f8-2300-4c22-b049-ba631347c447/_apis/build/builds/17/sources"},"timeline":{"href":"https://dev.azure.com/devops-cli-test-org/cbd677f8-2300-4c22-b049-ba631347c447/_apis/build/builds/17/Timeline"},"badge":{"href":"https://dev.azure.com/devops-cli-test-org/cbd677f8-2300-4c22-b049-ba631347c447/_apis/build/status/26"}},"properties":{},"tags":[],"validationResults":[],"plans":[{"planId":"503303b1-f42c-415b-ae4c-a5e5583cb31b"}],"triggerInfo":{},"id":17,"buildNumber":"20210905.1","status":"completed","result":"failed","queueTime":"2021-09-05T00:23:15.799507Z","startTime":"2021-09-05T00:23:20.2581223Z","finishTime":"2021-09-05T00:23:20.2581223Z","url":"https://dev.azure.com/devops-cli-test-org/cbd677f8-2300-4c22-b049-ba631347c447/_apis/build/Builds/17","definition":{"drafts":[],"id":26,"name":"BuildTests
        Definition1","url":"https://dev.azure.com/devops-cli-test-org/cbd677f8-2300-4c22-b049-ba631347c447/_apis/build/Definitions/26?revision=2","uri":"vstfs:///Build/Definition/26","path":"\\","type":"build","queueStatus":"enabled","revision":2,"project":{"id":"cbd677f8-2300-4c22-b049-ba631347c447","name":"BuildTests","url":"https://dev.azure.com/devops-cli-test-org/_apis/projects/cbd677f8-2300-4c22-b049-ba631347c447","state":"wellFormed","revision":2248,"visibility":"public","lastUpdateTime":"2021-09-03T06:29:58.75Z"}},"buildNumberRevision":1,"project":{"id":"cbd677f8-2300-4c22-b049-ba631347c447","name":"BuildTests","url":"https://dev.azure.com/devops-cli-test-org/_apis/projects/cbd677f8-2300-4c22-b049-ba631347c447","state":"wellFormed","revision":2248,"visibility":"public","lastUpdateTime":"2021-09-03T06:29:58.75Z"},"uri":"vstfs:///Build/Build/17","sourceBranch":"refs/heads/main","sourceVersion":"767c3ab99f6d0a7ad493a14b3b72f13b2d797f20","queue":{"id":1961,"name":"Hosted
        Ubuntu 1604","pool":{"id":8,"name":"Hosted Ubuntu 1604","isHosted":true}},"priority":"normal","reason":"manual","requestedFor":{"displayName":"Devops
        Cli","url":"https://spsprodsin2.vssps.visualstudio.com/Ab5db41ca-f3ef-48ce-a8e3-7d282463dbe2/_apis/Identities/60a59117-a1ed-6677-ab04-b3de5aa38954","_links":{"avatar":{"href":"https://dev.azure.com/devops-cli-test-org/_apis/GraphProfile/MemberAvatars/msa.NjBhNTkxMTctYTFlZC03Njc3LWFiMDQtYjNkZTVhYTM4OTU0"}},"id":"60a59117-a1ed-6677-ab04-b3de5aa38954","uniqueName":"devops-cli@outlook.com","imageUrl":"https://dev.azure.com/devops-cli-test-org/_apis/GraphProfile/MemberAvatars/msa.NjBhNTkxMTctYTFlZC03Njc3LWFiMDQtYjNkZTVhYTM4OTU0","descriptor":"msa.NjBhNTkxMTctYTFlZC03Njc3LWFiMDQtYjNkZTVhYTM4OTU0"},"requestedBy":{"displayName":"Devops
        Cli","url":"https://spsprodsin2.vssps.visualstudio.com/Ab5db41ca-f3ef-48ce-a8e3-7d282463dbe2/_apis/Identities/60a59117-a1ed-6677-ab04-b3de5aa38954","_links":{"avatar":{"href":"https://dev.azure.com/devops-cli-test-org/_apis/GraphProfile/MemberAvatars/msa.NjBhNTkxMTctYTFlZC03Njc3LWFiMDQtYjNkZTVhYTM4OTU0"}},"id":"60a59117-a1ed-6677-ab04-b3de5aa38954","uniqueName":"devops-cli@outlook.com","imageUrl":"https://dev.azure.com/devops-cli-test-org/_apis/GraphProfile/MemberAvatars/msa.NjBhNTkxMTctYTFlZC03Njc3LWFiMDQtYjNkZTVhYTM4OTU0","descriptor":"msa.NjBhNTkxMTctYTFlZC03Njc3LWFiMDQtYjNkZTVhYTM4OTU0"},"lastChangedDate":"2021-09-05T00:23:20.46Z","lastChangedBy":{"displayName":"Microsoft.VisualStudio.Services.TFS","url":"https://spsprodsin2.vssps.visualstudio.com/Ab5db41ca-f3ef-48ce-a8e3-7d282463dbe2/_apis/Identities/00000002-0000-8888-8000-000000000000","_links":{"avatar":{"href":"https://dev.azure.com/devops-cli-test-org/_apis/GraphProfile/MemberAvatars/s2s.MDAwMDAwMDItMDAwMC04ODg4LTgwMDAtMDAwMDAwMDAwMDAwQDJjODk1OTA4LTA0ZTAtNDk1Mi04OWZkLTU0YjAwNDZkNjI4OA"}},"id":"00000002-0000-8888-8000-000000000000","uniqueName":"00000002-0000-8888-8000-000000000000@2c895908-04e0-4952-89fd-54b0046d6288","imageUrl":"https://dev.azure.com/devops-cli-test-org/_apis/GraphProfile/MemberAvatars/s2s.MDAwMDAwMDItMDAwMC04ODg4LTgwMDAtMDAwMDAwMDAwMDAwQDJjODk1OTA4LTA0ZTAtNDk1Mi04OWZkLTU0YjAwNDZkNjI4OA","descriptor":"s2s.MDAwMDAwMDItMDAwMC04ODg4LTgwMDAtMDAwMDAwMDAwMDAwQDJjODk1OTA4LTA0ZTAtNDk1Mi04OWZkLTU0YjAwNDZkNjI4OA"},"orchestrationPlan":{"planId":"503303b1-f42c-415b-ae4c-a5e5583cb31b"},"logs":{"id":0,"type":"Container","url":"https://dev.azure.com/devops-cli-test-org/cbd677f8-2300-4c22-b049-ba631347c447/_apis/build/builds/17/logs"},"repository":{"id":"1e9923d1-34f2-4dac-acc7-a5835b8bc0e7","type":"TfsGit","name":"BuildTests","url":"https://dev.azure.com/devops-cli-test-org/BuildTests/_git/BuildTests","clean":null,"checkoutSubmodules":false},"keepForever":false,"retainedByRelease":false,"triggeredByBuild":null},{"_links":{"self":{"href":"https://dev.azure.com/devops-cli-test-org/cbd677f8-2300-4c22-b049-ba631347c447/_apis/build/Builds/15"},"web":{"href":"https://dev.azure.com/devops-cli-test-org/cbd677f8-2300-4c22-b049-ba631347c447/_build/results?buildId=15"},"sourceVersionDisplayUri":{"href":"https://dev.azure.com/devops-cli-test-org/cbd677f8-2300-4c22-b049-ba631347c447/_apis/build/builds/15/sources"},"timeline":{"href":"https://dev.azure.com/devops-cli-test-org/cbd677f8-2300-4c22-b049-ba631347c447/_apis/build/builds/15/Timeline"},"badge":{"href":"https://dev.azure.com/devops-cli-test-org/cbd677f8-2300-4c22-b049-ba631347c447/_apis/build/status/26"}},"properties":{},"tags":[],"validationResults":[],"plans":[{"planId":"d9be854a-2bc0-4f34-999c-5d4cdba7d32a"}],"triggerInfo":{},"id":15,"buildNumber":"20210904.2","status":"completed","result":"failed","queueTime":"2021-09-04T00:14:49.7200203Z","startTime":"2021-09-04T00:14:53.3373717Z","finishTime":"2021-09-04T00:14:53.3373717Z","url":"https://dev.azure.com/devops-cli-test-org/cbd677f8-2300-4c22-b049-ba631347c447/_apis/build/Builds/15","definition":{"drafts":[],"id":26,"name":"BuildTests
        Definition1","url":"https://dev.azure.com/devops-cli-test-org/cbd677f8-2300-4c22-b049-ba631347c447/_apis/build/Definitions/26?revision=2","uri":"vstfs:///Build/Definition/26","path":"\\","type":"build","queueStatus":"enabled","revision":2,"project":{"id":"cbd677f8-2300-4c22-b049-ba631347c447","name":"BuildTests","url":"https://dev.azure.com/devops-cli-test-org/_apis/projects/cbd677f8-2300-4c22-b049-ba631347c447","state":"wellFormed","revision":2248,"visibility":"public","lastUpdateTime":"2021-09-03T06:29:58.75Z"}},"buildNumberRevision":2,"project":{"id":"cbd677f8-2300-4c22-b049-ba631347c447","name":"BuildTests","url":"https://dev.azure.com/devops-cli-test-org/_apis/projects/cbd677f8-2300-4c22-b049-ba631347c447","state":"wellFormed","revision":2248,"visibility":"public","lastUpdateTime":"2021-09-03T06:29:58.75Z"},"uri":"vstfs:///Build/Build/15","sourceBranch":"refs/heads/main","sourceVersion":"767c3ab99f6d0a7ad493a14b3b72f13b2d797f20","queue":{"id":1961,"name":"Hosted
        Ubuntu 1604","pool":{"id":8,"name":"Hosted Ubuntu 1604","isHosted":true}},"priority":"normal","reason":"manual","requestedFor":{"displayName":"Devops
        Cli","url":"https://spsprodsin2.vssps.visualstudio.com/Ab5db41ca-f3ef-48ce-a8e3-7d282463dbe2/_apis/Identities/60a59117-a1ed-6677-ab04-b3de5aa38954","_links":{"avatar":{"href":"https://dev.azure.com/devops-cli-test-org/_apis/GraphProfile/MemberAvatars/msa.NjBhNTkxMTctYTFlZC03Njc3LWFiMDQtYjNkZTVhYTM4OTU0"}},"id":"60a59117-a1ed-6677-ab04-b3de5aa38954","uniqueName":"devops-cli@outlook.com","imageUrl":"https://dev.azure.com/devops-cli-test-org/_apis/GraphProfile/MemberAvatars/msa.NjBhNTkxMTctYTFlZC03Njc3LWFiMDQtYjNkZTVhYTM4OTU0","descriptor":"msa.NjBhNTkxMTctYTFlZC03Njc3LWFiMDQtYjNkZTVhYTM4OTU0"},"requestedBy":{"displayName":"Devops
        Cli","url":"https://spsprodsin2.vssps.visualstudio.com/Ab5db41ca-f3ef-48ce-a8e3-7d282463dbe2/_apis/Identities/60a59117-a1ed-6677-ab04-b3de5aa38954","_links":{"avatar":{"href":"https://dev.azure.com/devops-cli-test-org/_apis/GraphProfile/MemberAvatars/msa.NjBhNTkxMTctYTFlZC03Njc3LWFiMDQtYjNkZTVhYTM4OTU0"}},"id":"60a59117-a1ed-6677-ab04-b3de5aa38954","uniqueName":"devops-cli@outlook.com","imageUrl":"https://dev.azure.com/devops-cli-test-org/_apis/GraphProfile/MemberAvatars/msa.NjBhNTkxMTctYTFlZC03Njc3LWFiMDQtYjNkZTVhYTM4OTU0","descriptor":"msa.NjBhNTkxMTctYTFlZC03Njc3LWFiMDQtYjNkZTVhYTM4OTU0"},"lastChangedDate":"2021-09-04T00:14:53.543Z","lastChangedBy":{"displayName":"Microsoft.VisualStudio.Services.TFS","url":"https://spsprodsin2.vssps.visualstudio.com/Ab5db41ca-f3ef-48ce-a8e3-7d282463dbe2/_apis/Identities/00000002-0000-8888-8000-000000000000","_links":{"avatar":{"href":"https://dev.azure.com/devops-cli-test-org/_apis/GraphProfile/MemberAvatars/s2s.MDAwMDAwMDItMDAwMC04ODg4LTgwMDAtMDAwMDAwMDAwMDAwQDJjODk1OTA4LTA0ZTAtNDk1Mi04OWZkLTU0YjAwNDZkNjI4OA"}},"id":"00000002-0000-8888-8000-000000000000","uniqueName":"00000002-0000-8888-8000-000000000000@2c895908-04e0-4952-89fd-54b0046d6288","imageUrl":"https://dev.azure.com/devops-cli-test-org/_apis/GraphProfile/MemberAvatars/s2s.MDAwMDAwMDItMDAwMC04ODg4LTgwMDAtMDAwMDAwMDAwMDAwQDJjODk1OTA4LTA0ZTAtNDk1Mi04OWZkLTU0YjAwNDZkNjI4OA","descriptor":"s2s.MDAwMDAwMDItMDAwMC04ODg4LTgwMDAtMDAwMDAwMDAwMDAwQDJjODk1OTA4LTA0ZTAtNDk1Mi04OWZkLTU0YjAwNDZkNjI4OA"},"orchestrationPlan":{"planId":"d9be854a-2bc0-4f34-999c-5d4cdba7d32a"},"logs":{"id":0,"type":"Container","url":"https://dev.azure.com/devops-cli-test-org/cbd677f8-2300-4c22-b049-ba631347c447/_apis/build/builds/15/logs"},"repository":{"id":"1e9923d1-34f2-4dac-acc7-a5835b8bc0e7","type":"TfsGit","name":"BuildTests","url":"https://dev.azure.com/devops-cli-test-org/BuildTests/_git/BuildTests","clean":null,"checkoutSubmodules":false},"keepForever":false,"retainedByRelease":false,"triggeredByBuild":null},{"_links":{"self":{"href":"https://dev.azure.com/devops-cli-test-org/cbd677f8-2300-4c22-b049-ba631347c447/_apis/build/Builds/14"},"web":{"href":"https://dev.azure.com/devops-cli-test-org/cbd677f8-2300-4c22-b049-ba631347c447/_build/results?buildId=14"},"sourceVersionDisplayUri":{"href":"https://dev.azure.com/devops-cli-test-org/cbd677f8-2300-4c22-b049-ba631347c447/_apis/build/builds/14/sources"},"timeline":{"href":"https://dev.azure.com/devops-cli-test-org/cbd677f8-2300-4c22-b049-ba631347c447/_apis/build/builds/14/Timeline"},"badge":{"href":"https://dev.azure.com/devops-cli-test-org/cbd677f8-2300-4c22-b049-ba631347c447/_apis/build/status/26"}},"properties":{},"tags":[],"validationResults":[],"plans":[{"planId":"e77315ff-eb5b-482e-9f30-59d833eb49d9"}],"triggerInfo":{},"id":14,"buildNumber":"20210904.1","status":"completed","result":"failed","queueTime":"2021-09-04T00:14:43.7621436Z","startTime":"2021-09-04T00:14:49.6210848Z","finishTime":"2021-09-04T00:14:49.6210848Z","url":"https://dev.azure.com/devops-cli-test-org/cbd677f8-2300-4c22-b049-ba631347c447/_apis/build/Builds/14","definition":{"drafts":[],"id":26,"name":"BuildTests
        Definition1","url":"https://dev.azure.com/devops-cli-test-org/cbd677f8-2300-4c22-b049-ba631347c447/_apis/build/Definitions/26?revision=2","uri":"vstfs:///Build/Definition/26","path":"\\","type":"build","queueStatus":"enabled","revision":2,"project":{"id":"cbd677f8-2300-4c22-b049-ba631347c447","name":"BuildTests","url":"https://dev.azure.com/devops-cli-test-org/_apis/projects/cbd677f8-2300-4c22-b049-ba631347c447","state":"wellFormed","revision":2248,"visibility":"public","lastUpdateTime":"2021-09-03T06:29:58.75Z"}},"buildNumberRevision":1,"project":{"id":"cbd677f8-2300-4c22-b049-ba631347c447","name":"BuildTests","url":"https://dev.azure.com/devops-cli-test-org/_apis/projects/cbd677f8-2300-4c22-b049-ba631347c447","state":"wellFormed","revision":2248,"visibility":"public","lastUpdateTime":"2021-09-03T06:29:58.75Z"},"uri":"vstfs:///Build/Build/14","sourceBranch":"refs/heads/main","sourceVersion":"767c3ab99f6d0a7ad493a14b3b72f13b2d797f20","queue":{"id":1961,"name":"Hosted
        Ubuntu 1604","pool":{"id":8,"name":"Hosted Ubuntu 1604","isHosted":true}},"priority":"normal","reason":"manual","requestedFor":{"displayName":"Devops
        Cli","url":"https://spsprodsin2.vssps.visualstudio.com/Ab5db41ca-f3ef-48ce-a8e3-7d282463dbe2/_apis/Identities/60a59117-a1ed-6677-ab04-b3de5aa38954","_links":{"avatar":{"href":"https://dev.azure.com/devops-cli-test-org/_apis/GraphProfile/MemberAvatars/msa.NjBhNTkxMTctYTFlZC03Njc3LWFiMDQtYjNkZTVhYTM4OTU0"}},"id":"60a59117-a1ed-6677-ab04-b3de5aa38954","uniqueName":"devops-cli@outlook.com","imageUrl":"https://dev.azure.com/devops-cli-test-org/_apis/GraphProfile/MemberAvatars/msa.NjBhNTkxMTctYTFlZC03Njc3LWFiMDQtYjNkZTVhYTM4OTU0","descriptor":"msa.NjBhNTkxMTctYTFlZC03Njc3LWFiMDQtYjNkZTVhYTM4OTU0"},"requestedBy":{"displayName":"Devops
        Cli","url":"https://spsprodsin2.vssps.visualstudio.com/Ab5db41ca-f3ef-48ce-a8e3-7d282463dbe2/_apis/Identities/60a59117-a1ed-6677-ab04-b3de5aa38954","_links":{"avatar":{"href":"https://dev.azure.com/devops-cli-test-org/_apis/GraphProfile/MemberAvatars/msa.NjBhNTkxMTctYTFlZC03Njc3LWFiMDQtYjNkZTVhYTM4OTU0"}},"id":"60a59117-a1ed-6677-ab04-b3de5aa38954","uniqueName":"devops-cli@outlook.com","imageUrl":"https://dev.azure.com/devops-cli-test-org/_apis/GraphProfile/MemberAvatars/msa.NjBhNTkxMTctYTFlZC03Njc3LWFiMDQtYjNkZTVhYTM4OTU0","descriptor":"msa.NjBhNTkxMTctYTFlZC03Njc3LWFiMDQtYjNkZTVhYTM4OTU0"},"lastChangedDate":"2021-09-04T00:14:50.097Z","lastChangedBy":{"displayName":"Microsoft.VisualStudio.Services.TFS","url":"https://spsprodsin2.vssps.visualstudio.com/Ab5db41ca-f3ef-48ce-a8e3-7d282463dbe2/_apis/Identities/00000002-0000-8888-8000-000000000000","_links":{"avatar":{"href":"https://dev.azure.com/devops-cli-test-org/_apis/GraphProfile/MemberAvatars/s2s.MDAwMDAwMDItMDAwMC04ODg4LTgwMDAtMDAwMDAwMDAwMDAwQDJjODk1OTA4LTA0ZTAtNDk1Mi04OWZkLTU0YjAwNDZkNjI4OA"}},"id":"00000002-0000-8888-8000-000000000000","uniqueName":"00000002-0000-8888-8000-000000000000@2c895908-04e0-4952-89fd-54b0046d6288","imageUrl":"https://dev.azure.com/devops-cli-test-org/_apis/GraphProfile/MemberAvatars/s2s.MDAwMDAwMDItMDAwMC04ODg4LTgwMDAtMDAwMDAwMDAwMDAwQDJjODk1OTA4LTA0ZTAtNDk1Mi04OWZkLTU0YjAwNDZkNjI4OA","descriptor":"s2s.MDAwMDAwMDItMDAwMC04ODg4LTgwMDAtMDAwMDAwMDAwMDAwQDJjODk1OTA4LTA0ZTAtNDk1Mi04OWZkLTU0YjAwNDZkNjI4OA"},"orchestrationPlan":{"planId":"e77315ff-eb5b-482e-9f30-59d833eb49d9"},"logs":{"id":0,"type":"Container","url":"https://dev.azure.com/devops-cli-test-org/cbd677f8-2300-4c22-b049-ba631347c447/_apis/build/builds/14/logs"},"repository":{"id":"1e9923d1-34f2-4dac-acc7-a5835b8bc0e7","type":"TfsGit","name":"BuildTests","url":"https://dev.azure.com/devops-cli-test-org/BuildTests/_git/BuildTests","clean":null,"checkoutSubmodules":false},"keepForever":false,"retainedByRelease":false,"triggeredByBuild":null},{"_links":{"self":{"href":"https://dev.azure.com/devops-cli-test-org/cbd677f8-2300-4c22-b049-ba631347c447/_apis/build/Builds/13"},"web":{"href":"https://dev.azure.com/devops-cli-test-org/cbd677f8-2300-4c22-b049-ba631347c447/_build/results?buildId=13"},"sourceVersionDisplayUri":{"href":"https://dev.azure.com/devops-cli-test-org/cbd677f8-2300-4c22-b049-ba631347c447/_apis/build/builds/13/sources"},"timeline":{"href":"https://dev.azure.com/devops-cli-test-org/cbd677f8-2300-4c22-b049-ba631347c447/_apis/build/builds/13/Timeline"},"badge":{"href":"https://dev.azure.com/devops-cli-test-org/cbd677f8-2300-4c22-b049-ba631347c447/_apis/build/status/26"}},"properties":{},"tags":[],"validationResults":[],"plans":[{"planId":"455f0ac0-7fa6-47cc-946f-88c8fb27a0b6"}],"triggerInfo":{},"id":13,"buildNumber":"20210903.2","status":"completed","result":"failed","queueTime":"2021-09-03T06:54:46.7526834Z","startTime":"2021-09-03T06:54:51.9601925Z","finishTime":"2021-09-03T06:54:51.9601925Z","url":"https://dev.azure.com/devops-cli-test-org/cbd677f8-2300-4c22-b049-ba631347c447/_apis/build/Builds/13","definition":{"drafts":[],"id":26,"name":"BuildTests
        Definition1","url":"https://dev.azure.com/devops-cli-test-org/cbd677f8-2300-4c22-b049-ba631347c447/_apis/build/Definitions/26?revision=2","uri":"vstfs:///Build/Definition/26","path":"\\","type":"build","queueStatus":"enabled","revision":2,"project":{"id":"cbd677f8-2300-4c22-b049-ba631347c447","name":"BuildTests","url":"https://dev.azure.com/devops-cli-test-org/_apis/projects/cbd677f8-2300-4c22-b049-ba631347c447","state":"wellFormed","revision":2248,"visibility":"public","lastUpdateTime":"2021-09-03T06:29:58.75Z"}},"buildNumberRevision":2,"project":{"id":"cbd677f8-2300-4c22-b049-ba631347c447","name":"BuildTests","url":"https://dev.azure.com/devops-cli-test-org/_apis/projects/cbd677f8-2300-4c22-b049-ba631347c447","state":"wellFormed","revision":2248,"visibility":"public","lastUpdateTime":"2021-09-03T06:29:58.75Z"},"uri":"vstfs:///Build/Build/13","sourceBranch":"refs/heads/main","sourceVersion":"767c3ab99f6d0a7ad493a14b3b72f13b2d797f20","queue":{"id":1961,"name":"Hosted
        Ubuntu 1604","pool":{"id":8,"name":"Hosted Ubuntu 1604","isHosted":true}},"priority":"normal","reason":"manual","requestedFor":{"displayName":"Devops
        Cli","url":"https://spsprodsin2.vssps.visualstudio.com/Ab5db41ca-f3ef-48ce-a8e3-7d282463dbe2/_apis/Identities/60a59117-a1ed-6677-ab04-b3de5aa38954","_links":{"avatar":{"href":"https://dev.azure.com/devops-cli-test-org/_apis/GraphProfile/MemberAvatars/msa.NjBhNTkxMTctYTFlZC03Njc3LWFiMDQtYjNkZTVhYTM4OTU0"}},"id":"60a59117-a1ed-6677-ab04-b3de5aa38954","uniqueName":"devops-cli@outlook.com","imageUrl":"https://dev.azure.com/devops-cli-test-org/_apis/GraphProfile/MemberAvatars/msa.NjBhNTkxMTctYTFlZC03Njc3LWFiMDQtYjNkZTVhYTM4OTU0","descriptor":"msa.NjBhNTkxMTctYTFlZC03Njc3LWFiMDQtYjNkZTVhYTM4OTU0"},"requestedBy":{"displayName":"Devops
        Cli","url":"https://spsprodsin2.vssps.visualstudio.com/Ab5db41ca-f3ef-48ce-a8e3-7d282463dbe2/_apis/Identities/60a59117-a1ed-6677-ab04-b3de5aa38954","_links":{"avatar":{"href":"https://dev.azure.com/devops-cli-test-org/_apis/GraphProfile/MemberAvatars/msa.NjBhNTkxMTctYTFlZC03Njc3LWFiMDQtYjNkZTVhYTM4OTU0"}},"id":"60a59117-a1ed-6677-ab04-b3de5aa38954","uniqueName":"devops-cli@outlook.com","imageUrl":"https://dev.azure.com/devops-cli-test-org/_apis/GraphProfile/MemberAvatars/msa.NjBhNTkxMTctYTFlZC03Njc3LWFiMDQtYjNkZTVhYTM4OTU0","descriptor":"msa.NjBhNTkxMTctYTFlZC03Njc3LWFiMDQtYjNkZTVhYTM4OTU0"},"lastChangedDate":"2021-09-03T06:54:52.43Z","lastChangedBy":{"displayName":"Microsoft.VisualStudio.Services.TFS","url":"https://spsprodsin2.vssps.visualstudio.com/Ab5db41ca-f3ef-48ce-a8e3-7d282463dbe2/_apis/Identities/00000002-0000-8888-8000-000000000000","_links":{"avatar":{"href":"https://dev.azure.com/devops-cli-test-org/_apis/GraphProfile/MemberAvatars/s2s.MDAwMDAwMDItMDAwMC04ODg4LTgwMDAtMDAwMDAwMDAwMDAwQDJjODk1OTA4LTA0ZTAtNDk1Mi04OWZkLTU0YjAwNDZkNjI4OA"}},"id":"00000002-0000-8888-8000-000000000000","uniqueName":"00000002-0000-8888-8000-000000000000@2c895908-04e0-4952-89fd-54b0046d6288","imageUrl":"https://dev.azure.com/devops-cli-test-org/_apis/GraphProfile/MemberAvatars/s2s.MDAwMDAwMDItMDAwMC04ODg4LTgwMDAtMDAwMDAwMDAwMDAwQDJjODk1OTA4LTA0ZTAtNDk1Mi04OWZkLTU0YjAwNDZkNjI4OA","descriptor":"s2s.MDAwMDAwMDItMDAwMC04ODg4LTgwMDAtMDAwMDAwMDAwMDAwQDJjODk1OTA4LTA0ZTAtNDk1Mi04OWZkLTU0YjAwNDZkNjI4OA"},"orchestrationPlan":{"planId":"455f0ac0-7fa6-47cc-946f-88c8fb27a0b6"},"logs":{"id":0,"type":"Container","url":"https://dev.azure.com/devops-cli-test-org/cbd677f8-2300-4c22-b049-ba631347c447/_apis/build/builds/13/logs"},"repository":{"id":"1e9923d1-34f2-4dac-acc7-a5835b8bc0e7","type":"TfsGit","name":"BuildTests","url":"https://dev.azure.com/devops-cli-test-org/BuildTests/_git/BuildTests","clean":null,"checkoutSubmodules":false},"keepForever":false,"retainedByRelease":false,"triggeredByBuild":null},{"_links":{"self":{"href":"https://dev.azure.com/devops-cli-test-org/cbd677f8-2300-4c22-b049-ba631347c447/_apis/build/Builds/12"},"web":{"href":"https://dev.azure.com/devops-cli-test-org/cbd677f8-2300-4c22-b049-ba631347c447/_build/results?buildId=12"},"sourceVersionDisplayUri":{"href":"https://dev.azure.com/devops-cli-test-org/cbd677f8-2300-4c22-b049-ba631347c447/_apis/build/builds/12/sources"},"timeline":{"href":"https://dev.azure.com/devops-cli-test-org/cbd677f8-2300-4c22-b049-ba631347c447/_apis/build/builds/12/Timeline"},"badge":{"href":"https://dev.azure.com/devops-cli-test-org/cbd677f8-2300-4c22-b049-ba631347c447/_apis/build/status/26"}},"properties":{},"tags":[],"validationResults":[],"plans":[{"planId":"27519728-d51e-4bdd-a45a-3de079bdbe0e"}],"triggerInfo":{"ci.sourceBranch":"main","ci.sourceSha":"767c3ab99f6d0a7ad493a14b3b72f13b2d797f20","ci.message":"Set
        up CI with Azure Pipelines"},"id":12,"buildNumber":"20210903.1","status":"completed","result":"failed","queueTime":"2021-09-03T06:34:14.6014962Z","startTime":"2021-09-03T06:34:19.9114625Z","finishTime":"2021-09-03T06:34:19.9114625Z","url":"https://dev.azure.com/devops-cli-test-org/cbd677f8-2300-4c22-b049-ba631347c447/_apis/build/Builds/12","definition":{"drafts":[],"id":26,"name":"BuildTests
        Definition1","url":"https://dev.azure.com/devops-cli-test-org/cbd677f8-2300-4c22-b049-ba631347c447/_apis/build/Definitions/26?revision=1","uri":"vstfs:///Build/Definition/26","path":"\\","type":"build","queueStatus":"enabled","revision":1,"project":{"id":"cbd677f8-2300-4c22-b049-ba631347c447","name":"BuildTests","url":"https://dev.azure.com/devops-cli-test-org/_apis/projects/cbd677f8-2300-4c22-b049-ba631347c447","state":"wellFormed","revision":2248,"visibility":"public","lastUpdateTime":"2021-09-03T06:29:58.75Z"}},"buildNumberRevision":1,"project":{"id":"cbd677f8-2300-4c22-b049-ba631347c447","name":"BuildTests","url":"https://dev.azure.com/devops-cli-test-org/_apis/projects/cbd677f8-2300-4c22-b049-ba631347c447","state":"wellFormed","revision":2248,"visibility":"public","lastUpdateTime":"2021-09-03T06:29:58.75Z"},"uri":"vstfs:///Build/Build/12","sourceBranch":"refs/heads/main","sourceVersion":"767c3ab99f6d0a7ad493a14b3b72f13b2d797f20","queue":{"id":1961,"name":"Hosted
        Ubuntu 1604","pool":{"id":8,"name":"Hosted Ubuntu 1604","isHosted":true}},"priority":"normal","reason":"individualCI","requestedFor":{"displayName":"Devops
        Cli","url":"https://spsprodsin2.vssps.visualstudio.com/Ab5db41ca-f3ef-48ce-a8e3-7d282463dbe2/_apis/Identities/60a59117-a1ed-6677-ab04-b3de5aa38954","_links":{"avatar":{"href":"https://dev.azure.com/devops-cli-test-org/_apis/GraphProfile/MemberAvatars/msa.NjBhNTkxMTctYTFlZC03Njc3LWFiMDQtYjNkZTVhYTM4OTU0"}},"id":"60a59117-a1ed-6677-ab04-b3de5aa38954","uniqueName":"devops-cli@outlook.com","imageUrl":"https://dev.azure.com/devops-cli-test-org/_apis/GraphProfile/MemberAvatars/msa.NjBhNTkxMTctYTFlZC03Njc3LWFiMDQtYjNkZTVhYTM4OTU0","descriptor":"msa.NjBhNTkxMTctYTFlZC03Njc3LWFiMDQtYjNkZTVhYTM4OTU0"},"requestedBy":{"displayName":"Devops
        Cli","url":"https://spsprodsin2.vssps.visualstudio.com/Ab5db41ca-f3ef-48ce-a8e3-7d282463dbe2/_apis/Identities/60a59117-a1ed-6677-ab04-b3de5aa38954","_links":{"avatar":{"href":"https://dev.azure.com/devops-cli-test-org/_apis/GraphProfile/MemberAvatars/msa.NjBhNTkxMTctYTFlZC03Njc3LWFiMDQtYjNkZTVhYTM4OTU0"}},"id":"60a59117-a1ed-6677-ab04-b3de5aa38954","uniqueName":"devops-cli@outlook.com","imageUrl":"https://dev.azure.com/devops-cli-test-org/_apis/GraphProfile/MemberAvatars/msa.NjBhNTkxMTctYTFlZC03Njc3LWFiMDQtYjNkZTVhYTM4OTU0","descriptor":"msa.NjBhNTkxMTctYTFlZC03Njc3LWFiMDQtYjNkZTVhYTM4OTU0"},"lastChangedDate":"2021-09-03T06:34:20.447Z","lastChangedBy":{"displayName":"Microsoft.VisualStudio.Services.TFS","url":"https://spsprodsin2.vssps.visualstudio.com/Ab5db41ca-f3ef-48ce-a8e3-7d282463dbe2/_apis/Identities/00000002-0000-8888-8000-000000000000","_links":{"avatar":{"href":"https://dev.azure.com/devops-cli-test-org/_apis/GraphProfile/MemberAvatars/s2s.MDAwMDAwMDItMDAwMC04ODg4LTgwMDAtMDAwMDAwMDAwMDAwQDJjODk1OTA4LTA0ZTAtNDk1Mi04OWZkLTU0YjAwNDZkNjI4OA"}},"id":"00000002-0000-8888-8000-000000000000","uniqueName":"00000002-0000-8888-8000-000000000000@2c895908-04e0-4952-89fd-54b0046d6288","imageUrl":"https://dev.azure.com/devops-cli-test-org/_apis/GraphProfile/MemberAvatars/s2s.MDAwMDAwMDItMDAwMC04ODg4LTgwMDAtMDAwMDAwMDAwMDAwQDJjODk1OTA4LTA0ZTAtNDk1Mi04OWZkLTU0YjAwNDZkNjI4OA","descriptor":"s2s.MDAwMDAwMDItMDAwMC04ODg4LTgwMDAtMDAwMDAwMDAwMDAwQDJjODk1OTA4LTA0ZTAtNDk1Mi04OWZkLTU0YjAwNDZkNjI4OA"},"orchestrationPlan":{"planId":"27519728-d51e-4bdd-a45a-3de079bdbe0e"},"logs":{"id":0,"type":"Container","url":"https://dev.azure.com/devops-cli-test-org/cbd677f8-2300-4c22-b049-ba631347c447/_apis/build/builds/12/logs"},"repository":{"id":"1e9923d1-34f2-4dac-acc7-a5835b8bc0e7","type":"TfsGit","name":"BuildTests","url":"https://dev.azure.com/devops-cli-test-org/BuildTests/_git/BuildTests","clean":null,"checkoutSubmodules":false},"keepForever":false,"retainedByRelease":false,"triggeredByBuild":null}]}'
    headers:
      access-control-expose-headers:
      - Request-Context
      activityid:
      - 5ecbad07-b623-476c-8937-262fc4f3b0ad
      cache-control:
      - no-cache
      content-length:
      - '88528'
      content-type:
      - application/json; charset=utf-8; api-version=5.0
      date:
      - Mon, 06 Sep 2021 06:48:29 GMT
      expires:
      - '-1'
      p3p:
      - CP="CAO DSP COR ADMa DEV CONo TELo CUR PSA PSD TAI IVDo OUR SAMi BUS DEM NAV
        STA UNI COM INT PHY ONL FIN PUR LOC CNT"
      pragma:
      - no-cache
      request-context:
      - appId=cid-v1:a892bfef-0287-4640-9f5e-cffc90fbcf94
      strict-transport-security:
      - max-age=31536000; includeSubDomains
      x-cache:
      - CONFIG_NOCACHE
      x-content-type-options:
      - nosniff
      x-frame-options:
      - SAMEORIGIN
      x-msedge-ref:
      - 'Ref A: AD4DAB7676844333BD9E9BDFB68E4019 Ref B: BOM02EDGE0618 Ref C: 2021-09-06T06:48:29Z'
      x-tfs-processid:
      - 13988172-a6c7-4427-b0ed-1a386c2b7e06
      x-tfs-session:
      - fa01fc13-fae1-4aa7-8281-b0927f34608e
      x-vss-e2eid:
      - 5ecbad07-b623-476c-8937-262fc4f3b0ad
      x-vss-senderdeploymentid:
      - ed30ce5c-9d0a-f73c-3580-4315c7f84d83
      x-vss-userdata:
      - 60a59117-a1ed-6677-ab04-b3de5aa38954:devops-cli@outlook.com
    status:
      code: 200
      message: OK
- request:
    body: null
    headers:
      Accept:
      - application/json;api-version=5.0
      Accept-Encoding:
      - gzip, deflate
      Connection:
      - keep-alive
      Content-Type:
      - application/json; charset=utf-8
      User-Agent:
      - python/3.9.7 (Windows-10-10.0.19043-SP0) msrest/0.6.21 azure-devops/5.1.0b4
        devOpsCli/0.21.0
      X-TFS-FedAuthRedirect:
      - Suppress
      X-TFS-Session:
      - fa01fc13-fae1-4aa7-8281-b0927f34608e
      X-VSS-ForceMsaPassThrough:
      - 'true'
    method: GET
    uri: https://dev.azure.com/devops-cli-test-org/buildtests/_apis/build/Builds?definitions=26
  response:
    body:
      string: '{"count":17,"value":[{"_links":{"self":{"href":"https://dev.azure.com/devops-cli-test-org/cbd677f8-2300-4c22-b049-ba631347c447/_apis/build/Builds/32"},"web":{"href":"https://dev.azure.com/devops-cli-test-org/cbd677f8-2300-4c22-b049-ba631347c447/_build/results?buildId=32"},"sourceVersionDisplayUri":{"href":"https://dev.azure.com/devops-cli-test-org/cbd677f8-2300-4c22-b049-ba631347c447/_apis/build/builds/32/sources"},"timeline":{"href":"https://dev.azure.com/devops-cli-test-org/cbd677f8-2300-4c22-b049-ba631347c447/_apis/build/builds/32/Timeline"},"badge":{"href":"https://dev.azure.com/devops-cli-test-org/cbd677f8-2300-4c22-b049-ba631347c447/_apis/build/status/26"}},"properties":{},"tags":[],"validationResults":[],"plans":[{"planId":"2177b92b-d04b-4f38-9959-6d2ee1986cbf"}],"triggerInfo":{},"id":32,"buildNumber":"20210906.11","status":"notStarted","queueTime":"2021-09-06T06:48:29.3473447Z","url":"https://dev.azure.com/devops-cli-test-org/cbd677f8-2300-4c22-b049-ba631347c447/_apis/build/Builds/32","definition":{"drafts":[],"id":26,"name":"BuildTests
        Definition1","url":"https://dev.azure.com/devops-cli-test-org/cbd677f8-2300-4c22-b049-ba631347c447/_apis/build/Definitions/26?revision=2","uri":"vstfs:///Build/Definition/26","path":"\\","type":"build","queueStatus":"enabled","revision":2,"project":{"id":"cbd677f8-2300-4c22-b049-ba631347c447","name":"BuildTests","url":"https://dev.azure.com/devops-cli-test-org/_apis/projects/cbd677f8-2300-4c22-b049-ba631347c447","state":"wellFormed","revision":2248,"visibility":"public","lastUpdateTime":"2021-09-03T06:29:58.75Z"}},"buildNumberRevision":11,"project":{"id":"cbd677f8-2300-4c22-b049-ba631347c447","name":"BuildTests","url":"https://dev.azure.com/devops-cli-test-org/_apis/projects/cbd677f8-2300-4c22-b049-ba631347c447","state":"wellFormed","revision":2248,"visibility":"public","lastUpdateTime":"2021-09-03T06:29:58.75Z"},"uri":"vstfs:///Build/Build/32","sourceBranch":"refs/heads/main","sourceVersion":"5a7b70f0df449542538b699f70cfd72a90f5b52e","queue":{"id":1961,"name":"Hosted
        Ubuntu 1604","pool":{"id":8,"name":"Hosted Ubuntu 1604","isHosted":true}},"priority":"normal","reason":"manual","requestedFor":{"displayName":"Devops
        Cli","url":"https://spsprodsin2.vssps.visualstudio.com/Ab5db41ca-f3ef-48ce-a8e3-7d282463dbe2/_apis/Identities/60a59117-a1ed-6677-ab04-b3de5aa38954","_links":{"avatar":{"href":"https://dev.azure.com/devops-cli-test-org/_apis/GraphProfile/MemberAvatars/msa.NjBhNTkxMTctYTFlZC03Njc3LWFiMDQtYjNkZTVhYTM4OTU0"}},"id":"60a59117-a1ed-6677-ab04-b3de5aa38954","uniqueName":"devops-cli@outlook.com","imageUrl":"https://dev.azure.com/devops-cli-test-org/_apis/GraphProfile/MemberAvatars/msa.NjBhNTkxMTctYTFlZC03Njc3LWFiMDQtYjNkZTVhYTM4OTU0","descriptor":"msa.NjBhNTkxMTctYTFlZC03Njc3LWFiMDQtYjNkZTVhYTM4OTU0"},"requestedBy":{"displayName":"Devops
        Cli","url":"https://spsprodsin2.vssps.visualstudio.com/Ab5db41ca-f3ef-48ce-a8e3-7d282463dbe2/_apis/Identities/60a59117-a1ed-6677-ab04-b3de5aa38954","_links":{"avatar":{"href":"https://dev.azure.com/devops-cli-test-org/_apis/GraphProfile/MemberAvatars/msa.NjBhNTkxMTctYTFlZC03Njc3LWFiMDQtYjNkZTVhYTM4OTU0"}},"id":"60a59117-a1ed-6677-ab04-b3de5aa38954","uniqueName":"devops-cli@outlook.com","imageUrl":"https://dev.azure.com/devops-cli-test-org/_apis/GraphProfile/MemberAvatars/msa.NjBhNTkxMTctYTFlZC03Njc3LWFiMDQtYjNkZTVhYTM4OTU0","descriptor":"msa.NjBhNTkxMTctYTFlZC03Njc3LWFiMDQtYjNkZTVhYTM4OTU0"},"lastChangedDate":"2021-09-06T06:48:29.42Z","lastChangedBy":{"displayName":"Devops
        Cli","url":"https://spsprodsin2.vssps.visualstudio.com/Ab5db41ca-f3ef-48ce-a8e3-7d282463dbe2/_apis/Identities/60a59117-a1ed-6677-ab04-b3de5aa38954","_links":{"avatar":{"href":"https://dev.azure.com/devops-cli-test-org/_apis/GraphProfile/MemberAvatars/msa.NjBhNTkxMTctYTFlZC03Njc3LWFiMDQtYjNkZTVhYTM4OTU0"}},"id":"60a59117-a1ed-6677-ab04-b3de5aa38954","uniqueName":"devops-cli@outlook.com","imageUrl":"https://dev.azure.com/devops-cli-test-org/_apis/GraphProfile/MemberAvatars/msa.NjBhNTkxMTctYTFlZC03Njc3LWFiMDQtYjNkZTVhYTM4OTU0","descriptor":"msa.NjBhNTkxMTctYTFlZC03Njc3LWFiMDQtYjNkZTVhYTM4OTU0"},"orchestrationPlan":{"planId":"2177b92b-d04b-4f38-9959-6d2ee1986cbf"},"logs":{"id":0,"type":"Container","url":"https://dev.azure.com/devops-cli-test-org/cbd677f8-2300-4c22-b049-ba631347c447/_apis/build/builds/32/logs"},"repository":{"id":"1e9923d1-34f2-4dac-acc7-a5835b8bc0e7","type":"TfsGit","name":"BuildTests","url":"https://dev.azure.com/devops-cli-test-org/BuildTests/_git/BuildTests","clean":null,"checkoutSubmodules":false},"keepForever":false,"retainedByRelease":false,"triggeredByBuild":null},{"_links":{"self":{"href":"https://dev.azure.com/devops-cli-test-org/cbd677f8-2300-4c22-b049-ba631347c447/_apis/build/Builds/30"},"web":{"href":"https://dev.azure.com/devops-cli-test-org/cbd677f8-2300-4c22-b049-ba631347c447/_build/results?buildId=30"},"sourceVersionDisplayUri":{"href":"https://dev.azure.com/devops-cli-test-org/cbd677f8-2300-4c22-b049-ba631347c447/_apis/build/builds/30/sources"},"timeline":{"href":"https://dev.azure.com/devops-cli-test-org/cbd677f8-2300-4c22-b049-ba631347c447/_apis/build/builds/30/Timeline"},"badge":{"href":"https://dev.azure.com/devops-cli-test-org/cbd677f8-2300-4c22-b049-ba631347c447/_apis/build/status/26"}},"properties":{},"tags":[],"validationResults":[],"plans":[{"planId":"93c000a4-9205-4430-af80-f88692fa5540"}],"triggerInfo":{},"id":30,"buildNumber":"20210906.10","status":"completed","result":"failed","queueTime":"2021-09-06T06:44:06.1795586Z","startTime":"2021-09-06T06:44:09.8908791Z","finishTime":"2021-09-06T06:44:09.8908791Z","url":"https://dev.azure.com/devops-cli-test-org/cbd677f8-2300-4c22-b049-ba631347c447/_apis/build/Builds/30","definition":{"drafts":[],"id":26,"name":"BuildTests
        Definition1","url":"https://dev.azure.com/devops-cli-test-org/cbd677f8-2300-4c22-b049-ba631347c447/_apis/build/Definitions/26?revision=2","uri":"vstfs:///Build/Definition/26","path":"\\","type":"build","queueStatus":"enabled","revision":2,"project":{"id":"cbd677f8-2300-4c22-b049-ba631347c447","name":"BuildTests","url":"https://dev.azure.com/devops-cli-test-org/_apis/projects/cbd677f8-2300-4c22-b049-ba631347c447","state":"wellFormed","revision":2248,"visibility":"public","lastUpdateTime":"2021-09-03T06:29:58.75Z"}},"buildNumberRevision":10,"project":{"id":"cbd677f8-2300-4c22-b049-ba631347c447","name":"BuildTests","url":"https://dev.azure.com/devops-cli-test-org/_apis/projects/cbd677f8-2300-4c22-b049-ba631347c447","state":"wellFormed","revision":2248,"visibility":"public","lastUpdateTime":"2021-09-03T06:29:58.75Z"},"uri":"vstfs:///Build/Build/30","sourceBranch":"refs/heads/main","sourceVersion":"767c3ab99f6d0a7ad493a14b3b72f13b2d797f20","queue":{"id":1961,"name":"Hosted
        Ubuntu 1604","pool":{"id":8,"name":"Hosted Ubuntu 1604","isHosted":true}},"priority":"normal","reason":"manual","requestedFor":{"displayName":"Devops
        Cli","url":"https://spsprodsin2.vssps.visualstudio.com/Ab5db41ca-f3ef-48ce-a8e3-7d282463dbe2/_apis/Identities/60a59117-a1ed-6677-ab04-b3de5aa38954","_links":{"avatar":{"href":"https://dev.azure.com/devops-cli-test-org/_apis/GraphProfile/MemberAvatars/msa.NjBhNTkxMTctYTFlZC03Njc3LWFiMDQtYjNkZTVhYTM4OTU0"}},"id":"60a59117-a1ed-6677-ab04-b3de5aa38954","uniqueName":"devops-cli@outlook.com","imageUrl":"https://dev.azure.com/devops-cli-test-org/_apis/GraphProfile/MemberAvatars/msa.NjBhNTkxMTctYTFlZC03Njc3LWFiMDQtYjNkZTVhYTM4OTU0","descriptor":"msa.NjBhNTkxMTctYTFlZC03Njc3LWFiMDQtYjNkZTVhYTM4OTU0"},"requestedBy":{"displayName":"Devops
        Cli","url":"https://spsprodsin2.vssps.visualstudio.com/Ab5db41ca-f3ef-48ce-a8e3-7d282463dbe2/_apis/Identities/60a59117-a1ed-6677-ab04-b3de5aa38954","_links":{"avatar":{"href":"https://dev.azure.com/devops-cli-test-org/_apis/GraphProfile/MemberAvatars/msa.NjBhNTkxMTctYTFlZC03Njc3LWFiMDQtYjNkZTVhYTM4OTU0"}},"id":"60a59117-a1ed-6677-ab04-b3de5aa38954","uniqueName":"devops-cli@outlook.com","imageUrl":"https://dev.azure.com/devops-cli-test-org/_apis/GraphProfile/MemberAvatars/msa.NjBhNTkxMTctYTFlZC03Njc3LWFiMDQtYjNkZTVhYTM4OTU0","descriptor":"msa.NjBhNTkxMTctYTFlZC03Njc3LWFiMDQtYjNkZTVhYTM4OTU0"},"lastChangedDate":"2021-09-06T06:44:10.407Z","lastChangedBy":{"displayName":"Microsoft.VisualStudio.Services.TFS","url":"https://spsprodsin2.vssps.visualstudio.com/Ab5db41ca-f3ef-48ce-a8e3-7d282463dbe2/_apis/Identities/00000002-0000-8888-8000-000000000000","_links":{"avatar":{"href":"https://dev.azure.com/devops-cli-test-org/_apis/GraphProfile/MemberAvatars/s2s.MDAwMDAwMDItMDAwMC04ODg4LTgwMDAtMDAwMDAwMDAwMDAwQDJjODk1OTA4LTA0ZTAtNDk1Mi04OWZkLTU0YjAwNDZkNjI4OA"}},"id":"00000002-0000-8888-8000-000000000000","uniqueName":"00000002-0000-8888-8000-000000000000@2c895908-04e0-4952-89fd-54b0046d6288","imageUrl":"https://dev.azure.com/devops-cli-test-org/_apis/GraphProfile/MemberAvatars/s2s.MDAwMDAwMDItMDAwMC04ODg4LTgwMDAtMDAwMDAwMDAwMDAwQDJjODk1OTA4LTA0ZTAtNDk1Mi04OWZkLTU0YjAwNDZkNjI4OA","descriptor":"s2s.MDAwMDAwMDItMDAwMC04ODg4LTgwMDAtMDAwMDAwMDAwMDAwQDJjODk1OTA4LTA0ZTAtNDk1Mi04OWZkLTU0YjAwNDZkNjI4OA"},"orchestrationPlan":{"planId":"93c000a4-9205-4430-af80-f88692fa5540"},"logs":{"id":0,"type":"Container","url":"https://dev.azure.com/devops-cli-test-org/cbd677f8-2300-4c22-b049-ba631347c447/_apis/build/builds/30/logs"},"repository":{"id":"1e9923d1-34f2-4dac-acc7-a5835b8bc0e7","type":"TfsGit","name":"BuildTests","url":"https://dev.azure.com/devops-cli-test-org/BuildTests/_git/BuildTests","clean":null,"checkoutSubmodules":false},"keepForever":false,"retainedByRelease":false,"triggeredByBuild":null},{"_links":{"self":{"href":"https://dev.azure.com/devops-cli-test-org/cbd677f8-2300-4c22-b049-ba631347c447/_apis/build/Builds/29"},"web":{"href":"https://dev.azure.com/devops-cli-test-org/cbd677f8-2300-4c22-b049-ba631347c447/_build/results?buildId=29"},"sourceVersionDisplayUri":{"href":"https://dev.azure.com/devops-cli-test-org/cbd677f8-2300-4c22-b049-ba631347c447/_apis/build/builds/29/sources"},"timeline":{"href":"https://dev.azure.com/devops-cli-test-org/cbd677f8-2300-4c22-b049-ba631347c447/_apis/build/builds/29/Timeline"},"badge":{"href":"https://dev.azure.com/devops-cli-test-org/cbd677f8-2300-4c22-b049-ba631347c447/_apis/build/status/26"}},"properties":{},"tags":[],"validationResults":[],"plans":[{"planId":"e13535b7-abc7-4840-a163-ddbadf2df603"}],"triggerInfo":{},"id":29,"buildNumber":"20210906.9","status":"completed","result":"failed","queueTime":"2021-09-06T06:43:49.9511991Z","startTime":"2021-09-06T06:43:52.9285052Z","finishTime":"2021-09-06T06:43:52.9285052Z","url":"https://dev.azure.com/devops-cli-test-org/cbd677f8-2300-4c22-b049-ba631347c447/_apis/build/Builds/29","definition":{"drafts":[],"id":26,"name":"BuildTests
        Definition1","url":"https://dev.azure.com/devops-cli-test-org/cbd677f8-2300-4c22-b049-ba631347c447/_apis/build/Definitions/26?revision=2","uri":"vstfs:///Build/Definition/26","path":"\\","type":"build","queueStatus":"enabled","revision":2,"project":{"id":"cbd677f8-2300-4c22-b049-ba631347c447","name":"BuildTests","url":"https://dev.azure.com/devops-cli-test-org/_apis/projects/cbd677f8-2300-4c22-b049-ba631347c447","state":"wellFormed","revision":2248,"visibility":"public","lastUpdateTime":"2021-09-03T06:29:58.75Z"}},"buildNumberRevision":9,"project":{"id":"cbd677f8-2300-4c22-b049-ba631347c447","name":"BuildTests","url":"https://dev.azure.com/devops-cli-test-org/_apis/projects/cbd677f8-2300-4c22-b049-ba631347c447","state":"wellFormed","revision":2248,"visibility":"public","lastUpdateTime":"2021-09-03T06:29:58.75Z"},"uri":"vstfs:///Build/Build/29","sourceBranch":"refs/heads/main","sourceVersion":"767c3ab99f6d0a7ad493a14b3b72f13b2d797f20","queue":{"id":1961,"name":"Hosted
        Ubuntu 1604","pool":{"id":8,"name":"Hosted Ubuntu 1604","isHosted":true}},"priority":"normal","reason":"manual","requestedFor":{"displayName":"Devops
        Cli","url":"https://spsprodsin2.vssps.visualstudio.com/Ab5db41ca-f3ef-48ce-a8e3-7d282463dbe2/_apis/Identities/60a59117-a1ed-6677-ab04-b3de5aa38954","_links":{"avatar":{"href":"https://dev.azure.com/devops-cli-test-org/_apis/GraphProfile/MemberAvatars/msa.NjBhNTkxMTctYTFlZC03Njc3LWFiMDQtYjNkZTVhYTM4OTU0"}},"id":"60a59117-a1ed-6677-ab04-b3de5aa38954","uniqueName":"devops-cli@outlook.com","imageUrl":"https://dev.azure.com/devops-cli-test-org/_apis/GraphProfile/MemberAvatars/msa.NjBhNTkxMTctYTFlZC03Njc3LWFiMDQtYjNkZTVhYTM4OTU0","descriptor":"msa.NjBhNTkxMTctYTFlZC03Njc3LWFiMDQtYjNkZTVhYTM4OTU0"},"requestedBy":{"displayName":"Devops
        Cli","url":"https://spsprodsin2.vssps.visualstudio.com/Ab5db41ca-f3ef-48ce-a8e3-7d282463dbe2/_apis/Identities/60a59117-a1ed-6677-ab04-b3de5aa38954","_links":{"avatar":{"href":"https://dev.azure.com/devops-cli-test-org/_apis/GraphProfile/MemberAvatars/msa.NjBhNTkxMTctYTFlZC03Njc3LWFiMDQtYjNkZTVhYTM4OTU0"}},"id":"60a59117-a1ed-6677-ab04-b3de5aa38954","uniqueName":"devops-cli@outlook.com","imageUrl":"https://dev.azure.com/devops-cli-test-org/_apis/GraphProfile/MemberAvatars/msa.NjBhNTkxMTctYTFlZC03Njc3LWFiMDQtYjNkZTVhYTM4OTU0","descriptor":"msa.NjBhNTkxMTctYTFlZC03Njc3LWFiMDQtYjNkZTVhYTM4OTU0"},"lastChangedDate":"2021-09-06T06:43:53.31Z","lastChangedBy":{"displayName":"Microsoft.VisualStudio.Services.TFS","url":"https://spsprodsin2.vssps.visualstudio.com/Ab5db41ca-f3ef-48ce-a8e3-7d282463dbe2/_apis/Identities/00000002-0000-8888-8000-000000000000","_links":{"avatar":{"href":"https://dev.azure.com/devops-cli-test-org/_apis/GraphProfile/MemberAvatars/s2s.MDAwMDAwMDItMDAwMC04ODg4LTgwMDAtMDAwMDAwMDAwMDAwQDJjODk1OTA4LTA0ZTAtNDk1Mi04OWZkLTU0YjAwNDZkNjI4OA"}},"id":"00000002-0000-8888-8000-000000000000","uniqueName":"00000002-0000-8888-8000-000000000000@2c895908-04e0-4952-89fd-54b0046d6288","imageUrl":"https://dev.azure.com/devops-cli-test-org/_apis/GraphProfile/MemberAvatars/s2s.MDAwMDAwMDItMDAwMC04ODg4LTgwMDAtMDAwMDAwMDAwMDAwQDJjODk1OTA4LTA0ZTAtNDk1Mi04OWZkLTU0YjAwNDZkNjI4OA","descriptor":"s2s.MDAwMDAwMDItMDAwMC04ODg4LTgwMDAtMDAwMDAwMDAwMDAwQDJjODk1OTA4LTA0ZTAtNDk1Mi04OWZkLTU0YjAwNDZkNjI4OA"},"orchestrationPlan":{"planId":"e13535b7-abc7-4840-a163-ddbadf2df603"},"logs":{"id":0,"type":"Container","url":"https://dev.azure.com/devops-cli-test-org/cbd677f8-2300-4c22-b049-ba631347c447/_apis/build/builds/29/logs"},"repository":{"id":"1e9923d1-34f2-4dac-acc7-a5835b8bc0e7","type":"TfsGit","name":"BuildTests","url":"https://dev.azure.com/devops-cli-test-org/BuildTests/_git/BuildTests","clean":null,"checkoutSubmodules":false},"keepForever":false,"retainedByRelease":false,"triggeredByBuild":null},{"_links":{"self":{"href":"https://dev.azure.com/devops-cli-test-org/cbd677f8-2300-4c22-b049-ba631347c447/_apis/build/Builds/28"},"web":{"href":"https://dev.azure.com/devops-cli-test-org/cbd677f8-2300-4c22-b049-ba631347c447/_build/results?buildId=28"},"sourceVersionDisplayUri":{"href":"https://dev.azure.com/devops-cli-test-org/cbd677f8-2300-4c22-b049-ba631347c447/_apis/build/builds/28/sources"},"timeline":{"href":"https://dev.azure.com/devops-cli-test-org/cbd677f8-2300-4c22-b049-ba631347c447/_apis/build/builds/28/Timeline"},"badge":{"href":"https://dev.azure.com/devops-cli-test-org/cbd677f8-2300-4c22-b049-ba631347c447/_apis/build/status/26"}},"properties":{},"tags":[],"validationResults":[],"plans":[{"planId":"038e360c-3a87-4ad8-ae83-7c36a6df718a"}],"triggerInfo":{},"id":28,"buildNumber":"20210906.8","status":"completed","result":"failed","queueTime":"2021-09-06T06:43:21.334602Z","startTime":"2021-09-06T06:43:25.8441883Z","finishTime":"2021-09-06T06:43:25.8441883Z","url":"https://dev.azure.com/devops-cli-test-org/cbd677f8-2300-4c22-b049-ba631347c447/_apis/build/Builds/28","definition":{"drafts":[],"id":26,"name":"BuildTests
        Definition1","url":"https://dev.azure.com/devops-cli-test-org/cbd677f8-2300-4c22-b049-ba631347c447/_apis/build/Definitions/26?revision=2","uri":"vstfs:///Build/Definition/26","path":"\\","type":"build","queueStatus":"enabled","revision":2,"project":{"id":"cbd677f8-2300-4c22-b049-ba631347c447","name":"BuildTests","url":"https://dev.azure.com/devops-cli-test-org/_apis/projects/cbd677f8-2300-4c22-b049-ba631347c447","state":"wellFormed","revision":2248,"visibility":"public","lastUpdateTime":"2021-09-03T06:29:58.75Z"}},"buildNumberRevision":8,"project":{"id":"cbd677f8-2300-4c22-b049-ba631347c447","name":"BuildTests","url":"https://dev.azure.com/devops-cli-test-org/_apis/projects/cbd677f8-2300-4c22-b049-ba631347c447","state":"wellFormed","revision":2248,"visibility":"public","lastUpdateTime":"2021-09-03T06:29:58.75Z"},"uri":"vstfs:///Build/Build/28","sourceBranch":"refs/heads/main","sourceVersion":"767c3ab99f6d0a7ad493a14b3b72f13b2d797f20","queue":{"id":1961,"name":"Hosted
        Ubuntu 1604","pool":{"id":8,"name":"Hosted Ubuntu 1604","isHosted":true}},"priority":"normal","reason":"manual","requestedFor":{"displayName":"Devops
        Cli","url":"https://spsprodsin2.vssps.visualstudio.com/Ab5db41ca-f3ef-48ce-a8e3-7d282463dbe2/_apis/Identities/60a59117-a1ed-6677-ab04-b3de5aa38954","_links":{"avatar":{"href":"https://dev.azure.com/devops-cli-test-org/_apis/GraphProfile/MemberAvatars/msa.NjBhNTkxMTctYTFlZC03Njc3LWFiMDQtYjNkZTVhYTM4OTU0"}},"id":"60a59117-a1ed-6677-ab04-b3de5aa38954","uniqueName":"devops-cli@outlook.com","imageUrl":"https://dev.azure.com/devops-cli-test-org/_apis/GraphProfile/MemberAvatars/msa.NjBhNTkxMTctYTFlZC03Njc3LWFiMDQtYjNkZTVhYTM4OTU0","descriptor":"msa.NjBhNTkxMTctYTFlZC03Njc3LWFiMDQtYjNkZTVhYTM4OTU0"},"requestedBy":{"displayName":"Devops
        Cli","url":"https://spsprodsin2.vssps.visualstudio.com/Ab5db41ca-f3ef-48ce-a8e3-7d282463dbe2/_apis/Identities/60a59117-a1ed-6677-ab04-b3de5aa38954","_links":{"avatar":{"href":"https://dev.azure.com/devops-cli-test-org/_apis/GraphProfile/MemberAvatars/msa.NjBhNTkxMTctYTFlZC03Njc3LWFiMDQtYjNkZTVhYTM4OTU0"}},"id":"60a59117-a1ed-6677-ab04-b3de5aa38954","uniqueName":"devops-cli@outlook.com","imageUrl":"https://dev.azure.com/devops-cli-test-org/_apis/GraphProfile/MemberAvatars/msa.NjBhNTkxMTctYTFlZC03Njc3LWFiMDQtYjNkZTVhYTM4OTU0","descriptor":"msa.NjBhNTkxMTctYTFlZC03Njc3LWFiMDQtYjNkZTVhYTM4OTU0"},"lastChangedDate":"2021-09-06T06:43:26.293Z","lastChangedBy":{"displayName":"Microsoft.VisualStudio.Services.TFS","url":"https://spsprodsin2.vssps.visualstudio.com/Ab5db41ca-f3ef-48ce-a8e3-7d282463dbe2/_apis/Identities/00000002-0000-8888-8000-000000000000","_links":{"avatar":{"href":"https://dev.azure.com/devops-cli-test-org/_apis/GraphProfile/MemberAvatars/s2s.MDAwMDAwMDItMDAwMC04ODg4LTgwMDAtMDAwMDAwMDAwMDAwQDJjODk1OTA4LTA0ZTAtNDk1Mi04OWZkLTU0YjAwNDZkNjI4OA"}},"id":"00000002-0000-8888-8000-000000000000","uniqueName":"00000002-0000-8888-8000-000000000000@2c895908-04e0-4952-89fd-54b0046d6288","imageUrl":"https://dev.azure.com/devops-cli-test-org/_apis/GraphProfile/MemberAvatars/s2s.MDAwMDAwMDItMDAwMC04ODg4LTgwMDAtMDAwMDAwMDAwMDAwQDJjODk1OTA4LTA0ZTAtNDk1Mi04OWZkLTU0YjAwNDZkNjI4OA","descriptor":"s2s.MDAwMDAwMDItMDAwMC04ODg4LTgwMDAtMDAwMDAwMDAwMDAwQDJjODk1OTA4LTA0ZTAtNDk1Mi04OWZkLTU0YjAwNDZkNjI4OA"},"orchestrationPlan":{"planId":"038e360c-3a87-4ad8-ae83-7c36a6df718a"},"logs":{"id":0,"type":"Container","url":"https://dev.azure.com/devops-cli-test-org/cbd677f8-2300-4c22-b049-ba631347c447/_apis/build/builds/28/logs"},"repository":{"id":"1e9923d1-34f2-4dac-acc7-a5835b8bc0e7","type":"TfsGit","name":"BuildTests","url":"https://dev.azure.com/devops-cli-test-org/BuildTests/_git/BuildTests","clean":null,"checkoutSubmodules":false},"keepForever":false,"retainedByRelease":false,"triggeredByBuild":null},{"_links":{"self":{"href":"https://dev.azure.com/devops-cli-test-org/cbd677f8-2300-4c22-b049-ba631347c447/_apis/build/Builds/27"},"web":{"href":"https://dev.azure.com/devops-cli-test-org/cbd677f8-2300-4c22-b049-ba631347c447/_build/results?buildId=27"},"sourceVersionDisplayUri":{"href":"https://dev.azure.com/devops-cli-test-org/cbd677f8-2300-4c22-b049-ba631347c447/_apis/build/builds/27/sources"},"timeline":{"href":"https://dev.azure.com/devops-cli-test-org/cbd677f8-2300-4c22-b049-ba631347c447/_apis/build/builds/27/Timeline"},"badge":{"href":"https://dev.azure.com/devops-cli-test-org/cbd677f8-2300-4c22-b049-ba631347c447/_apis/build/status/26"}},"properties":{},"tags":[],"validationResults":[],"plans":[{"planId":"27196c75-b68c-4d0c-85e3-297c08e7048f"}],"triggerInfo":{},"id":27,"buildNumber":"20210906.7","status":"completed","result":"failed","queueTime":"2021-09-06T06:43:08.8230657Z","startTime":"2021-09-06T06:43:12.3096161Z","finishTime":"2021-09-06T06:43:12.3096161Z","url":"https://dev.azure.com/devops-cli-test-org/cbd677f8-2300-4c22-b049-ba631347c447/_apis/build/Builds/27","definition":{"drafts":[],"id":26,"name":"BuildTests
        Definition1","url":"https://dev.azure.com/devops-cli-test-org/cbd677f8-2300-4c22-b049-ba631347c447/_apis/build/Definitions/26?revision=2","uri":"vstfs:///Build/Definition/26","path":"\\","type":"build","queueStatus":"enabled","revision":2,"project":{"id":"cbd677f8-2300-4c22-b049-ba631347c447","name":"BuildTests","url":"https://dev.azure.com/devops-cli-test-org/_apis/projects/cbd677f8-2300-4c22-b049-ba631347c447","state":"wellFormed","revision":2248,"visibility":"public","lastUpdateTime":"2021-09-03T06:29:58.75Z"}},"buildNumberRevision":7,"project":{"id":"cbd677f8-2300-4c22-b049-ba631347c447","name":"BuildTests","url":"https://dev.azure.com/devops-cli-test-org/_apis/projects/cbd677f8-2300-4c22-b049-ba631347c447","state":"wellFormed","revision":2248,"visibility":"public","lastUpdateTime":"2021-09-03T06:29:58.75Z"},"uri":"vstfs:///Build/Build/27","sourceBranch":"refs/heads/main","sourceVersion":"767c3ab99f6d0a7ad493a14b3b72f13b2d797f20","queue":{"id":1961,"name":"Hosted
        Ubuntu 1604","pool":{"id":8,"name":"Hosted Ubuntu 1604","isHosted":true}},"priority":"normal","reason":"manual","requestedFor":{"displayName":"Devops
        Cli","url":"https://spsprodsin2.vssps.visualstudio.com/Ab5db41ca-f3ef-48ce-a8e3-7d282463dbe2/_apis/Identities/60a59117-a1ed-6677-ab04-b3de5aa38954","_links":{"avatar":{"href":"https://dev.azure.com/devops-cli-test-org/_apis/GraphProfile/MemberAvatars/msa.NjBhNTkxMTctYTFlZC03Njc3LWFiMDQtYjNkZTVhYTM4OTU0"}},"id":"60a59117-a1ed-6677-ab04-b3de5aa38954","uniqueName":"devops-cli@outlook.com","imageUrl":"https://dev.azure.com/devops-cli-test-org/_apis/GraphProfile/MemberAvatars/msa.NjBhNTkxMTctYTFlZC03Njc3LWFiMDQtYjNkZTVhYTM4OTU0","descriptor":"msa.NjBhNTkxMTctYTFlZC03Njc3LWFiMDQtYjNkZTVhYTM4OTU0"},"requestedBy":{"displayName":"Devops
        Cli","url":"https://spsprodsin2.vssps.visualstudio.com/Ab5db41ca-f3ef-48ce-a8e3-7d282463dbe2/_apis/Identities/60a59117-a1ed-6677-ab04-b3de5aa38954","_links":{"avatar":{"href":"https://dev.azure.com/devops-cli-test-org/_apis/GraphProfile/MemberAvatars/msa.NjBhNTkxMTctYTFlZC03Njc3LWFiMDQtYjNkZTVhYTM4OTU0"}},"id":"60a59117-a1ed-6677-ab04-b3de5aa38954","uniqueName":"devops-cli@outlook.com","imageUrl":"https://dev.azure.com/devops-cli-test-org/_apis/GraphProfile/MemberAvatars/msa.NjBhNTkxMTctYTFlZC03Njc3LWFiMDQtYjNkZTVhYTM4OTU0","descriptor":"msa.NjBhNTkxMTctYTFlZC03Njc3LWFiMDQtYjNkZTVhYTM4OTU0"},"lastChangedDate":"2021-09-06T06:43:13.153Z","lastChangedBy":{"displayName":"Microsoft.VisualStudio.Services.TFS","url":"https://spsprodsin2.vssps.visualstudio.com/Ab5db41ca-f3ef-48ce-a8e3-7d282463dbe2/_apis/Identities/00000002-0000-8888-8000-000000000000","_links":{"avatar":{"href":"https://dev.azure.com/devops-cli-test-org/_apis/GraphProfile/MemberAvatars/s2s.MDAwMDAwMDItMDAwMC04ODg4LTgwMDAtMDAwMDAwMDAwMDAwQDJjODk1OTA4LTA0ZTAtNDk1Mi04OWZkLTU0YjAwNDZkNjI4OA"}},"id":"00000002-0000-8888-8000-000000000000","uniqueName":"00000002-0000-8888-8000-000000000000@2c895908-04e0-4952-89fd-54b0046d6288","imageUrl":"https://dev.azure.com/devops-cli-test-org/_apis/GraphProfile/MemberAvatars/s2s.MDAwMDAwMDItMDAwMC04ODg4LTgwMDAtMDAwMDAwMDAwMDAwQDJjODk1OTA4LTA0ZTAtNDk1Mi04OWZkLTU0YjAwNDZkNjI4OA","descriptor":"s2s.MDAwMDAwMDItMDAwMC04ODg4LTgwMDAtMDAwMDAwMDAwMDAwQDJjODk1OTA4LTA0ZTAtNDk1Mi04OWZkLTU0YjAwNDZkNjI4OA"},"orchestrationPlan":{"planId":"27196c75-b68c-4d0c-85e3-297c08e7048f"},"logs":{"id":0,"type":"Container","url":"https://dev.azure.com/devops-cli-test-org/cbd677f8-2300-4c22-b049-ba631347c447/_apis/build/builds/27/logs"},"repository":{"id":"1e9923d1-34f2-4dac-acc7-a5835b8bc0e7","type":"TfsGit","name":"BuildTests","url":"https://dev.azure.com/devops-cli-test-org/BuildTests/_git/BuildTests","clean":null,"checkoutSubmodules":false},"keepForever":false,"retainedByRelease":false,"triggeredByBuild":null},{"_links":{"self":{"href":"https://dev.azure.com/devops-cli-test-org/cbd677f8-2300-4c22-b049-ba631347c447/_apis/build/Builds/26"},"web":{"href":"https://dev.azure.com/devops-cli-test-org/cbd677f8-2300-4c22-b049-ba631347c447/_build/results?buildId=26"},"sourceVersionDisplayUri":{"href":"https://dev.azure.com/devops-cli-test-org/cbd677f8-2300-4c22-b049-ba631347c447/_apis/build/builds/26/sources"},"timeline":{"href":"https://dev.azure.com/devops-cli-test-org/cbd677f8-2300-4c22-b049-ba631347c447/_apis/build/builds/26/Timeline"},"badge":{"href":"https://dev.azure.com/devops-cli-test-org/cbd677f8-2300-4c22-b049-ba631347c447/_apis/build/status/26"}},"properties":{},"tags":[],"validationResults":[],"plans":[{"planId":"9f265ffc-a201-447f-b43c-9651e9d41f7b"}],"triggerInfo":{},"id":26,"buildNumber":"20210906.6","status":"completed","result":"failed","queueTime":"2021-09-06T06:42:48.516258Z","startTime":"2021-09-06T06:42:52.0144765Z","finishTime":"2021-09-06T06:42:52.0144765Z","url":"https://dev.azure.com/devops-cli-test-org/cbd677f8-2300-4c22-b049-ba631347c447/_apis/build/Builds/26","definition":{"drafts":[],"id":26,"name":"BuildTests
        Definition1","url":"https://dev.azure.com/devops-cli-test-org/cbd677f8-2300-4c22-b049-ba631347c447/_apis/build/Definitions/26?revision=2","uri":"vstfs:///Build/Definition/26","path":"\\","type":"build","queueStatus":"enabled","revision":2,"project":{"id":"cbd677f8-2300-4c22-b049-ba631347c447","name":"BuildTests","url":"https://dev.azure.com/devops-cli-test-org/_apis/projects/cbd677f8-2300-4c22-b049-ba631347c447","state":"wellFormed","revision":2248,"visibility":"public","lastUpdateTime":"2021-09-03T06:29:58.75Z"}},"buildNumberRevision":6,"project":{"id":"cbd677f8-2300-4c22-b049-ba631347c447","name":"BuildTests","url":"https://dev.azure.com/devops-cli-test-org/_apis/projects/cbd677f8-2300-4c22-b049-ba631347c447","state":"wellFormed","revision":2248,"visibility":"public","lastUpdateTime":"2021-09-03T06:29:58.75Z"},"uri":"vstfs:///Build/Build/26","sourceBranch":"refs/heads/main","sourceVersion":"767c3ab99f6d0a7ad493a14b3b72f13b2d797f20","queue":{"id":1961,"name":"Hosted
        Ubuntu 1604","pool":{"id":8,"name":"Hosted Ubuntu 1604","isHosted":true}},"priority":"normal","reason":"manual","requestedFor":{"displayName":"Devops
        Cli","url":"https://spsprodsin2.vssps.visualstudio.com/Ab5db41ca-f3ef-48ce-a8e3-7d282463dbe2/_apis/Identities/60a59117-a1ed-6677-ab04-b3de5aa38954","_links":{"avatar":{"href":"https://dev.azure.com/devops-cli-test-org/_apis/GraphProfile/MemberAvatars/msa.NjBhNTkxMTctYTFlZC03Njc3LWFiMDQtYjNkZTVhYTM4OTU0"}},"id":"60a59117-a1ed-6677-ab04-b3de5aa38954","uniqueName":"devops-cli@outlook.com","imageUrl":"https://dev.azure.com/devops-cli-test-org/_apis/GraphProfile/MemberAvatars/msa.NjBhNTkxMTctYTFlZC03Njc3LWFiMDQtYjNkZTVhYTM4OTU0","descriptor":"msa.NjBhNTkxMTctYTFlZC03Njc3LWFiMDQtYjNkZTVhYTM4OTU0"},"requestedBy":{"displayName":"Devops
        Cli","url":"https://spsprodsin2.vssps.visualstudio.com/Ab5db41ca-f3ef-48ce-a8e3-7d282463dbe2/_apis/Identities/60a59117-a1ed-6677-ab04-b3de5aa38954","_links":{"avatar":{"href":"https://dev.azure.com/devops-cli-test-org/_apis/GraphProfile/MemberAvatars/msa.NjBhNTkxMTctYTFlZC03Njc3LWFiMDQtYjNkZTVhYTM4OTU0"}},"id":"60a59117-a1ed-6677-ab04-b3de5aa38954","uniqueName":"devops-cli@outlook.com","imageUrl":"https://dev.azure.com/devops-cli-test-org/_apis/GraphProfile/MemberAvatars/msa.NjBhNTkxMTctYTFlZC03Njc3LWFiMDQtYjNkZTVhYTM4OTU0","descriptor":"msa.NjBhNTkxMTctYTFlZC03Njc3LWFiMDQtYjNkZTVhYTM4OTU0"},"lastChangedDate":"2021-09-06T06:42:52.397Z","lastChangedBy":{"displayName":"Microsoft.VisualStudio.Services.TFS","url":"https://spsprodsin2.vssps.visualstudio.com/Ab5db41ca-f3ef-48ce-a8e3-7d282463dbe2/_apis/Identities/00000002-0000-8888-8000-000000000000","_links":{"avatar":{"href":"https://dev.azure.com/devops-cli-test-org/_apis/GraphProfile/MemberAvatars/s2s.MDAwMDAwMDItMDAwMC04ODg4LTgwMDAtMDAwMDAwMDAwMDAwQDJjODk1OTA4LTA0ZTAtNDk1Mi04OWZkLTU0YjAwNDZkNjI4OA"}},"id":"00000002-0000-8888-8000-000000000000","uniqueName":"00000002-0000-8888-8000-000000000000@2c895908-04e0-4952-89fd-54b0046d6288","imageUrl":"https://dev.azure.com/devops-cli-test-org/_apis/GraphProfile/MemberAvatars/s2s.MDAwMDAwMDItMDAwMC04ODg4LTgwMDAtMDAwMDAwMDAwMDAwQDJjODk1OTA4LTA0ZTAtNDk1Mi04OWZkLTU0YjAwNDZkNjI4OA","descriptor":"s2s.MDAwMDAwMDItMDAwMC04ODg4LTgwMDAtMDAwMDAwMDAwMDAwQDJjODk1OTA4LTA0ZTAtNDk1Mi04OWZkLTU0YjAwNDZkNjI4OA"},"orchestrationPlan":{"planId":"9f265ffc-a201-447f-b43c-9651e9d41f7b"},"logs":{"id":0,"type":"Container","url":"https://dev.azure.com/devops-cli-test-org/cbd677f8-2300-4c22-b049-ba631347c447/_apis/build/builds/26/logs"},"repository":{"id":"1e9923d1-34f2-4dac-acc7-a5835b8bc0e7","type":"TfsGit","name":"BuildTests","url":"https://dev.azure.com/devops-cli-test-org/BuildTests/_git/BuildTests","clean":null,"checkoutSubmodules":false},"keepForever":false,"retainedByRelease":false,"triggeredByBuild":null},{"_links":{"self":{"href":"https://dev.azure.com/devops-cli-test-org/cbd677f8-2300-4c22-b049-ba631347c447/_apis/build/Builds/25"},"web":{"href":"https://dev.azure.com/devops-cli-test-org/cbd677f8-2300-4c22-b049-ba631347c447/_build/results?buildId=25"},"sourceVersionDisplayUri":{"href":"https://dev.azure.com/devops-cli-test-org/cbd677f8-2300-4c22-b049-ba631347c447/_apis/build/builds/25/sources"},"timeline":{"href":"https://dev.azure.com/devops-cli-test-org/cbd677f8-2300-4c22-b049-ba631347c447/_apis/build/builds/25/Timeline"},"badge":{"href":"https://dev.azure.com/devops-cli-test-org/cbd677f8-2300-4c22-b049-ba631347c447/_apis/build/status/26"}},"properties":{},"tags":[],"validationResults":[],"plans":[{"planId":"d5c9a65e-475c-44ec-9f55-45f2bd027df0"}],"triggerInfo":{},"id":25,"buildNumber":"20210906.5","status":"completed","result":"failed","queueTime":"2021-09-06T06:42:18.3006646Z","startTime":"2021-09-06T06:42:26.855903Z","finishTime":"2021-09-06T06:42:26.855903Z","url":"https://dev.azure.com/devops-cli-test-org/cbd677f8-2300-4c22-b049-ba631347c447/_apis/build/Builds/25","definition":{"drafts":[],"id":26,"name":"BuildTests
        Definition1","url":"https://dev.azure.com/devops-cli-test-org/cbd677f8-2300-4c22-b049-ba631347c447/_apis/build/Definitions/26?revision=2","uri":"vstfs:///Build/Definition/26","path":"\\","type":"build","queueStatus":"enabled","revision":2,"project":{"id":"cbd677f8-2300-4c22-b049-ba631347c447","name":"BuildTests","url":"https://dev.azure.com/devops-cli-test-org/_apis/projects/cbd677f8-2300-4c22-b049-ba631347c447","state":"wellFormed","revision":2248,"visibility":"public","lastUpdateTime":"2021-09-03T06:29:58.75Z"}},"buildNumberRevision":5,"project":{"id":"cbd677f8-2300-4c22-b049-ba631347c447","name":"BuildTests","url":"https://dev.azure.com/devops-cli-test-org/_apis/projects/cbd677f8-2300-4c22-b049-ba631347c447","state":"wellFormed","revision":2248,"visibility":"public","lastUpdateTime":"2021-09-03T06:29:58.75Z"},"uri":"vstfs:///Build/Build/25","sourceBranch":"refs/heads/main","sourceVersion":"767c3ab99f6d0a7ad493a14b3b72f13b2d797f20","queue":{"id":1961,"name":"Hosted
        Ubuntu 1604","pool":{"id":8,"name":"Hosted Ubuntu 1604","isHosted":true}},"priority":"normal","reason":"manual","requestedFor":{"displayName":"Devops
        Cli","url":"https://spsprodsin2.vssps.visualstudio.com/Ab5db41ca-f3ef-48ce-a8e3-7d282463dbe2/_apis/Identities/60a59117-a1ed-6677-ab04-b3de5aa38954","_links":{"avatar":{"href":"https://dev.azure.com/devops-cli-test-org/_apis/GraphProfile/MemberAvatars/msa.NjBhNTkxMTctYTFlZC03Njc3LWFiMDQtYjNkZTVhYTM4OTU0"}},"id":"60a59117-a1ed-6677-ab04-b3de5aa38954","uniqueName":"devops-cli@outlook.com","imageUrl":"https://dev.azure.com/devops-cli-test-org/_apis/GraphProfile/MemberAvatars/msa.NjBhNTkxMTctYTFlZC03Njc3LWFiMDQtYjNkZTVhYTM4OTU0","descriptor":"msa.NjBhNTkxMTctYTFlZC03Njc3LWFiMDQtYjNkZTVhYTM4OTU0"},"requestedBy":{"displayName":"Devops
        Cli","url":"https://spsprodsin2.vssps.visualstudio.com/Ab5db41ca-f3ef-48ce-a8e3-7d282463dbe2/_apis/Identities/60a59117-a1ed-6677-ab04-b3de5aa38954","_links":{"avatar":{"href":"https://dev.azure.com/devops-cli-test-org/_apis/GraphProfile/MemberAvatars/msa.NjBhNTkxMTctYTFlZC03Njc3LWFiMDQtYjNkZTVhYTM4OTU0"}},"id":"60a59117-a1ed-6677-ab04-b3de5aa38954","uniqueName":"devops-cli@outlook.com","imageUrl":"https://dev.azure.com/devops-cli-test-org/_apis/GraphProfile/MemberAvatars/msa.NjBhNTkxMTctYTFlZC03Njc3LWFiMDQtYjNkZTVhYTM4OTU0","descriptor":"msa.NjBhNTkxMTctYTFlZC03Njc3LWFiMDQtYjNkZTVhYTM4OTU0"},"lastChangedDate":"2021-09-06T06:42:27.173Z","lastChangedBy":{"displayName":"Microsoft.VisualStudio.Services.TFS","url":"https://spsprodsin2.vssps.visualstudio.com/Ab5db41ca-f3ef-48ce-a8e3-7d282463dbe2/_apis/Identities/00000002-0000-8888-8000-000000000000","_links":{"avatar":{"href":"https://dev.azure.com/devops-cli-test-org/_apis/GraphProfile/MemberAvatars/s2s.MDAwMDAwMDItMDAwMC04ODg4LTgwMDAtMDAwMDAwMDAwMDAwQDJjODk1OTA4LTA0ZTAtNDk1Mi04OWZkLTU0YjAwNDZkNjI4OA"}},"id":"00000002-0000-8888-8000-000000000000","uniqueName":"00000002-0000-8888-8000-000000000000@2c895908-04e0-4952-89fd-54b0046d6288","imageUrl":"https://dev.azure.com/devops-cli-test-org/_apis/GraphProfile/MemberAvatars/s2s.MDAwMDAwMDItMDAwMC04ODg4LTgwMDAtMDAwMDAwMDAwMDAwQDJjODk1OTA4LTA0ZTAtNDk1Mi04OWZkLTU0YjAwNDZkNjI4OA","descriptor":"s2s.MDAwMDAwMDItMDAwMC04ODg4LTgwMDAtMDAwMDAwMDAwMDAwQDJjODk1OTA4LTA0ZTAtNDk1Mi04OWZkLTU0YjAwNDZkNjI4OA"},"orchestrationPlan":{"planId":"d5c9a65e-475c-44ec-9f55-45f2bd027df0"},"logs":{"id":0,"type":"Container","url":"https://dev.azure.com/devops-cli-test-org/cbd677f8-2300-4c22-b049-ba631347c447/_apis/build/builds/25/logs"},"repository":{"id":"1e9923d1-34f2-4dac-acc7-a5835b8bc0e7","type":"TfsGit","name":"BuildTests","url":"https://dev.azure.com/devops-cli-test-org/BuildTests/_git/BuildTests","clean":null,"checkoutSubmodules":false},"keepForever":false,"retainedByRelease":false,"triggeredByBuild":null},{"_links":{"self":{"href":"https://dev.azure.com/devops-cli-test-org/cbd677f8-2300-4c22-b049-ba631347c447/_apis/build/Builds/24"},"web":{"href":"https://dev.azure.com/devops-cli-test-org/cbd677f8-2300-4c22-b049-ba631347c447/_build/results?buildId=24"},"sourceVersionDisplayUri":{"href":"https://dev.azure.com/devops-cli-test-org/cbd677f8-2300-4c22-b049-ba631347c447/_apis/build/builds/24/sources"},"timeline":{"href":"https://dev.azure.com/devops-cli-test-org/cbd677f8-2300-4c22-b049-ba631347c447/_apis/build/builds/24/Timeline"},"badge":{"href":"https://dev.azure.com/devops-cli-test-org/cbd677f8-2300-4c22-b049-ba631347c447/_apis/build/status/26"}},"properties":{},"tags":[],"validationResults":[],"plans":[{"planId":"745a0bc4-02ea-479b-be54-7e8bc8bc184a"}],"triggerInfo":{},"id":24,"buildNumber":"20210906.4","status":"completed","result":"failed","queueTime":"2021-09-06T06:42:02.56857Z","startTime":"2021-09-06T06:42:06.9266185Z","finishTime":"2021-09-06T06:42:06.9266185Z","url":"https://dev.azure.com/devops-cli-test-org/cbd677f8-2300-4c22-b049-ba631347c447/_apis/build/Builds/24","definition":{"drafts":[],"id":26,"name":"BuildTests
        Definition1","url":"https://dev.azure.com/devops-cli-test-org/cbd677f8-2300-4c22-b049-ba631347c447/_apis/build/Definitions/26?revision=2","uri":"vstfs:///Build/Definition/26","path":"\\","type":"build","queueStatus":"enabled","revision":2,"project":{"id":"cbd677f8-2300-4c22-b049-ba631347c447","name":"BuildTests","url":"https://dev.azure.com/devops-cli-test-org/_apis/projects/cbd677f8-2300-4c22-b049-ba631347c447","state":"wellFormed","revision":2248,"visibility":"public","lastUpdateTime":"2021-09-03T06:29:58.75Z"}},"buildNumberRevision":4,"project":{"id":"cbd677f8-2300-4c22-b049-ba631347c447","name":"BuildTests","url":"https://dev.azure.com/devops-cli-test-org/_apis/projects/cbd677f8-2300-4c22-b049-ba631347c447","state":"wellFormed","revision":2248,"visibility":"public","lastUpdateTime":"2021-09-03T06:29:58.75Z"},"uri":"vstfs:///Build/Build/24","sourceBranch":"refs/heads/main","sourceVersion":"767c3ab99f6d0a7ad493a14b3b72f13b2d797f20","queue":{"id":1961,"name":"Hosted
        Ubuntu 1604","pool":{"id":8,"name":"Hosted Ubuntu 1604","isHosted":true}},"priority":"normal","reason":"manual","requestedFor":{"displayName":"Devops
        Cli","url":"https://spsprodsin2.vssps.visualstudio.com/Ab5db41ca-f3ef-48ce-a8e3-7d282463dbe2/_apis/Identities/60a59117-a1ed-6677-ab04-b3de5aa38954","_links":{"avatar":{"href":"https://dev.azure.com/devops-cli-test-org/_apis/GraphProfile/MemberAvatars/msa.NjBhNTkxMTctYTFlZC03Njc3LWFiMDQtYjNkZTVhYTM4OTU0"}},"id":"60a59117-a1ed-6677-ab04-b3de5aa38954","uniqueName":"devops-cli@outlook.com","imageUrl":"https://dev.azure.com/devops-cli-test-org/_apis/GraphProfile/MemberAvatars/msa.NjBhNTkxMTctYTFlZC03Njc3LWFiMDQtYjNkZTVhYTM4OTU0","descriptor":"msa.NjBhNTkxMTctYTFlZC03Njc3LWFiMDQtYjNkZTVhYTM4OTU0"},"requestedBy":{"displayName":"Devops
        Cli","url":"https://spsprodsin2.vssps.visualstudio.com/Ab5db41ca-f3ef-48ce-a8e3-7d282463dbe2/_apis/Identities/60a59117-a1ed-6677-ab04-b3de5aa38954","_links":{"avatar":{"href":"https://dev.azure.com/devops-cli-test-org/_apis/GraphProfile/MemberAvatars/msa.NjBhNTkxMTctYTFlZC03Njc3LWFiMDQtYjNkZTVhYTM4OTU0"}},"id":"60a59117-a1ed-6677-ab04-b3de5aa38954","uniqueName":"devops-cli@outlook.com","imageUrl":"https://dev.azure.com/devops-cli-test-org/_apis/GraphProfile/MemberAvatars/msa.NjBhNTkxMTctYTFlZC03Njc3LWFiMDQtYjNkZTVhYTM4OTU0","descriptor":"msa.NjBhNTkxMTctYTFlZC03Njc3LWFiMDQtYjNkZTVhYTM4OTU0"},"lastChangedDate":"2021-09-06T06:42:07.257Z","lastChangedBy":{"displayName":"Microsoft.VisualStudio.Services.TFS","url":"https://spsprodsin2.vssps.visualstudio.com/Ab5db41ca-f3ef-48ce-a8e3-7d282463dbe2/_apis/Identities/00000002-0000-8888-8000-000000000000","_links":{"avatar":{"href":"https://dev.azure.com/devops-cli-test-org/_apis/GraphProfile/MemberAvatars/s2s.MDAwMDAwMDItMDAwMC04ODg4LTgwMDAtMDAwMDAwMDAwMDAwQDJjODk1OTA4LTA0ZTAtNDk1Mi04OWZkLTU0YjAwNDZkNjI4OA"}},"id":"00000002-0000-8888-8000-000000000000","uniqueName":"00000002-0000-8888-8000-000000000000@2c895908-04e0-4952-89fd-54b0046d6288","imageUrl":"https://dev.azure.com/devops-cli-test-org/_apis/GraphProfile/MemberAvatars/s2s.MDAwMDAwMDItMDAwMC04ODg4LTgwMDAtMDAwMDAwMDAwMDAwQDJjODk1OTA4LTA0ZTAtNDk1Mi04OWZkLTU0YjAwNDZkNjI4OA","descriptor":"s2s.MDAwMDAwMDItMDAwMC04ODg4LTgwMDAtMDAwMDAwMDAwMDAwQDJjODk1OTA4LTA0ZTAtNDk1Mi04OWZkLTU0YjAwNDZkNjI4OA"},"orchestrationPlan":{"planId":"745a0bc4-02ea-479b-be54-7e8bc8bc184a"},"logs":{"id":0,"type":"Container","url":"https://dev.azure.com/devops-cli-test-org/cbd677f8-2300-4c22-b049-ba631347c447/_apis/build/builds/24/logs"},"repository":{"id":"1e9923d1-34f2-4dac-acc7-a5835b8bc0e7","type":"TfsGit","name":"BuildTests","url":"https://dev.azure.com/devops-cli-test-org/BuildTests/_git/BuildTests","clean":null,"checkoutSubmodules":false},"keepForever":false,"retainedByRelease":false,"triggeredByBuild":null},{"_links":{"self":{"href":"https://dev.azure.com/devops-cli-test-org/cbd677f8-2300-4c22-b049-ba631347c447/_apis/build/Builds/23"},"web":{"href":"https://dev.azure.com/devops-cli-test-org/cbd677f8-2300-4c22-b049-ba631347c447/_build/results?buildId=23"},"sourceVersionDisplayUri":{"href":"https://dev.azure.com/devops-cli-test-org/cbd677f8-2300-4c22-b049-ba631347c447/_apis/build/builds/23/sources"},"timeline":{"href":"https://dev.azure.com/devops-cli-test-org/cbd677f8-2300-4c22-b049-ba631347c447/_apis/build/builds/23/Timeline"},"badge":{"href":"https://dev.azure.com/devops-cli-test-org/cbd677f8-2300-4c22-b049-ba631347c447/_apis/build/status/26"}},"properties":{},"tags":[],"validationResults":[],"plans":[{"planId":"7578f7e3-b9f4-4899-9a22-0c4a6df98552"}],"triggerInfo":{},"id":23,"buildNumber":"20210906.3","status":"completed","result":"failed","queueTime":"2021-09-06T06:38:51.6960383Z","startTime":"2021-09-06T06:38:57.1779528Z","finishTime":"2021-09-06T06:38:57.1779528Z","url":"https://dev.azure.com/devops-cli-test-org/cbd677f8-2300-4c22-b049-ba631347c447/_apis/build/Builds/23","definition":{"drafts":[],"id":26,"name":"BuildTests
        Definition1","url":"https://dev.azure.com/devops-cli-test-org/cbd677f8-2300-4c22-b049-ba631347c447/_apis/build/Definitions/26?revision=2","uri":"vstfs:///Build/Definition/26","path":"\\","type":"build","queueStatus":"enabled","revision":2,"project":{"id":"cbd677f8-2300-4c22-b049-ba631347c447","name":"BuildTests","url":"https://dev.azure.com/devops-cli-test-org/_apis/projects/cbd677f8-2300-4c22-b049-ba631347c447","state":"wellFormed","revision":2248,"visibility":"public","lastUpdateTime":"2021-09-03T06:29:58.75Z"}},"buildNumberRevision":3,"project":{"id":"cbd677f8-2300-4c22-b049-ba631347c447","name":"BuildTests","url":"https://dev.azure.com/devops-cli-test-org/_apis/projects/cbd677f8-2300-4c22-b049-ba631347c447","state":"wellFormed","revision":2248,"visibility":"public","lastUpdateTime":"2021-09-03T06:29:58.75Z"},"uri":"vstfs:///Build/Build/23","sourceBranch":"refs/heads/main","sourceVersion":"767c3ab99f6d0a7ad493a14b3b72f13b2d797f20","queue":{"id":1961,"name":"Hosted
        Ubuntu 1604","pool":{"id":8,"name":"Hosted Ubuntu 1604","isHosted":true}},"priority":"normal","reason":"manual","requestedFor":{"displayName":"Devops
        Cli","url":"https://spsprodsin2.vssps.visualstudio.com/Ab5db41ca-f3ef-48ce-a8e3-7d282463dbe2/_apis/Identities/60a59117-a1ed-6677-ab04-b3de5aa38954","_links":{"avatar":{"href":"https://dev.azure.com/devops-cli-test-org/_apis/GraphProfile/MemberAvatars/msa.NjBhNTkxMTctYTFlZC03Njc3LWFiMDQtYjNkZTVhYTM4OTU0"}},"id":"60a59117-a1ed-6677-ab04-b3de5aa38954","uniqueName":"devops-cli@outlook.com","imageUrl":"https://dev.azure.com/devops-cli-test-org/_apis/GraphProfile/MemberAvatars/msa.NjBhNTkxMTctYTFlZC03Njc3LWFiMDQtYjNkZTVhYTM4OTU0","descriptor":"msa.NjBhNTkxMTctYTFlZC03Njc3LWFiMDQtYjNkZTVhYTM4OTU0"},"requestedBy":{"displayName":"Devops
        Cli","url":"https://spsprodsin2.vssps.visualstudio.com/Ab5db41ca-f3ef-48ce-a8e3-7d282463dbe2/_apis/Identities/60a59117-a1ed-6677-ab04-b3de5aa38954","_links":{"avatar":{"href":"https://dev.azure.com/devops-cli-test-org/_apis/GraphProfile/MemberAvatars/msa.NjBhNTkxMTctYTFlZC03Njc3LWFiMDQtYjNkZTVhYTM4OTU0"}},"id":"60a59117-a1ed-6677-ab04-b3de5aa38954","uniqueName":"devops-cli@outlook.com","imageUrl":"https://dev.azure.com/devops-cli-test-org/_apis/GraphProfile/MemberAvatars/msa.NjBhNTkxMTctYTFlZC03Njc3LWFiMDQtYjNkZTVhYTM4OTU0","descriptor":"msa.NjBhNTkxMTctYTFlZC03Njc3LWFiMDQtYjNkZTVhYTM4OTU0"},"lastChangedDate":"2021-09-06T06:38:57.44Z","lastChangedBy":{"displayName":"Microsoft.VisualStudio.Services.TFS","url":"https://spsprodsin2.vssps.visualstudio.com/Ab5db41ca-f3ef-48ce-a8e3-7d282463dbe2/_apis/Identities/00000002-0000-8888-8000-000000000000","_links":{"avatar":{"href":"https://dev.azure.com/devops-cli-test-org/_apis/GraphProfile/MemberAvatars/s2s.MDAwMDAwMDItMDAwMC04ODg4LTgwMDAtMDAwMDAwMDAwMDAwQDJjODk1OTA4LTA0ZTAtNDk1Mi04OWZkLTU0YjAwNDZkNjI4OA"}},"id":"00000002-0000-8888-8000-000000000000","uniqueName":"00000002-0000-8888-8000-000000000000@2c895908-04e0-4952-89fd-54b0046d6288","imageUrl":"https://dev.azure.com/devops-cli-test-org/_apis/GraphProfile/MemberAvatars/s2s.MDAwMDAwMDItMDAwMC04ODg4LTgwMDAtMDAwMDAwMDAwMDAwQDJjODk1OTA4LTA0ZTAtNDk1Mi04OWZkLTU0YjAwNDZkNjI4OA","descriptor":"s2s.MDAwMDAwMDItMDAwMC04ODg4LTgwMDAtMDAwMDAwMDAwMDAwQDJjODk1OTA4LTA0ZTAtNDk1Mi04OWZkLTU0YjAwNDZkNjI4OA"},"orchestrationPlan":{"planId":"7578f7e3-b9f4-4899-9a22-0c4a6df98552"},"logs":{"id":0,"type":"Container","url":"https://dev.azure.com/devops-cli-test-org/cbd677f8-2300-4c22-b049-ba631347c447/_apis/build/builds/23/logs"},"repository":{"id":"1e9923d1-34f2-4dac-acc7-a5835b8bc0e7","type":"TfsGit","name":"BuildTests","url":"https://dev.azure.com/devops-cli-test-org/BuildTests/_git/BuildTests","clean":null,"checkoutSubmodules":false},"keepForever":false,"retainedByRelease":false,"triggeredByBuild":null},{"_links":{"self":{"href":"https://dev.azure.com/devops-cli-test-org/cbd677f8-2300-4c22-b049-ba631347c447/_apis/build/Builds/21"},"web":{"href":"https://dev.azure.com/devops-cli-test-org/cbd677f8-2300-4c22-b049-ba631347c447/_build/results?buildId=21"},"sourceVersionDisplayUri":{"href":"https://dev.azure.com/devops-cli-test-org/cbd677f8-2300-4c22-b049-ba631347c447/_apis/build/builds/21/sources"},"timeline":{"href":"https://dev.azure.com/devops-cli-test-org/cbd677f8-2300-4c22-b049-ba631347c447/_apis/build/builds/21/Timeline"},"badge":{"href":"https://dev.azure.com/devops-cli-test-org/cbd677f8-2300-4c22-b049-ba631347c447/_apis/build/status/26"}},"properties":{},"tags":[],"validationResults":[],"plans":[{"planId":"0fe745e3-656f-49e0-b47d-0fffb9b4caaf"}],"triggerInfo":{},"id":21,"buildNumber":"20210906.2","status":"completed","result":"failed","queueTime":"2021-09-06T00:23:17.3452115Z","startTime":"2021-09-06T00:23:20.5295686Z","finishTime":"2021-09-06T00:23:20.5295686Z","url":"https://dev.azure.com/devops-cli-test-org/cbd677f8-2300-4c22-b049-ba631347c447/_apis/build/Builds/21","definition":{"drafts":[],"id":26,"name":"BuildTests
        Definition1","url":"https://dev.azure.com/devops-cli-test-org/cbd677f8-2300-4c22-b049-ba631347c447/_apis/build/Definitions/26?revision=2","uri":"vstfs:///Build/Definition/26","path":"\\","type":"build","queueStatus":"enabled","revision":2,"project":{"id":"cbd677f8-2300-4c22-b049-ba631347c447","name":"BuildTests","url":"https://dev.azure.com/devops-cli-test-org/_apis/projects/cbd677f8-2300-4c22-b049-ba631347c447","state":"wellFormed","revision":2248,"visibility":"public","lastUpdateTime":"2021-09-03T06:29:58.75Z"}},"buildNumberRevision":2,"project":{"id":"cbd677f8-2300-4c22-b049-ba631347c447","name":"BuildTests","url":"https://dev.azure.com/devops-cli-test-org/_apis/projects/cbd677f8-2300-4c22-b049-ba631347c447","state":"wellFormed","revision":2248,"visibility":"public","lastUpdateTime":"2021-09-03T06:29:58.75Z"},"uri":"vstfs:///Build/Build/21","sourceBranch":"refs/heads/main","sourceVersion":"767c3ab99f6d0a7ad493a14b3b72f13b2d797f20","queue":{"id":1961,"name":"Hosted
        Ubuntu 1604","pool":{"id":8,"name":"Hosted Ubuntu 1604","isHosted":true}},"priority":"normal","reason":"manual","requestedFor":{"displayName":"Devops
        Cli","url":"https://spsprodsin2.vssps.visualstudio.com/Ab5db41ca-f3ef-48ce-a8e3-7d282463dbe2/_apis/Identities/60a59117-a1ed-6677-ab04-b3de5aa38954","_links":{"avatar":{"href":"https://dev.azure.com/devops-cli-test-org/_apis/GraphProfile/MemberAvatars/msa.NjBhNTkxMTctYTFlZC03Njc3LWFiMDQtYjNkZTVhYTM4OTU0"}},"id":"60a59117-a1ed-6677-ab04-b3de5aa38954","uniqueName":"devops-cli@outlook.com","imageUrl":"https://dev.azure.com/devops-cli-test-org/_apis/GraphProfile/MemberAvatars/msa.NjBhNTkxMTctYTFlZC03Njc3LWFiMDQtYjNkZTVhYTM4OTU0","descriptor":"msa.NjBhNTkxMTctYTFlZC03Njc3LWFiMDQtYjNkZTVhYTM4OTU0"},"requestedBy":{"displayName":"Devops
        Cli","url":"https://spsprodsin2.vssps.visualstudio.com/Ab5db41ca-f3ef-48ce-a8e3-7d282463dbe2/_apis/Identities/60a59117-a1ed-6677-ab04-b3de5aa38954","_links":{"avatar":{"href":"https://dev.azure.com/devops-cli-test-org/_apis/GraphProfile/MemberAvatars/msa.NjBhNTkxMTctYTFlZC03Njc3LWFiMDQtYjNkZTVhYTM4OTU0"}},"id":"60a59117-a1ed-6677-ab04-b3de5aa38954","uniqueName":"devops-cli@outlook.com","imageUrl":"https://dev.azure.com/devops-cli-test-org/_apis/GraphProfile/MemberAvatars/msa.NjBhNTkxMTctYTFlZC03Njc3LWFiMDQtYjNkZTVhYTM4OTU0","descriptor":"msa.NjBhNTkxMTctYTFlZC03Njc3LWFiMDQtYjNkZTVhYTM4OTU0"},"lastChangedDate":"2021-09-06T00:23:20.727Z","lastChangedBy":{"displayName":"Microsoft.VisualStudio.Services.TFS","url":"https://spsprodsin2.vssps.visualstudio.com/Ab5db41ca-f3ef-48ce-a8e3-7d282463dbe2/_apis/Identities/00000002-0000-8888-8000-000000000000","_links":{"avatar":{"href":"https://dev.azure.com/devops-cli-test-org/_apis/GraphProfile/MemberAvatars/s2s.MDAwMDAwMDItMDAwMC04ODg4LTgwMDAtMDAwMDAwMDAwMDAwQDJjODk1OTA4LTA0ZTAtNDk1Mi04OWZkLTU0YjAwNDZkNjI4OA"}},"id":"00000002-0000-8888-8000-000000000000","uniqueName":"00000002-0000-8888-8000-000000000000@2c895908-04e0-4952-89fd-54b0046d6288","imageUrl":"https://dev.azure.com/devops-cli-test-org/_apis/GraphProfile/MemberAvatars/s2s.MDAwMDAwMDItMDAwMC04ODg4LTgwMDAtMDAwMDAwMDAwMDAwQDJjODk1OTA4LTA0ZTAtNDk1Mi04OWZkLTU0YjAwNDZkNjI4OA","descriptor":"s2s.MDAwMDAwMDItMDAwMC04ODg4LTgwMDAtMDAwMDAwMDAwMDAwQDJjODk1OTA4LTA0ZTAtNDk1Mi04OWZkLTU0YjAwNDZkNjI4OA"},"orchestrationPlan":{"planId":"0fe745e3-656f-49e0-b47d-0fffb9b4caaf"},"logs":{"id":0,"type":"Container","url":"https://dev.azure.com/devops-cli-test-org/cbd677f8-2300-4c22-b049-ba631347c447/_apis/build/builds/21/logs"},"repository":{"id":"1e9923d1-34f2-4dac-acc7-a5835b8bc0e7","type":"TfsGit","name":"BuildTests","url":"https://dev.azure.com/devops-cli-test-org/BuildTests/_git/BuildTests","clean":null,"checkoutSubmodules":false},"keepForever":false,"retainedByRelease":false,"triggeredByBuild":null},{"_links":{"self":{"href":"https://dev.azure.com/devops-cli-test-org/cbd677f8-2300-4c22-b049-ba631347c447/_apis/build/Builds/20"},"web":{"href":"https://dev.azure.com/devops-cli-test-org/cbd677f8-2300-4c22-b049-ba631347c447/_build/results?buildId=20"},"sourceVersionDisplayUri":{"href":"https://dev.azure.com/devops-cli-test-org/cbd677f8-2300-4c22-b049-ba631347c447/_apis/build/builds/20/sources"},"timeline":{"href":"https://dev.azure.com/devops-cli-test-org/cbd677f8-2300-4c22-b049-ba631347c447/_apis/build/builds/20/Timeline"},"badge":{"href":"https://dev.azure.com/devops-cli-test-org/cbd677f8-2300-4c22-b049-ba631347c447/_apis/build/status/26"}},"properties":{},"tags":[],"validationResults":[],"plans":[{"planId":"bf16fbca-56bc-496f-b568-42ca825e10da"}],"triggerInfo":{},"id":20,"buildNumber":"20210906.1","status":"completed","result":"failed","queueTime":"2021-09-06T00:23:12.9000475Z","startTime":"2021-09-06T00:23:16.976817Z","finishTime":"2021-09-06T00:23:16.976817Z","url":"https://dev.azure.com/devops-cli-test-org/cbd677f8-2300-4c22-b049-ba631347c447/_apis/build/Builds/20","definition":{"drafts":[],"id":26,"name":"BuildTests
        Definition1","url":"https://dev.azure.com/devops-cli-test-org/cbd677f8-2300-4c22-b049-ba631347c447/_apis/build/Definitions/26?revision=2","uri":"vstfs:///Build/Definition/26","path":"\\","type":"build","queueStatus":"enabled","revision":2,"project":{"id":"cbd677f8-2300-4c22-b049-ba631347c447","name":"BuildTests","url":"https://dev.azure.com/devops-cli-test-org/_apis/projects/cbd677f8-2300-4c22-b049-ba631347c447","state":"wellFormed","revision":2248,"visibility":"public","lastUpdateTime":"2021-09-03T06:29:58.75Z"}},"buildNumberRevision":1,"project":{"id":"cbd677f8-2300-4c22-b049-ba631347c447","name":"BuildTests","url":"https://dev.azure.com/devops-cli-test-org/_apis/projects/cbd677f8-2300-4c22-b049-ba631347c447","state":"wellFormed","revision":2248,"visibility":"public","lastUpdateTime":"2021-09-03T06:29:58.75Z"},"uri":"vstfs:///Build/Build/20","sourceBranch":"refs/heads/main","sourceVersion":"767c3ab99f6d0a7ad493a14b3b72f13b2d797f20","queue":{"id":1961,"name":"Hosted
        Ubuntu 1604","pool":{"id":8,"name":"Hosted Ubuntu 1604","isHosted":true}},"priority":"normal","reason":"manual","requestedFor":{"displayName":"Devops
        Cli","url":"https://spsprodsin2.vssps.visualstudio.com/Ab5db41ca-f3ef-48ce-a8e3-7d282463dbe2/_apis/Identities/60a59117-a1ed-6677-ab04-b3de5aa38954","_links":{"avatar":{"href":"https://dev.azure.com/devops-cli-test-org/_apis/GraphProfile/MemberAvatars/msa.NjBhNTkxMTctYTFlZC03Njc3LWFiMDQtYjNkZTVhYTM4OTU0"}},"id":"60a59117-a1ed-6677-ab04-b3de5aa38954","uniqueName":"devops-cli@outlook.com","imageUrl":"https://dev.azure.com/devops-cli-test-org/_apis/GraphProfile/MemberAvatars/msa.NjBhNTkxMTctYTFlZC03Njc3LWFiMDQtYjNkZTVhYTM4OTU0","descriptor":"msa.NjBhNTkxMTctYTFlZC03Njc3LWFiMDQtYjNkZTVhYTM4OTU0"},"requestedBy":{"displayName":"Devops
        Cli","url":"https://spsprodsin2.vssps.visualstudio.com/Ab5db41ca-f3ef-48ce-a8e3-7d282463dbe2/_apis/Identities/60a59117-a1ed-6677-ab04-b3de5aa38954","_links":{"avatar":{"href":"https://dev.azure.com/devops-cli-test-org/_apis/GraphProfile/MemberAvatars/msa.NjBhNTkxMTctYTFlZC03Njc3LWFiMDQtYjNkZTVhYTM4OTU0"}},"id":"60a59117-a1ed-6677-ab04-b3de5aa38954","uniqueName":"devops-cli@outlook.com","imageUrl":"https://dev.azure.com/devops-cli-test-org/_apis/GraphProfile/MemberAvatars/msa.NjBhNTkxMTctYTFlZC03Njc3LWFiMDQtYjNkZTVhYTM4OTU0","descriptor":"msa.NjBhNTkxMTctYTFlZC03Njc3LWFiMDQtYjNkZTVhYTM4OTU0"},"lastChangedDate":"2021-09-06T00:23:17.377Z","lastChangedBy":{"displayName":"Microsoft.VisualStudio.Services.TFS","url":"https://spsprodsin2.vssps.visualstudio.com/Ab5db41ca-f3ef-48ce-a8e3-7d282463dbe2/_apis/Identities/00000002-0000-8888-8000-000000000000","_links":{"avatar":{"href":"https://dev.azure.com/devops-cli-test-org/_apis/GraphProfile/MemberAvatars/s2s.MDAwMDAwMDItMDAwMC04ODg4LTgwMDAtMDAwMDAwMDAwMDAwQDJjODk1OTA4LTA0ZTAtNDk1Mi04OWZkLTU0YjAwNDZkNjI4OA"}},"id":"00000002-0000-8888-8000-000000000000","uniqueName":"00000002-0000-8888-8000-000000000000@2c895908-04e0-4952-89fd-54b0046d6288","imageUrl":"https://dev.azure.com/devops-cli-test-org/_apis/GraphProfile/MemberAvatars/s2s.MDAwMDAwMDItMDAwMC04ODg4LTgwMDAtMDAwMDAwMDAwMDAwQDJjODk1OTA4LTA0ZTAtNDk1Mi04OWZkLTU0YjAwNDZkNjI4OA","descriptor":"s2s.MDAwMDAwMDItMDAwMC04ODg4LTgwMDAtMDAwMDAwMDAwMDAwQDJjODk1OTA4LTA0ZTAtNDk1Mi04OWZkLTU0YjAwNDZkNjI4OA"},"orchestrationPlan":{"planId":"bf16fbca-56bc-496f-b568-42ca825e10da"},"logs":{"id":0,"type":"Container","url":"https://dev.azure.com/devops-cli-test-org/cbd677f8-2300-4c22-b049-ba631347c447/_apis/build/builds/20/logs"},"repository":{"id":"1e9923d1-34f2-4dac-acc7-a5835b8bc0e7","type":"TfsGit","name":"BuildTests","url":"https://dev.azure.com/devops-cli-test-org/BuildTests/_git/BuildTests","clean":null,"checkoutSubmodules":false},"keepForever":false,"retainedByRelease":false,"triggeredByBuild":null},{"_links":{"self":{"href":"https://dev.azure.com/devops-cli-test-org/cbd677f8-2300-4c22-b049-ba631347c447/_apis/build/Builds/18"},"web":{"href":"https://dev.azure.com/devops-cli-test-org/cbd677f8-2300-4c22-b049-ba631347c447/_build/results?buildId=18"},"sourceVersionDisplayUri":{"href":"https://dev.azure.com/devops-cli-test-org/cbd677f8-2300-4c22-b049-ba631347c447/_apis/build/builds/18/sources"},"timeline":{"href":"https://dev.azure.com/devops-cli-test-org/cbd677f8-2300-4c22-b049-ba631347c447/_apis/build/builds/18/Timeline"},"badge":{"href":"https://dev.azure.com/devops-cli-test-org/cbd677f8-2300-4c22-b049-ba631347c447/_apis/build/status/26"}},"properties":{},"tags":[],"validationResults":[],"plans":[{"planId":"5d29df0f-4233-4bca-9db3-809f46909c98"}],"triggerInfo":{},"id":18,"buildNumber":"20210905.2","status":"completed","result":"failed","queueTime":"2021-09-05T00:23:20.0739058Z","startTime":"2021-09-05T00:23:24.3075375Z","finishTime":"2021-09-05T00:23:24.3075375Z","url":"https://dev.azure.com/devops-cli-test-org/cbd677f8-2300-4c22-b049-ba631347c447/_apis/build/Builds/18","definition":{"drafts":[],"id":26,"name":"BuildTests
        Definition1","url":"https://dev.azure.com/devops-cli-test-org/cbd677f8-2300-4c22-b049-ba631347c447/_apis/build/Definitions/26?revision=2","uri":"vstfs:///Build/Definition/26","path":"\\","type":"build","queueStatus":"enabled","revision":2,"project":{"id":"cbd677f8-2300-4c22-b049-ba631347c447","name":"BuildTests","url":"https://dev.azure.com/devops-cli-test-org/_apis/projects/cbd677f8-2300-4c22-b049-ba631347c447","state":"wellFormed","revision":2248,"visibility":"public","lastUpdateTime":"2021-09-03T06:29:58.75Z"}},"buildNumberRevision":2,"project":{"id":"cbd677f8-2300-4c22-b049-ba631347c447","name":"BuildTests","url":"https://dev.azure.com/devops-cli-test-org/_apis/projects/cbd677f8-2300-4c22-b049-ba631347c447","state":"wellFormed","revision":2248,"visibility":"public","lastUpdateTime":"2021-09-03T06:29:58.75Z"},"uri":"vstfs:///Build/Build/18","sourceBranch":"refs/heads/main","sourceVersion":"767c3ab99f6d0a7ad493a14b3b72f13b2d797f20","queue":{"id":1961,"name":"Hosted
        Ubuntu 1604","pool":{"id":8,"name":"Hosted Ubuntu 1604","isHosted":true}},"priority":"normal","reason":"manual","requestedFor":{"displayName":"Devops
        Cli","url":"https://spsprodsin2.vssps.visualstudio.com/Ab5db41ca-f3ef-48ce-a8e3-7d282463dbe2/_apis/Identities/60a59117-a1ed-6677-ab04-b3de5aa38954","_links":{"avatar":{"href":"https://dev.azure.com/devops-cli-test-org/_apis/GraphProfile/MemberAvatars/msa.NjBhNTkxMTctYTFlZC03Njc3LWFiMDQtYjNkZTVhYTM4OTU0"}},"id":"60a59117-a1ed-6677-ab04-b3de5aa38954","uniqueName":"devops-cli@outlook.com","imageUrl":"https://dev.azure.com/devops-cli-test-org/_apis/GraphProfile/MemberAvatars/msa.NjBhNTkxMTctYTFlZC03Njc3LWFiMDQtYjNkZTVhYTM4OTU0","descriptor":"msa.NjBhNTkxMTctYTFlZC03Njc3LWFiMDQtYjNkZTVhYTM4OTU0"},"requestedBy":{"displayName":"Devops
        Cli","url":"https://spsprodsin2.vssps.visualstudio.com/Ab5db41ca-f3ef-48ce-a8e3-7d282463dbe2/_apis/Identities/60a59117-a1ed-6677-ab04-b3de5aa38954","_links":{"avatar":{"href":"https://dev.azure.com/devops-cli-test-org/_apis/GraphProfile/MemberAvatars/msa.NjBhNTkxMTctYTFlZC03Njc3LWFiMDQtYjNkZTVhYTM4OTU0"}},"id":"60a59117-a1ed-6677-ab04-b3de5aa38954","uniqueName":"devops-cli@outlook.com","imageUrl":"https://dev.azure.com/devops-cli-test-org/_apis/GraphProfile/MemberAvatars/msa.NjBhNTkxMTctYTFlZC03Njc3LWFiMDQtYjNkZTVhYTM4OTU0","descriptor":"msa.NjBhNTkxMTctYTFlZC03Njc3LWFiMDQtYjNkZTVhYTM4OTU0"},"lastChangedDate":"2021-09-05T00:23:24.627Z","lastChangedBy":{"displayName":"Microsoft.VisualStudio.Services.TFS","url":"https://spsprodsin2.vssps.visualstudio.com/Ab5db41ca-f3ef-48ce-a8e3-7d282463dbe2/_apis/Identities/00000002-0000-8888-8000-000000000000","_links":{"avatar":{"href":"https://dev.azure.com/devops-cli-test-org/_apis/GraphProfile/MemberAvatars/s2s.MDAwMDAwMDItMDAwMC04ODg4LTgwMDAtMDAwMDAwMDAwMDAwQDJjODk1OTA4LTA0ZTAtNDk1Mi04OWZkLTU0YjAwNDZkNjI4OA"}},"id":"00000002-0000-8888-8000-000000000000","uniqueName":"00000002-0000-8888-8000-000000000000@2c895908-04e0-4952-89fd-54b0046d6288","imageUrl":"https://dev.azure.com/devops-cli-test-org/_apis/GraphProfile/MemberAvatars/s2s.MDAwMDAwMDItMDAwMC04ODg4LTgwMDAtMDAwMDAwMDAwMDAwQDJjODk1OTA4LTA0ZTAtNDk1Mi04OWZkLTU0YjAwNDZkNjI4OA","descriptor":"s2s.MDAwMDAwMDItMDAwMC04ODg4LTgwMDAtMDAwMDAwMDAwMDAwQDJjODk1OTA4LTA0ZTAtNDk1Mi04OWZkLTU0YjAwNDZkNjI4OA"},"orchestrationPlan":{"planId":"5d29df0f-4233-4bca-9db3-809f46909c98"},"logs":{"id":0,"type":"Container","url":"https://dev.azure.com/devops-cli-test-org/cbd677f8-2300-4c22-b049-ba631347c447/_apis/build/builds/18/logs"},"repository":{"id":"1e9923d1-34f2-4dac-acc7-a5835b8bc0e7","type":"TfsGit","name":"BuildTests","url":"https://dev.azure.com/devops-cli-test-org/BuildTests/_git/BuildTests","clean":null,"checkoutSubmodules":false},"keepForever":false,"retainedByRelease":false,"triggeredByBuild":null},{"_links":{"self":{"href":"https://dev.azure.com/devops-cli-test-org/cbd677f8-2300-4c22-b049-ba631347c447/_apis/build/Builds/17"},"web":{"href":"https://dev.azure.com/devops-cli-test-org/cbd677f8-2300-4c22-b049-ba631347c447/_build/results?buildId=17"},"sourceVersionDisplayUri":{"href":"https://dev.azure.com/devops-cli-test-org/cbd677f8-2300-4c22-b049-ba631347c447/_apis/build/builds/17/sources"},"timeline":{"href":"https://dev.azure.com/devops-cli-test-org/cbd677f8-2300-4c22-b049-ba631347c447/_apis/build/builds/17/Timeline"},"badge":{"href":"https://dev.azure.com/devops-cli-test-org/cbd677f8-2300-4c22-b049-ba631347c447/_apis/build/status/26"}},"properties":{},"tags":[],"validationResults":[],"plans":[{"planId":"503303b1-f42c-415b-ae4c-a5e5583cb31b"}],"triggerInfo":{},"id":17,"buildNumber":"20210905.1","status":"completed","result":"failed","queueTime":"2021-09-05T00:23:15.799507Z","startTime":"2021-09-05T00:23:20.2581223Z","finishTime":"2021-09-05T00:23:20.2581223Z","url":"https://dev.azure.com/devops-cli-test-org/cbd677f8-2300-4c22-b049-ba631347c447/_apis/build/Builds/17","definition":{"drafts":[],"id":26,"name":"BuildTests
        Definition1","url":"https://dev.azure.com/devops-cli-test-org/cbd677f8-2300-4c22-b049-ba631347c447/_apis/build/Definitions/26?revision=2","uri":"vstfs:///Build/Definition/26","path":"\\","type":"build","queueStatus":"enabled","revision":2,"project":{"id":"cbd677f8-2300-4c22-b049-ba631347c447","name":"BuildTests","url":"https://dev.azure.com/devops-cli-test-org/_apis/projects/cbd677f8-2300-4c22-b049-ba631347c447","state":"wellFormed","revision":2248,"visibility":"public","lastUpdateTime":"2021-09-03T06:29:58.75Z"}},"buildNumberRevision":1,"project":{"id":"cbd677f8-2300-4c22-b049-ba631347c447","name":"BuildTests","url":"https://dev.azure.com/devops-cli-test-org/_apis/projects/cbd677f8-2300-4c22-b049-ba631347c447","state":"wellFormed","revision":2248,"visibility":"public","lastUpdateTime":"2021-09-03T06:29:58.75Z"},"uri":"vstfs:///Build/Build/17","sourceBranch":"refs/heads/main","sourceVersion":"767c3ab99f6d0a7ad493a14b3b72f13b2d797f20","queue":{"id":1961,"name":"Hosted
        Ubuntu 1604","pool":{"id":8,"name":"Hosted Ubuntu 1604","isHosted":true}},"priority":"normal","reason":"manual","requestedFor":{"displayName":"Devops
        Cli","url":"https://spsprodsin2.vssps.visualstudio.com/Ab5db41ca-f3ef-48ce-a8e3-7d282463dbe2/_apis/Identities/60a59117-a1ed-6677-ab04-b3de5aa38954","_links":{"avatar":{"href":"https://dev.azure.com/devops-cli-test-org/_apis/GraphProfile/MemberAvatars/msa.NjBhNTkxMTctYTFlZC03Njc3LWFiMDQtYjNkZTVhYTM4OTU0"}},"id":"60a59117-a1ed-6677-ab04-b3de5aa38954","uniqueName":"devops-cli@outlook.com","imageUrl":"https://dev.azure.com/devops-cli-test-org/_apis/GraphProfile/MemberAvatars/msa.NjBhNTkxMTctYTFlZC03Njc3LWFiMDQtYjNkZTVhYTM4OTU0","descriptor":"msa.NjBhNTkxMTctYTFlZC03Njc3LWFiMDQtYjNkZTVhYTM4OTU0"},"requestedBy":{"displayName":"Devops
        Cli","url":"https://spsprodsin2.vssps.visualstudio.com/Ab5db41ca-f3ef-48ce-a8e3-7d282463dbe2/_apis/Identities/60a59117-a1ed-6677-ab04-b3de5aa38954","_links":{"avatar":{"href":"https://dev.azure.com/devops-cli-test-org/_apis/GraphProfile/MemberAvatars/msa.NjBhNTkxMTctYTFlZC03Njc3LWFiMDQtYjNkZTVhYTM4OTU0"}},"id":"60a59117-a1ed-6677-ab04-b3de5aa38954","uniqueName":"devops-cli@outlook.com","imageUrl":"https://dev.azure.com/devops-cli-test-org/_apis/GraphProfile/MemberAvatars/msa.NjBhNTkxMTctYTFlZC03Njc3LWFiMDQtYjNkZTVhYTM4OTU0","descriptor":"msa.NjBhNTkxMTctYTFlZC03Njc3LWFiMDQtYjNkZTVhYTM4OTU0"},"lastChangedDate":"2021-09-05T00:23:20.46Z","lastChangedBy":{"displayName":"Microsoft.VisualStudio.Services.TFS","url":"https://spsprodsin2.vssps.visualstudio.com/Ab5db41ca-f3ef-48ce-a8e3-7d282463dbe2/_apis/Identities/00000002-0000-8888-8000-000000000000","_links":{"avatar":{"href":"https://dev.azure.com/devops-cli-test-org/_apis/GraphProfile/MemberAvatars/s2s.MDAwMDAwMDItMDAwMC04ODg4LTgwMDAtMDAwMDAwMDAwMDAwQDJjODk1OTA4LTA0ZTAtNDk1Mi04OWZkLTU0YjAwNDZkNjI4OA"}},"id":"00000002-0000-8888-8000-000000000000","uniqueName":"00000002-0000-8888-8000-000000000000@2c895908-04e0-4952-89fd-54b0046d6288","imageUrl":"https://dev.azure.com/devops-cli-test-org/_apis/GraphProfile/MemberAvatars/s2s.MDAwMDAwMDItMDAwMC04ODg4LTgwMDAtMDAwMDAwMDAwMDAwQDJjODk1OTA4LTA0ZTAtNDk1Mi04OWZkLTU0YjAwNDZkNjI4OA","descriptor":"s2s.MDAwMDAwMDItMDAwMC04ODg4LTgwMDAtMDAwMDAwMDAwMDAwQDJjODk1OTA4LTA0ZTAtNDk1Mi04OWZkLTU0YjAwNDZkNjI4OA"},"orchestrationPlan":{"planId":"503303b1-f42c-415b-ae4c-a5e5583cb31b"},"logs":{"id":0,"type":"Container","url":"https://dev.azure.com/devops-cli-test-org/cbd677f8-2300-4c22-b049-ba631347c447/_apis/build/builds/17/logs"},"repository":{"id":"1e9923d1-34f2-4dac-acc7-a5835b8bc0e7","type":"TfsGit","name":"BuildTests","url":"https://dev.azure.com/devops-cli-test-org/BuildTests/_git/BuildTests","clean":null,"checkoutSubmodules":false},"keepForever":false,"retainedByRelease":false,"triggeredByBuild":null},{"_links":{"self":{"href":"https://dev.azure.com/devops-cli-test-org/cbd677f8-2300-4c22-b049-ba631347c447/_apis/build/Builds/15"},"web":{"href":"https://dev.azure.com/devops-cli-test-org/cbd677f8-2300-4c22-b049-ba631347c447/_build/results?buildId=15"},"sourceVersionDisplayUri":{"href":"https://dev.azure.com/devops-cli-test-org/cbd677f8-2300-4c22-b049-ba631347c447/_apis/build/builds/15/sources"},"timeline":{"href":"https://dev.azure.com/devops-cli-test-org/cbd677f8-2300-4c22-b049-ba631347c447/_apis/build/builds/15/Timeline"},"badge":{"href":"https://dev.azure.com/devops-cli-test-org/cbd677f8-2300-4c22-b049-ba631347c447/_apis/build/status/26"}},"properties":{},"tags":[],"validationResults":[],"plans":[{"planId":"d9be854a-2bc0-4f34-999c-5d4cdba7d32a"}],"triggerInfo":{},"id":15,"buildNumber":"20210904.2","status":"completed","result":"failed","queueTime":"2021-09-04T00:14:49.7200203Z","startTime":"2021-09-04T00:14:53.3373717Z","finishTime":"2021-09-04T00:14:53.3373717Z","url":"https://dev.azure.com/devops-cli-test-org/cbd677f8-2300-4c22-b049-ba631347c447/_apis/build/Builds/15","definition":{"drafts":[],"id":26,"name":"BuildTests
        Definition1","url":"https://dev.azure.com/devops-cli-test-org/cbd677f8-2300-4c22-b049-ba631347c447/_apis/build/Definitions/26?revision=2","uri":"vstfs:///Build/Definition/26","path":"\\","type":"build","queueStatus":"enabled","revision":2,"project":{"id":"cbd677f8-2300-4c22-b049-ba631347c447","name":"BuildTests","url":"https://dev.azure.com/devops-cli-test-org/_apis/projects/cbd677f8-2300-4c22-b049-ba631347c447","state":"wellFormed","revision":2248,"visibility":"public","lastUpdateTime":"2021-09-03T06:29:58.75Z"}},"buildNumberRevision":2,"project":{"id":"cbd677f8-2300-4c22-b049-ba631347c447","name":"BuildTests","url":"https://dev.azure.com/devops-cli-test-org/_apis/projects/cbd677f8-2300-4c22-b049-ba631347c447","state":"wellFormed","revision":2248,"visibility":"public","lastUpdateTime":"2021-09-03T06:29:58.75Z"},"uri":"vstfs:///Build/Build/15","sourceBranch":"refs/heads/main","sourceVersion":"767c3ab99f6d0a7ad493a14b3b72f13b2d797f20","queue":{"id":1961,"name":"Hosted
        Ubuntu 1604","pool":{"id":8,"name":"Hosted Ubuntu 1604","isHosted":true}},"priority":"normal","reason":"manual","requestedFor":{"displayName":"Devops
        Cli","url":"https://spsprodsin2.vssps.visualstudio.com/Ab5db41ca-f3ef-48ce-a8e3-7d282463dbe2/_apis/Identities/60a59117-a1ed-6677-ab04-b3de5aa38954","_links":{"avatar":{"href":"https://dev.azure.com/devops-cli-test-org/_apis/GraphProfile/MemberAvatars/msa.NjBhNTkxMTctYTFlZC03Njc3LWFiMDQtYjNkZTVhYTM4OTU0"}},"id":"60a59117-a1ed-6677-ab04-b3de5aa38954","uniqueName":"devops-cli@outlook.com","imageUrl":"https://dev.azure.com/devops-cli-test-org/_apis/GraphProfile/MemberAvatars/msa.NjBhNTkxMTctYTFlZC03Njc3LWFiMDQtYjNkZTVhYTM4OTU0","descriptor":"msa.NjBhNTkxMTctYTFlZC03Njc3LWFiMDQtYjNkZTVhYTM4OTU0"},"requestedBy":{"displayName":"Devops
        Cli","url":"https://spsprodsin2.vssps.visualstudio.com/Ab5db41ca-f3ef-48ce-a8e3-7d282463dbe2/_apis/Identities/60a59117-a1ed-6677-ab04-b3de5aa38954","_links":{"avatar":{"href":"https://dev.azure.com/devops-cli-test-org/_apis/GraphProfile/MemberAvatars/msa.NjBhNTkxMTctYTFlZC03Njc3LWFiMDQtYjNkZTVhYTM4OTU0"}},"id":"60a59117-a1ed-6677-ab04-b3de5aa38954","uniqueName":"devops-cli@outlook.com","imageUrl":"https://dev.azure.com/devops-cli-test-org/_apis/GraphProfile/MemberAvatars/msa.NjBhNTkxMTctYTFlZC03Njc3LWFiMDQtYjNkZTVhYTM4OTU0","descriptor":"msa.NjBhNTkxMTctYTFlZC03Njc3LWFiMDQtYjNkZTVhYTM4OTU0"},"lastChangedDate":"2021-09-04T00:14:53.543Z","lastChangedBy":{"displayName":"Microsoft.VisualStudio.Services.TFS","url":"https://spsprodsin2.vssps.visualstudio.com/Ab5db41ca-f3ef-48ce-a8e3-7d282463dbe2/_apis/Identities/00000002-0000-8888-8000-000000000000","_links":{"avatar":{"href":"https://dev.azure.com/devops-cli-test-org/_apis/GraphProfile/MemberAvatars/s2s.MDAwMDAwMDItMDAwMC04ODg4LTgwMDAtMDAwMDAwMDAwMDAwQDJjODk1OTA4LTA0ZTAtNDk1Mi04OWZkLTU0YjAwNDZkNjI4OA"}},"id":"00000002-0000-8888-8000-000000000000","uniqueName":"00000002-0000-8888-8000-000000000000@2c895908-04e0-4952-89fd-54b0046d6288","imageUrl":"https://dev.azure.com/devops-cli-test-org/_apis/GraphProfile/MemberAvatars/s2s.MDAwMDAwMDItMDAwMC04ODg4LTgwMDAtMDAwMDAwMDAwMDAwQDJjODk1OTA4LTA0ZTAtNDk1Mi04OWZkLTU0YjAwNDZkNjI4OA","descriptor":"s2s.MDAwMDAwMDItMDAwMC04ODg4LTgwMDAtMDAwMDAwMDAwMDAwQDJjODk1OTA4LTA0ZTAtNDk1Mi04OWZkLTU0YjAwNDZkNjI4OA"},"orchestrationPlan":{"planId":"d9be854a-2bc0-4f34-999c-5d4cdba7d32a"},"logs":{"id":0,"type":"Container","url":"https://dev.azure.com/devops-cli-test-org/cbd677f8-2300-4c22-b049-ba631347c447/_apis/build/builds/15/logs"},"repository":{"id":"1e9923d1-34f2-4dac-acc7-a5835b8bc0e7","type":"TfsGit","name":"BuildTests","url":"https://dev.azure.com/devops-cli-test-org/BuildTests/_git/BuildTests","clean":null,"checkoutSubmodules":false},"keepForever":false,"retainedByRelease":false,"triggeredByBuild":null},{"_links":{"self":{"href":"https://dev.azure.com/devops-cli-test-org/cbd677f8-2300-4c22-b049-ba631347c447/_apis/build/Builds/14"},"web":{"href":"https://dev.azure.com/devops-cli-test-org/cbd677f8-2300-4c22-b049-ba631347c447/_build/results?buildId=14"},"sourceVersionDisplayUri":{"href":"https://dev.azure.com/devops-cli-test-org/cbd677f8-2300-4c22-b049-ba631347c447/_apis/build/builds/14/sources"},"timeline":{"href":"https://dev.azure.com/devops-cli-test-org/cbd677f8-2300-4c22-b049-ba631347c447/_apis/build/builds/14/Timeline"},"badge":{"href":"https://dev.azure.com/devops-cli-test-org/cbd677f8-2300-4c22-b049-ba631347c447/_apis/build/status/26"}},"properties":{},"tags":[],"validationResults":[],"plans":[{"planId":"e77315ff-eb5b-482e-9f30-59d833eb49d9"}],"triggerInfo":{},"id":14,"buildNumber":"20210904.1","status":"completed","result":"failed","queueTime":"2021-09-04T00:14:43.7621436Z","startTime":"2021-09-04T00:14:49.6210848Z","finishTime":"2021-09-04T00:14:49.6210848Z","url":"https://dev.azure.com/devops-cli-test-org/cbd677f8-2300-4c22-b049-ba631347c447/_apis/build/Builds/14","definition":{"drafts":[],"id":26,"name":"BuildTests
        Definition1","url":"https://dev.azure.com/devops-cli-test-org/cbd677f8-2300-4c22-b049-ba631347c447/_apis/build/Definitions/26?revision=2","uri":"vstfs:///Build/Definition/26","path":"\\","type":"build","queueStatus":"enabled","revision":2,"project":{"id":"cbd677f8-2300-4c22-b049-ba631347c447","name":"BuildTests","url":"https://dev.azure.com/devops-cli-test-org/_apis/projects/cbd677f8-2300-4c22-b049-ba631347c447","state":"wellFormed","revision":2248,"visibility":"public","lastUpdateTime":"2021-09-03T06:29:58.75Z"}},"buildNumberRevision":1,"project":{"id":"cbd677f8-2300-4c22-b049-ba631347c447","name":"BuildTests","url":"https://dev.azure.com/devops-cli-test-org/_apis/projects/cbd677f8-2300-4c22-b049-ba631347c447","state":"wellFormed","revision":2248,"visibility":"public","lastUpdateTime":"2021-09-03T06:29:58.75Z"},"uri":"vstfs:///Build/Build/14","sourceBranch":"refs/heads/main","sourceVersion":"767c3ab99f6d0a7ad493a14b3b72f13b2d797f20","queue":{"id":1961,"name":"Hosted
        Ubuntu 1604","pool":{"id":8,"name":"Hosted Ubuntu 1604","isHosted":true}},"priority":"normal","reason":"manual","requestedFor":{"displayName":"Devops
        Cli","url":"https://spsprodsin2.vssps.visualstudio.com/Ab5db41ca-f3ef-48ce-a8e3-7d282463dbe2/_apis/Identities/60a59117-a1ed-6677-ab04-b3de5aa38954","_links":{"avatar":{"href":"https://dev.azure.com/devops-cli-test-org/_apis/GraphProfile/MemberAvatars/msa.NjBhNTkxMTctYTFlZC03Njc3LWFiMDQtYjNkZTVhYTM4OTU0"}},"id":"60a59117-a1ed-6677-ab04-b3de5aa38954","uniqueName":"devops-cli@outlook.com","imageUrl":"https://dev.azure.com/devops-cli-test-org/_apis/GraphProfile/MemberAvatars/msa.NjBhNTkxMTctYTFlZC03Njc3LWFiMDQtYjNkZTVhYTM4OTU0","descriptor":"msa.NjBhNTkxMTctYTFlZC03Njc3LWFiMDQtYjNkZTVhYTM4OTU0"},"requestedBy":{"displayName":"Devops
        Cli","url":"https://spsprodsin2.vssps.visualstudio.com/Ab5db41ca-f3ef-48ce-a8e3-7d282463dbe2/_apis/Identities/60a59117-a1ed-6677-ab04-b3de5aa38954","_links":{"avatar":{"href":"https://dev.azure.com/devops-cli-test-org/_apis/GraphProfile/MemberAvatars/msa.NjBhNTkxMTctYTFlZC03Njc3LWFiMDQtYjNkZTVhYTM4OTU0"}},"id":"60a59117-a1ed-6677-ab04-b3de5aa38954","uniqueName":"devops-cli@outlook.com","imageUrl":"https://dev.azure.com/devops-cli-test-org/_apis/GraphProfile/MemberAvatars/msa.NjBhNTkxMTctYTFlZC03Njc3LWFiMDQtYjNkZTVhYTM4OTU0","descriptor":"msa.NjBhNTkxMTctYTFlZC03Njc3LWFiMDQtYjNkZTVhYTM4OTU0"},"lastChangedDate":"2021-09-04T00:14:50.097Z","lastChangedBy":{"displayName":"Microsoft.VisualStudio.Services.TFS","url":"https://spsprodsin2.vssps.visualstudio.com/Ab5db41ca-f3ef-48ce-a8e3-7d282463dbe2/_apis/Identities/00000002-0000-8888-8000-000000000000","_links":{"avatar":{"href":"https://dev.azure.com/devops-cli-test-org/_apis/GraphProfile/MemberAvatars/s2s.MDAwMDAwMDItMDAwMC04ODg4LTgwMDAtMDAwMDAwMDAwMDAwQDJjODk1OTA4LTA0ZTAtNDk1Mi04OWZkLTU0YjAwNDZkNjI4OA"}},"id":"00000002-0000-8888-8000-000000000000","uniqueName":"00000002-0000-8888-8000-000000000000@2c895908-04e0-4952-89fd-54b0046d6288","imageUrl":"https://dev.azure.com/devops-cli-test-org/_apis/GraphProfile/MemberAvatars/s2s.MDAwMDAwMDItMDAwMC04ODg4LTgwMDAtMDAwMDAwMDAwMDAwQDJjODk1OTA4LTA0ZTAtNDk1Mi04OWZkLTU0YjAwNDZkNjI4OA","descriptor":"s2s.MDAwMDAwMDItMDAwMC04ODg4LTgwMDAtMDAwMDAwMDAwMDAwQDJjODk1OTA4LTA0ZTAtNDk1Mi04OWZkLTU0YjAwNDZkNjI4OA"},"orchestrationPlan":{"planId":"e77315ff-eb5b-482e-9f30-59d833eb49d9"},"logs":{"id":0,"type":"Container","url":"https://dev.azure.com/devops-cli-test-org/cbd677f8-2300-4c22-b049-ba631347c447/_apis/build/builds/14/logs"},"repository":{"id":"1e9923d1-34f2-4dac-acc7-a5835b8bc0e7","type":"TfsGit","name":"BuildTests","url":"https://dev.azure.com/devops-cli-test-org/BuildTests/_git/BuildTests","clean":null,"checkoutSubmodules":false},"keepForever":false,"retainedByRelease":false,"triggeredByBuild":null},{"_links":{"self":{"href":"https://dev.azure.com/devops-cli-test-org/cbd677f8-2300-4c22-b049-ba631347c447/_apis/build/Builds/13"},"web":{"href":"https://dev.azure.com/devops-cli-test-org/cbd677f8-2300-4c22-b049-ba631347c447/_build/results?buildId=13"},"sourceVersionDisplayUri":{"href":"https://dev.azure.com/devops-cli-test-org/cbd677f8-2300-4c22-b049-ba631347c447/_apis/build/builds/13/sources"},"timeline":{"href":"https://dev.azure.com/devops-cli-test-org/cbd677f8-2300-4c22-b049-ba631347c447/_apis/build/builds/13/Timeline"},"badge":{"href":"https://dev.azure.com/devops-cli-test-org/cbd677f8-2300-4c22-b049-ba631347c447/_apis/build/status/26"}},"properties":{},"tags":[],"validationResults":[],"plans":[{"planId":"455f0ac0-7fa6-47cc-946f-88c8fb27a0b6"}],"triggerInfo":{},"id":13,"buildNumber":"20210903.2","status":"completed","result":"failed","queueTime":"2021-09-03T06:54:46.7526834Z","startTime":"2021-09-03T06:54:51.9601925Z","finishTime":"2021-09-03T06:54:51.9601925Z","url":"https://dev.azure.com/devops-cli-test-org/cbd677f8-2300-4c22-b049-ba631347c447/_apis/build/Builds/13","definition":{"drafts":[],"id":26,"name":"BuildTests
        Definition1","url":"https://dev.azure.com/devops-cli-test-org/cbd677f8-2300-4c22-b049-ba631347c447/_apis/build/Definitions/26?revision=2","uri":"vstfs:///Build/Definition/26","path":"\\","type":"build","queueStatus":"enabled","revision":2,"project":{"id":"cbd677f8-2300-4c22-b049-ba631347c447","name":"BuildTests","url":"https://dev.azure.com/devops-cli-test-org/_apis/projects/cbd677f8-2300-4c22-b049-ba631347c447","state":"wellFormed","revision":2248,"visibility":"public","lastUpdateTime":"2021-09-03T06:29:58.75Z"}},"buildNumberRevision":2,"project":{"id":"cbd677f8-2300-4c22-b049-ba631347c447","name":"BuildTests","url":"https://dev.azure.com/devops-cli-test-org/_apis/projects/cbd677f8-2300-4c22-b049-ba631347c447","state":"wellFormed","revision":2248,"visibility":"public","lastUpdateTime":"2021-09-03T06:29:58.75Z"},"uri":"vstfs:///Build/Build/13","sourceBranch":"refs/heads/main","sourceVersion":"767c3ab99f6d0a7ad493a14b3b72f13b2d797f20","queue":{"id":1961,"name":"Hosted
        Ubuntu 1604","pool":{"id":8,"name":"Hosted Ubuntu 1604","isHosted":true}},"priority":"normal","reason":"manual","requestedFor":{"displayName":"Devops
        Cli","url":"https://spsprodsin2.vssps.visualstudio.com/Ab5db41ca-f3ef-48ce-a8e3-7d282463dbe2/_apis/Identities/60a59117-a1ed-6677-ab04-b3de5aa38954","_links":{"avatar":{"href":"https://dev.azure.com/devops-cli-test-org/_apis/GraphProfile/MemberAvatars/msa.NjBhNTkxMTctYTFlZC03Njc3LWFiMDQtYjNkZTVhYTM4OTU0"}},"id":"60a59117-a1ed-6677-ab04-b3de5aa38954","uniqueName":"devops-cli@outlook.com","imageUrl":"https://dev.azure.com/devops-cli-test-org/_apis/GraphProfile/MemberAvatars/msa.NjBhNTkxMTctYTFlZC03Njc3LWFiMDQtYjNkZTVhYTM4OTU0","descriptor":"msa.NjBhNTkxMTctYTFlZC03Njc3LWFiMDQtYjNkZTVhYTM4OTU0"},"requestedBy":{"displayName":"Devops
        Cli","url":"https://spsprodsin2.vssps.visualstudio.com/Ab5db41ca-f3ef-48ce-a8e3-7d282463dbe2/_apis/Identities/60a59117-a1ed-6677-ab04-b3de5aa38954","_links":{"avatar":{"href":"https://dev.azure.com/devops-cli-test-org/_apis/GraphProfile/MemberAvatars/msa.NjBhNTkxMTctYTFlZC03Njc3LWFiMDQtYjNkZTVhYTM4OTU0"}},"id":"60a59117-a1ed-6677-ab04-b3de5aa38954","uniqueName":"devops-cli@outlook.com","imageUrl":"https://dev.azure.com/devops-cli-test-org/_apis/GraphProfile/MemberAvatars/msa.NjBhNTkxMTctYTFlZC03Njc3LWFiMDQtYjNkZTVhYTM4OTU0","descriptor":"msa.NjBhNTkxMTctYTFlZC03Njc3LWFiMDQtYjNkZTVhYTM4OTU0"},"lastChangedDate":"2021-09-03T06:54:52.43Z","lastChangedBy":{"displayName":"Microsoft.VisualStudio.Services.TFS","url":"https://spsprodsin2.vssps.visualstudio.com/Ab5db41ca-f3ef-48ce-a8e3-7d282463dbe2/_apis/Identities/00000002-0000-8888-8000-000000000000","_links":{"avatar":{"href":"https://dev.azure.com/devops-cli-test-org/_apis/GraphProfile/MemberAvatars/s2s.MDAwMDAwMDItMDAwMC04ODg4LTgwMDAtMDAwMDAwMDAwMDAwQDJjODk1OTA4LTA0ZTAtNDk1Mi04OWZkLTU0YjAwNDZkNjI4OA"}},"id":"00000002-0000-8888-8000-000000000000","uniqueName":"00000002-0000-8888-8000-000000000000@2c895908-04e0-4952-89fd-54b0046d6288","imageUrl":"https://dev.azure.com/devops-cli-test-org/_apis/GraphProfile/MemberAvatars/s2s.MDAwMDAwMDItMDAwMC04ODg4LTgwMDAtMDAwMDAwMDAwMDAwQDJjODk1OTA4LTA0ZTAtNDk1Mi04OWZkLTU0YjAwNDZkNjI4OA","descriptor":"s2s.MDAwMDAwMDItMDAwMC04ODg4LTgwMDAtMDAwMDAwMDAwMDAwQDJjODk1OTA4LTA0ZTAtNDk1Mi04OWZkLTU0YjAwNDZkNjI4OA"},"orchestrationPlan":{"planId":"455f0ac0-7fa6-47cc-946f-88c8fb27a0b6"},"logs":{"id":0,"type":"Container","url":"https://dev.azure.com/devops-cli-test-org/cbd677f8-2300-4c22-b049-ba631347c447/_apis/build/builds/13/logs"},"repository":{"id":"1e9923d1-34f2-4dac-acc7-a5835b8bc0e7","type":"TfsGit","name":"BuildTests","url":"https://dev.azure.com/devops-cli-test-org/BuildTests/_git/BuildTests","clean":null,"checkoutSubmodules":false},"keepForever":false,"retainedByRelease":false,"triggeredByBuild":null},{"_links":{"self":{"href":"https://dev.azure.com/devops-cli-test-org/cbd677f8-2300-4c22-b049-ba631347c447/_apis/build/Builds/12"},"web":{"href":"https://dev.azure.com/devops-cli-test-org/cbd677f8-2300-4c22-b049-ba631347c447/_build/results?buildId=12"},"sourceVersionDisplayUri":{"href":"https://dev.azure.com/devops-cli-test-org/cbd677f8-2300-4c22-b049-ba631347c447/_apis/build/builds/12/sources"},"timeline":{"href":"https://dev.azure.com/devops-cli-test-org/cbd677f8-2300-4c22-b049-ba631347c447/_apis/build/builds/12/Timeline"},"badge":{"href":"https://dev.azure.com/devops-cli-test-org/cbd677f8-2300-4c22-b049-ba631347c447/_apis/build/status/26"}},"properties":{},"tags":[],"validationResults":[],"plans":[{"planId":"27519728-d51e-4bdd-a45a-3de079bdbe0e"}],"triggerInfo":{"ci.sourceBranch":"main","ci.sourceSha":"767c3ab99f6d0a7ad493a14b3b72f13b2d797f20","ci.message":"Set
        up CI with Azure Pipelines"},"id":12,"buildNumber":"20210903.1","status":"completed","result":"failed","queueTime":"2021-09-03T06:34:14.6014962Z","startTime":"2021-09-03T06:34:19.9114625Z","finishTime":"2021-09-03T06:34:19.9114625Z","url":"https://dev.azure.com/devops-cli-test-org/cbd677f8-2300-4c22-b049-ba631347c447/_apis/build/Builds/12","definition":{"drafts":[],"id":26,"name":"BuildTests
        Definition1","url":"https://dev.azure.com/devops-cli-test-org/cbd677f8-2300-4c22-b049-ba631347c447/_apis/build/Definitions/26?revision=1","uri":"vstfs:///Build/Definition/26","path":"\\","type":"build","queueStatus":"enabled","revision":1,"project":{"id":"cbd677f8-2300-4c22-b049-ba631347c447","name":"BuildTests","url":"https://dev.azure.com/devops-cli-test-org/_apis/projects/cbd677f8-2300-4c22-b049-ba631347c447","state":"wellFormed","revision":2248,"visibility":"public","lastUpdateTime":"2021-09-03T06:29:58.75Z"}},"buildNumberRevision":1,"project":{"id":"cbd677f8-2300-4c22-b049-ba631347c447","name":"BuildTests","url":"https://dev.azure.com/devops-cli-test-org/_apis/projects/cbd677f8-2300-4c22-b049-ba631347c447","state":"wellFormed","revision":2248,"visibility":"public","lastUpdateTime":"2021-09-03T06:29:58.75Z"},"uri":"vstfs:///Build/Build/12","sourceBranch":"refs/heads/main","sourceVersion":"767c3ab99f6d0a7ad493a14b3b72f13b2d797f20","queue":{"id":1961,"name":"Hosted
        Ubuntu 1604","pool":{"id":8,"name":"Hosted Ubuntu 1604","isHosted":true}},"priority":"normal","reason":"individualCI","requestedFor":{"displayName":"Devops
        Cli","url":"https://spsprodsin2.vssps.visualstudio.com/Ab5db41ca-f3ef-48ce-a8e3-7d282463dbe2/_apis/Identities/60a59117-a1ed-6677-ab04-b3de5aa38954","_links":{"avatar":{"href":"https://dev.azure.com/devops-cli-test-org/_apis/GraphProfile/MemberAvatars/msa.NjBhNTkxMTctYTFlZC03Njc3LWFiMDQtYjNkZTVhYTM4OTU0"}},"id":"60a59117-a1ed-6677-ab04-b3de5aa38954","uniqueName":"devops-cli@outlook.com","imageUrl":"https://dev.azure.com/devops-cli-test-org/_apis/GraphProfile/MemberAvatars/msa.NjBhNTkxMTctYTFlZC03Njc3LWFiMDQtYjNkZTVhYTM4OTU0","descriptor":"msa.NjBhNTkxMTctYTFlZC03Njc3LWFiMDQtYjNkZTVhYTM4OTU0"},"requestedBy":{"displayName":"Devops
        Cli","url":"https://spsprodsin2.vssps.visualstudio.com/Ab5db41ca-f3ef-48ce-a8e3-7d282463dbe2/_apis/Identities/60a59117-a1ed-6677-ab04-b3de5aa38954","_links":{"avatar":{"href":"https://dev.azure.com/devops-cli-test-org/_apis/GraphProfile/MemberAvatars/msa.NjBhNTkxMTctYTFlZC03Njc3LWFiMDQtYjNkZTVhYTM4OTU0"}},"id":"60a59117-a1ed-6677-ab04-b3de5aa38954","uniqueName":"devops-cli@outlook.com","imageUrl":"https://dev.azure.com/devops-cli-test-org/_apis/GraphProfile/MemberAvatars/msa.NjBhNTkxMTctYTFlZC03Njc3LWFiMDQtYjNkZTVhYTM4OTU0","descriptor":"msa.NjBhNTkxMTctYTFlZC03Njc3LWFiMDQtYjNkZTVhYTM4OTU0"},"lastChangedDate":"2021-09-03T06:34:20.447Z","lastChangedBy":{"displayName":"Microsoft.VisualStudio.Services.TFS","url":"https://spsprodsin2.vssps.visualstudio.com/Ab5db41ca-f3ef-48ce-a8e3-7d282463dbe2/_apis/Identities/00000002-0000-8888-8000-000000000000","_links":{"avatar":{"href":"https://dev.azure.com/devops-cli-test-org/_apis/GraphProfile/MemberAvatars/s2s.MDAwMDAwMDItMDAwMC04ODg4LTgwMDAtMDAwMDAwMDAwMDAwQDJjODk1OTA4LTA0ZTAtNDk1Mi04OWZkLTU0YjAwNDZkNjI4OA"}},"id":"00000002-0000-8888-8000-000000000000","uniqueName":"00000002-0000-8888-8000-000000000000@2c895908-04e0-4952-89fd-54b0046d6288","imageUrl":"https://dev.azure.com/devops-cli-test-org/_apis/GraphProfile/MemberAvatars/s2s.MDAwMDAwMDItMDAwMC04ODg4LTgwMDAtMDAwMDAwMDAwMDAwQDJjODk1OTA4LTA0ZTAtNDk1Mi04OWZkLTU0YjAwNDZkNjI4OA","descriptor":"s2s.MDAwMDAwMDItMDAwMC04ODg4LTgwMDAtMDAwMDAwMDAwMDAwQDJjODk1OTA4LTA0ZTAtNDk1Mi04OWZkLTU0YjAwNDZkNjI4OA"},"orchestrationPlan":{"planId":"27519728-d51e-4bdd-a45a-3de079bdbe0e"},"logs":{"id":0,"type":"Container","url":"https://dev.azure.com/devops-cli-test-org/cbd677f8-2300-4c22-b049-ba631347c447/_apis/build/builds/12/logs"},"repository":{"id":"1e9923d1-34f2-4dac-acc7-a5835b8bc0e7","type":"TfsGit","name":"BuildTests","url":"https://dev.azure.com/devops-cli-test-org/BuildTests/_git/BuildTests","clean":null,"checkoutSubmodules":false},"keepForever":false,"retainedByRelease":false,"triggeredByBuild":null}]}'
    headers:
      access-control-expose-headers:
      - Request-Context
      activityid:
      - 5b9c4332-9fae-4b0b-9e0f-01aa45c535ee
      cache-control:
      - no-cache
      content-length:
      - '83473'
      content-type:
      - application/json; charset=utf-8; api-version=5.0
      date:
      - Mon, 06 Sep 2021 06:48:29 GMT
      expires:
      - '-1'
      p3p:
      - CP="CAO DSP COR ADMa DEV CONo TELo CUR PSA PSD TAI IVDo OUR SAMi BUS DEM NAV
        STA UNI COM INT PHY ONL FIN PUR LOC CNT"
      pragma:
      - no-cache
      request-context:
      - appId=cid-v1:a892bfef-0287-4640-9f5e-cffc90fbcf94
      strict-transport-security:
      - max-age=31536000; includeSubDomains
      vary:
      - Accept-Encoding
      x-cache:
      - CONFIG_NOCACHE
      x-content-type-options:
      - nosniff
      x-frame-options:
      - SAMEORIGIN
      x-msedge-ref:
      - 'Ref A: D0FE52C15CB541D787ABA51F15E26DCA Ref B: BOM02EDGE0618 Ref C: 2021-09-06T06:48:30Z'
      x-tfs-processid:
      - ef62538f-27cf-4c25-a11d-5736cfdf7a74
      x-tfs-session:
      - fa01fc13-fae1-4aa7-8281-b0927f34608e
      x-vss-e2eid:
      - 5b9c4332-9fae-4b0b-9e0f-01aa45c535ee
      x-vss-senderdeploymentid:
      - ed30ce5c-9d0a-f73c-3580-4315c7f84d83
      x-vss-userdata:
      - 60a59117-a1ed-6677-ab04-b3de5aa38954:devops-cli@outlook.com
    status:
      code: 200
      message: OK
version: 1
